******************************************************************************
            TI ARM Clang Linker PC v4.0.3                      
******************************************************************************
>> Linked Mon Nov 10 14:18:17 2025

OUTPUT FILE NAME:   <PWM_PlayBuzzer_FSM.out>
ENTRY POINT SYMBOL: "_c_int00_noargs"  address: 00000dad


MEMORY CONFIGURATION

         name            origin    length      used     unused   attr    fill
----------------------  --------  ---------  --------  --------  ----  --------
  FLASH                 00000000   00020000  00000fb0  0001f050  R  X
  SRAM                  20200000   00008000  00000244  00007dbc  RW X
  BCR_CONFIG            41c00000   000000ff  00000000  000000ff  R   
  BSL_CONFIG            41c00100   00000080  00000000  00000080  R   


SEGMENT ALLOCATION MAP

run origin  load origin   length   init length attrs members
----------  ----------- ---------- ----------- ----- -------
00000000    00000000    00000fb0   00000fb0    r-x
  00000000    00000000    000000c0   000000c0    r-- .intvecs
  000000c0    000000c0    00000e88   00000e88    r-x .text
  00000f48    00000f48    00000028   00000028    r-- .rodata
  00000f70    00000f70    00000040   00000040    r-- .cinit
20200000    20200000    00000044   00000000    rw-
  20200000    20200000    00000044   00000000    rw- .data
20207e00    20207e00    00000200   00000000    rw-
  20207e00    20207e00    00000200   00000000    rw- .stack


SECTION ALLOCATION MAP

 output                                  attributes/
section   page    origin      length       input sections
--------  ----  ----------  ----------   ----------------
.intvecs   0    00000000    000000c0     
                  00000000    000000c0     startup_mspm0g350x_ticlang.o (.intvecs)

.text      0    000000c0    00000e88     
                  000000c0    00000192     libclang_rt.builtins.a : adddf3.S.obj (.text.adddf3_subdf3)
                  00000252    00000002     startup_mspm0g350x_ticlang.o (.text.Default_Handler)
                  00000254    00000184     clock.o (.text.ClockInitialization_80MHz)
                  000003d8    00000130     clock.o (.text.ClockInitialization_40MHz)
                  00000508    0000010c     libclang_rt.builtins.a : divdf3.S.obj (.text.__divdf3)
                  00000614    000000e4                            : muldf3.S.obj (.text.__muldf3)
                  000006f8    000000e0     main.o (.text.main)
                  000007d8    000000c8     bsp.o (.text.InitializeLaunchpad)
                  000008a0    000000ac     main.o (.text.OutputSong)
                  0000094c    0000009a     libc.a : memcpy16.S.obj (.text:memcpy)
                  000009e6    00000002     --HOLE-- [fill = 0]
                  000009e8    00000094     clock.o (.text.ClockInitialization_4MHz_32MHz)
                  00000a7c    00000090     MKII.o (.text.InitializeBoosterpack)
                  00000b0c    0000007c     libc.a : copy_decompress_lzss.c.obj (.text:decompress:lzss)
                  00000b88    00000060     main.o (.text.Group1CallbackFunction)
                  00000be8    00000054     timer.o (.text.InitializeTimerPWM)
                  00000c3c    00000050     timer.o (.text.InitializeTimerClock)
                  00000c8c    00000042     libclang_rt.builtins.a : fixunsdfsi.S.obj (.text.__fixunsdfsi)
                  00000cce    00000002     --HOLE-- [fill = 0]
                  00000cd0    0000003c     libc.a : autoinit.c.obj (.text:__TI_auto_init_nobinit_nopinit)
                  00000d0c    0000003a     libclang_rt.builtins.a : muldsi3.S.obj (.text.__muldsi3)
                  00000d46    00000038     main.o (.text.NextStateAlgorithm)
                  00000d7e    00000002     --HOLE-- [fill = 0]
                  00000d80    0000002c     bsp.o (.text.ActivatePortAandB)
                  00000dac    00000028     libc.a : boot_cortex_m.c.obj (.text:_c_int00_noargs)
                  00000dd4    00000024     libclang_rt.builtins.a : floatunsidf.S.obj (.text.__floatunsidf)
                  00000df8    0000001c     timer.o (.text.EnableTimer)
                  00000e14    00000014     timer.o (.text.InitializeTimerCompare)
                  00000e28    00000012     libc.a : copy_decompress_none.c.obj (.text:decompress:none)
                  00000e3a    00000002     --HOLE-- [fill = 0]
                  00000e3c    00000010     mspm0g350x_int.o (.text.GROUP1_IRQHandler)
                  00000e4c    00000010     mspm0g350x_int.o (.text.TIMG8_IRQHandler)
                  00000e5c    0000000a     clock.o (.text.ClockDelay)
                  00000e66    00000008     mspm0g350x_int.o (.text.ADC0_IRQHandler)
                  00000e6e    00000008     mspm0g350x_int.o (.text.ADC1_IRQHandler)
                  00000e76    00000008     mspm0g350x_int.o (.text.AES_IRQHandler)
                  00000e7e    00000008     mspm0g350x_int.o (.text.CANFD0_IRQHandler)
                  00000e86    00000008     mspm0g350x_int.o (.text.DAC0_IRQHandler)
                  00000e8e    00000008     mspm0g350x_int.o (.text.DMA_IRQHandler)
                  00000e96    00000008     mspm0g350x_int.o (.text.Default_Callback)
                  00000e9e    00000008     mspm0g350x_int.o (.text.GROUP0_IRQHandler)
                  00000ea6    00000008     mspm0g350x_int.o (.text.I2C0_IRQHandler)
                  00000eae    00000008     mspm0g350x_int.o (.text.I2C1_IRQHandler)
                  00000eb6    00000008     FSM_A.o (.text.OutputFunction)
                  00000ebe    00000008     mspm0g350x_int.o (.text.RTC_IRQHandler)
                  00000ec6    00000008     mspm0g350x_int.o (.text.SPI0_IRQHandler)
                  00000ece    00000008     mspm0g350x_int.o (.text.SPI1_IRQHandler)
                  00000ed6    00000008     mspm0g350x_int.o (.text.TIMA0_IRQHandler)
                  00000ede    00000008     mspm0g350x_int.o (.text.TIMA1_IRQHandler)
                  00000ee6    00000008     mspm0g350x_int.o (.text.TIMG0_IRQHandler)
                  00000eee    00000008     mspm0g350x_int.o (.text.TIMG12_IRQHandler)
                  00000ef6    00000008     mspm0g350x_int.o (.text.TIMG6_IRQHandler)
                  00000efe    00000008     mspm0g350x_int.o (.text.TIMG7_IRQHandler)
                  00000f06    00000008     mspm0g350x_int.o (.text.UART0_IRQHandler)
                  00000f0e    00000008     mspm0g350x_int.o (.text.UART1_IRQHandler)
                  00000f16    00000008     mspm0g350x_int.o (.text.UART2_IRQHandler)
                  00000f1e    00000008     mspm0g350x_int.o (.text.UART3_IRQHandler)
                  00000f26    00000002     --HOLE-- [fill = 0]
                  00000f28    00000008     libclang_rt.builtins.a : aeabi_memcpy.S.obj (.text.__aeabi_memcpy)
                  00000f30    00000006     libc.a : exit.c.obj (.text:abort)
                  00000f36    00000004     libsysbm.a : hostexit.c.obj (.text.HOSTexit)
                  00000f3a    00000004     startup_mspm0g350x_ticlang.o (.text.Reset_Handler)
                  00000f3e    00000004     libc.a : pre_init.c.obj (.text._system_pre_init)
                  00000f42    00000006     --HOLE-- [fill = 0]

.cinit     0    00000f70    00000040     
                  00000f70    0000002d     (.cinit..data.load) [load image, compression = lzss]
                  00000f9d    00000003     --HOLE-- [fill = 0]
                  00000fa0    00000008     (__TI_handler_table)
                  00000fa8    00000008     (__TI_cinit_table)

.rodata    0    00000f48    00000028     
                  00000f48    00000024     main.o (.rodata..L__const.main.LED_Pushbutton_FSM)
                  00000f6c    00000004     --HOLE-- [fill = 0]

.init_array 
*          0    00000000    00000000     UNINITIALIZED

.binit     0    00000000    00000000     

.data      0    20200000    00000044     UNINITIALIZED
                  20200000    00000020     main.o (.data.TimerA1PWMConfig)
                  20200020    0000000c     main.o (.data.TimerA1ClockConfig)
                  2020002c    00000008     main.o (.data.Group1)
                  20200034    00000008     main.o (.data.TimerA1TimerConfig)
                  2020003c    00000008     mspm0g350x_int.o (.data.TimerG8)

.stack     0    20207e00    00000200     UNINITIALIZED
                  20207e00    00000004     libc.a : boot_cortex_m.c.obj (.stack)
                  20207e04    000001fc     --HOLE--

__llvm_prf_cnts 
*          0    20200000    00000000     UNINITIALIZED

__llvm_prf_bits 
*          0    20200000    00000000     UNINITIALIZED

MODULE SUMMARY

       Module                         code   ro data   rw data
       ------                         ----   -------   -------
    .\
       main.o                         548    36        60     
       startup_mspm0g350x_ticlang.o   6      192       0      
       FSM_A.o                        8      0         0      
    +--+------------------------------+------+---------+---------+
       Total:                         562    228       60     
                                                              
    .\LP_MSPM0G3507\
       clock.o                        850    0         0      
       bsp.o                          244    0         0      
       mspm0g350x_int.o               216    0         8      
       timer.o                        212    0         0      
       MKII.o                         144    0         0      
    +--+------------------------------+------+---------+---------+
       Total:                         1666   0         8      
                                                              
    C:\Users\amosa\ti\ccs2020\ccs\tools\compiler\ti-cgt-armllvm_4.0.3.LTS\lib\armv6m-ti-none-eabi/c/libc.a
       memcpy16.S.obj                 154    0         0      
       copy_decompress_lzss.c.obj     124    0         0      
       autoinit.c.obj                 60     0         0      
       boot_cortex_m.c.obj            40     0         0      
       copy_decompress_none.c.obj     18     0         0      
       exit.c.obj                     6      0         0      
       pre_init.c.obj                 4      0         0      
    +--+------------------------------+------+---------+---------+
       Total:                         406    0         0      
                                                              
    C:\Users\amosa\ti\ccs2020\ccs\tools\compiler\ti-cgt-armllvm_4.0.3.LTS\lib\armv6m-ti-none-eabi/c/libsysbm.a
       hostexit.c.obj                 4      0         0      
    +--+------------------------------+------+---------+---------+
       Total:                         4      0         0      
                                                              
    C:\Users\amosa\ti\ccs2020\ccs\tools\compiler\ti-cgt-armllvm_4.0.3.LTS\lib\armv6m-ti-none-eabi/libclang_rt.builtins.a
       adddf3.S.obj                   402    0         0      
       divdf3.S.obj                   268    0         0      
       muldf3.S.obj                   228    0         0      
       fixunsdfsi.S.obj               66     0         0      
       muldsi3.S.obj                  58     0         0      
       floatunsidf.S.obj              36     0         0      
       aeabi_memcpy.S.obj             8      0         0      
    +--+------------------------------+------+---------+---------+
       Total:                         1066   0         0      
                                                              
       Stack:                         0      0         512    
       Linker Generated:              0      61        0      
    +--+------------------------------+------+---------+---------+
       Grand Total:                   3704   289       580    


LINKER GENERATED COPY TABLES

__TI_cinit_table @ 00000fa8 records: 1, size/record: 8, table size: 8
	.data: load addr=00000f70, load size=0000002d bytes, run addr=20200000, run size=00000044 bytes, compression=lzss


LINKER GENERATED HANDLER TABLE

__TI_handler_table @ 00000fa0 records: 2, size/record: 4, table size: 8
	index: 0, handler: __TI_decompress_lzss
	index: 1, handler: __TI_decompress_none


GLOBAL SYMBOLS: SORTED ALPHABETICALLY BY Name 

address   name                          
-------   ----                          
00000e67  ADC0_IRQHandler               
00000e6f  ADC1_IRQHandler               
00000e77  AES_IRQHandler                
00000d81  ActivatePortAandB             
00000f36  C$$EXIT                       
00000e7f  CANFD0_IRQHandler             
00000e5d  ClockDelay                    
000003d9  ClockInitialization_40MHz     
000009e9  ClockInitialization_4MHz_32MHz
00000255  ClockInitialization_80MHz     
00000e87  DAC0_IRQHandler               
00000e8f  DMA_IRQHandler                
00000e97  Default_Callback              
00000253  Default_Handler               
00000df9  EnableTimer                   
00000e9f  GROUP0_IRQHandler             
00000e3d  GROUP1_IRQHandler             
2020002c  Group1                        
00000b89  Group1CallbackFunction        
00000f37  HOSTexit                      
00000253  HardFault_Handler             
00000ea7  I2C0_IRQHandler               
00000eaf  I2C1_IRQHandler               
00000a7d  InitializeBoosterpack         
000007d9  InitializeLaunchpad           
00000c3d  InitializeTimerClock          
00000e15  InitializeTimerCompare        
00000be9  InitializeTimerPWM            
00000253  NMI_Handler                   
00000d47  NextStateAlgorithm            
00000eb7  OutputFunction                
000008a1  OutputSong                    
00000253  PendSV_Handler                
00000ebf  RTC_IRQHandler                
00000f3b  Reset_Handler                 
00000ec7  SPI0_IRQHandler               
00000ecf  SPI1_IRQHandler               
00000253  SVC_Handler                   
00000253  SysTick_Handler               
00000ed7  TIMA0_IRQHandler              
00000edf  TIMA1_IRQHandler              
00000ee7  TIMG0_IRQHandler              
00000eef  TIMG12_IRQHandler             
00000ef7  TIMG6_IRQHandler              
00000eff  TIMG7_IRQHandler              
00000e4d  TIMG8_IRQHandler              
20200020  TimerA1ClockConfig            
20200000  TimerA1PWMConfig              
20200034  TimerA1TimerConfig            
2020003c  TimerG8                       
00000f07  UART0_IRQHandler              
00000f0f  UART1_IRQHandler              
00000f17  UART2_IRQHandler              
00000f1f  UART3_IRQHandler              
20208000  __STACK_END                   
00000200  __STACK_SIZE                  
00000000  __TI_ATRegion0_region_sz      
00000000  __TI_ATRegion0_src_addr       
00000000  __TI_ATRegion0_trg_addr       
00000000  __TI_ATRegion1_region_sz      
00000000  __TI_ATRegion1_src_addr       
00000000  __TI_ATRegion1_trg_addr       
00000000  __TI_ATRegion2_region_sz      
00000000  __TI_ATRegion2_src_addr       
00000000  __TI_ATRegion2_trg_addr       
00000fa8  __TI_CINIT_Base               
00000fb0  __TI_CINIT_Limit              
00000fb0  __TI_CINIT_Warm               
00000fa0  __TI_Handler_Table_Base       
00000fa8  __TI_Handler_Table_Limit      
00000cd1  __TI_auto_init_nobinit_nopinit
00000b0d  __TI_decompress_lzss          
00000e29  __TI_decompress_none          
ffffffff  __TI_pprof_out_hndl           
ffffffff  __TI_prof_data_size           
ffffffff  __TI_prof_data_start          
00000000  __TI_static_base__            
000000cb  __adddf3                      
00000c8d  __aeabi_d2uiz                 
000000cb  __aeabi_dadd                  
00000509  __aeabi_ddiv                  
00000615  __aeabi_dmul                  
000000c1  __aeabi_dsub                  
00000f29  __aeabi_memcpy                
00000f29  __aeabi_memcpy4               
00000f29  __aeabi_memcpy8               
00000dd5  __aeabi_ui2d                  
ffffffff  __binit__                     
00000509  __divdf3                      
00000c8d  __fixunsdfsi                  
00000dd5  __floatunsidf                 
UNDEFED   __mpu_init                    
00000615  __muldf3                      
00000d0d  __muldsi3                     
20207e00  __stack                       
20200000  __start___llvm_prf_bits       
20200000  __start___llvm_prf_cnts       
20200000  __stop___llvm_prf_bits        
20200000  __stop___llvm_prf_cnts        
000000c1  __subdf3                      
00000dad  _c_int00_noargs               
UNDEFED   _system_post_cinit            
00000f3f  _system_pre_init              
00000f31  abort                         
ffffffff  binit                         
00000000  interruptVectors              
000006f9  main                          
0000094d  memcpy                        


GLOBAL SYMBOLS: SORTED BY Symbol Address 

address   name                          
-------   ----                          
00000000  __TI_ATRegion0_region_sz      
00000000  __TI_ATRegion0_src_addr       
00000000  __TI_ATRegion0_trg_addr       
00000000  __TI_ATRegion1_region_sz      
00000000  __TI_ATRegion1_src_addr       
00000000  __TI_ATRegion1_trg_addr       
00000000  __TI_ATRegion2_region_sz      
00000000  __TI_ATRegion2_src_addr       
00000000  __TI_ATRegion2_trg_addr       
00000000  __TI_static_base__            
00000000  interruptVectors              
000000c1  __aeabi_dsub                  
000000c1  __subdf3                      
000000cb  __adddf3                      
000000cb  __aeabi_dadd                  
00000200  __STACK_SIZE                  
00000253  Default_Handler               
00000253  HardFault_Handler             
00000253  NMI_Handler                   
00000253  PendSV_Handler                
00000253  SVC_Handler                   
00000253  SysTick_Handler               
00000255  ClockInitialization_80MHz     
000003d9  ClockInitialization_40MHz     
00000509  __aeabi_ddiv                  
00000509  __divdf3                      
00000615  __aeabi_dmul                  
00000615  __muldf3                      
000006f9  main                          
000007d9  InitializeLaunchpad           
000008a1  OutputSong                    
0000094d  memcpy                        
000009e9  ClockInitialization_4MHz_32MHz
00000a7d  InitializeBoosterpack         
00000b0d  __TI_decompress_lzss          
00000b89  Group1CallbackFunction        
00000be9  InitializeTimerPWM            
00000c3d  InitializeTimerClock          
00000c8d  __aeabi_d2uiz                 
00000c8d  __fixunsdfsi                  
00000cd1  __TI_auto_init_nobinit_nopinit
00000d0d  __muldsi3                     
00000d47  NextStateAlgorithm            
00000d81  ActivatePortAandB             
00000dad  _c_int00_noargs               
00000dd5  __aeabi_ui2d                  
00000dd5  __floatunsidf                 
00000df9  EnableTimer                   
00000e15  InitializeTimerCompare        
00000e29  __TI_decompress_none          
00000e3d  GROUP1_IRQHandler             
00000e4d  TIMG8_IRQHandler              
00000e5d  ClockDelay                    
00000e67  ADC0_IRQHandler               
00000e6f  ADC1_IRQHandler               
00000e77  AES_IRQHandler                
00000e7f  CANFD0_IRQHandler             
00000e87  DAC0_IRQHandler               
00000e8f  DMA_IRQHandler                
00000e97  Default_Callback              
00000e9f  GROUP0_IRQHandler             
00000ea7  I2C0_IRQHandler               
00000eaf  I2C1_IRQHandler               
00000eb7  OutputFunction                
00000ebf  RTC_IRQHandler                
00000ec7  SPI0_IRQHandler               
00000ecf  SPI1_IRQHandler               
00000ed7  TIMA0_IRQHandler              
00000edf  TIMA1_IRQHandler              
00000ee7  TIMG0_IRQHandler              
00000eef  TIMG12_IRQHandler             
00000ef7  TIMG6_IRQHandler              
00000eff  TIMG7_IRQHandler              
00000f07  UART0_IRQHandler              
00000f0f  UART1_IRQHandler              
00000f17  UART2_IRQHandler              
00000f1f  UART3_IRQHandler              
00000f29  __aeabi_memcpy                
00000f29  __aeabi_memcpy4               
00000f29  __aeabi_memcpy8               
00000f31  abort                         
00000f36  C$$EXIT                       
00000f37  HOSTexit                      
00000f3b  Reset_Handler                 
00000f3f  _system_pre_init              
00000fa0  __TI_Handler_Table_Base       
00000fa8  __TI_CINIT_Base               
00000fa8  __TI_Handler_Table_Limit      
00000fb0  __TI_CINIT_Limit              
00000fb0  __TI_CINIT_Warm               
20200000  TimerA1PWMConfig              
20200000  __start___llvm_prf_bits       
20200000  __start___llvm_prf_cnts       
20200000  __stop___llvm_prf_bits        
20200000  __stop___llvm_prf_cnts        
20200020  TimerA1ClockConfig            
2020002c  Group1                        
20200034  TimerA1TimerConfig            
2020003c  TimerG8                       
20207e00  __stack                       
20208000  __STACK_END                   
ffffffff  __TI_pprof_out_hndl           
ffffffff  __TI_prof_data_size           
ffffffff  __TI_prof_data_start          
ffffffff  __binit__                     
ffffffff  binit                         
UNDEFED   __mpu_init                    
UNDEFED   _system_post_cinit            

[108 symbols]
