<?xml version="1.0" encoding="ISO-8859-1" ?>
<link_info>
   <banner>TI ARM Clang Linker PC v4.0.3.LTS</banner>
   <copyright>Copyright (c) 1996-2018 Texas Instruments Incorporated</copyright>
   <command_line>C:\ti\ccs2020\ccs\tools\compiler\ti-cgt-armllvm_4.0.3.LTS\bin\tiarmlnk -IC:\ti\ccs2020\ccs\tools\compiler\ti-cgt-armllvm_4.0.3.LTS\lib -o PWM_PlayBuzzer_FSM.out -mPWM_PlayBuzzer_FSM.map -iC:/ti/mspm0_sdk_2_07_00_05/source -iC:/Users/perid/Intro_To_Embedded_Projects/PWM_PlayBuzzer_FSM -iC:/ti/ccs2020/ccs/tools/compiler/ti-cgt-armllvm_4.0.3.LTS/lib --diag_wrap=off --display_error_number --warn_sections --xml_link_info=PWM_PlayBuzzer_FSM_linkInfo.xml --rom_model ./FSM_A.o ./main.o ./startup_mspm0g350x_ticlang.o ./LP_MSPM0G3507/MKII.o ./LP_MSPM0G3507/bsp.o ./LP_MSPM0G3507/clock.o ./LP_MSPM0G3507/mspm0g350x_int.o ./LP_MSPM0G3507/timer.o ./LP_MSPM0G3507/uart.o ../mspm0g3507.cmd -lC:/ti/mspm0_sdk_2_07_00_05/source/ti/driverlib/lib/ticlang/m0p/mspm0g1x0x_g3x0x/driverlib.a -llibc.a --start-group -llibc++.a -llibc++abi.a -llibc.a -llibsys.a -llibsysbm.a -llibclang_rt.builtins.a -llibclang_rt.profile.a --end-group --cg_opt_level=2</command_line>
   <link_time>0x6912380c</link_time>
   <link_errors>0x0</link_errors>
   <output_file>C:\Users\perid\Intro_To_Embedded_Projects\PWM_PlayBuzzer_FSM\Debug\PWM_PlayBuzzer_FSM.out</output_file>
   <entry_point>
      <name>_c_int00_noargs</name>
      <address>0xdad</address>
   </entry_point>
   <input_file_list>
      <input_file id="fl-1">
         <path>C:\Users\perid\Intro_To_Embedded_Projects\PWM_PlayBuzzer_FSM\Debug\.\</path>
         <kind>object</kind>
         <file>FSM_A.o</file>
         <name>FSM_A.o</name>
      </input_file>
      <input_file id="fl-2">
         <path>C:\Users\perid\Intro_To_Embedded_Projects\PWM_PlayBuzzer_FSM\Debug\.\</path>
         <kind>object</kind>
         <file>main.o</file>
         <name>main.o</name>
      </input_file>
      <input_file id="fl-3">
         <path>C:\Users\perid\Intro_To_Embedded_Projects\PWM_PlayBuzzer_FSM\Debug\.\</path>
         <kind>object</kind>
         <file>startup_mspm0g350x_ticlang.o</file>
         <name>startup_mspm0g350x_ticlang.o</name>
      </input_file>
      <input_file id="fl-4">
         <path>C:\Users\perid\Intro_To_Embedded_Projects\PWM_PlayBuzzer_FSM\Debug\.\LP_MSPM0G3507\</path>
         <kind>object</kind>
         <file>MKII.o</file>
         <name>MKII.o</name>
      </input_file>
      <input_file id="fl-5">
         <path>C:\Users\perid\Intro_To_Embedded_Projects\PWM_PlayBuzzer_FSM\Debug\.\LP_MSPM0G3507\</path>
         <kind>object</kind>
         <file>bsp.o</file>
         <name>bsp.o</name>
      </input_file>
      <input_file id="fl-6">
         <path>C:\Users\perid\Intro_To_Embedded_Projects\PWM_PlayBuzzer_FSM\Debug\.\LP_MSPM0G3507\</path>
         <kind>object</kind>
         <file>clock.o</file>
         <name>clock.o</name>
      </input_file>
      <input_file id="fl-7">
         <path>C:\Users\perid\Intro_To_Embedded_Projects\PWM_PlayBuzzer_FSM\Debug\.\LP_MSPM0G3507\</path>
         <kind>object</kind>
         <file>mspm0g350x_int.o</file>
         <name>mspm0g350x_int.o</name>
      </input_file>
      <input_file id="fl-8">
         <path>C:\Users\perid\Intro_To_Embedded_Projects\PWM_PlayBuzzer_FSM\Debug\.\LP_MSPM0G3507\</path>
         <kind>object</kind>
         <file>timer.o</file>
         <name>timer.o</name>
      </input_file>
      <input_file id="fl-9">
         <path>C:\Users\perid\Intro_To_Embedded_Projects\PWM_PlayBuzzer_FSM\Debug\.\LP_MSPM0G3507\</path>
         <kind>object</kind>
         <file>uart.o</file>
         <name>uart.o</name>
      </input_file>
      <input_file id="fl-15">
         <path>C:\Users\perid\Intro_To_Embedded_Projects\PWM_PlayBuzzer_FSM\Debug\</path>
         <kind>object</kind>
         <file>&lt;internal&gt;</file>
         <name>&lt;internal&gt;</name>
      </input_file>
      <input_file id="fl-2c">
         <path>C:\ti\ccs2020\ccs\tools\compiler\ti-cgt-armllvm_4.0.3.LTS\lib\armv6m-ti-none-eabi\c\</path>
         <kind>archive</kind>
         <file>libc.a</file>
         <name>boot_cortex_m.c.obj</name>
      </input_file>
      <input_file id="fl-2d">
         <path>C:\ti\ccs2020\ccs\tools\compiler\ti-cgt-armllvm_4.0.3.LTS\lib\armv6m-ti-none-eabi\c\</path>
         <kind>archive</kind>
         <file>libc.a</file>
         <name>mathacl_init.c.obj</name>
      </input_file>
      <input_file id="fl-2e">
         <path>C:\ti\ccs2020\ccs\tools\compiler\ti-cgt-armllvm_4.0.3.LTS\lib\armv6m-ti-none-eabi\c\</path>
         <kind>archive</kind>
         <file>libc.a</file>
         <name>autoinit.c.obj</name>
      </input_file>
      <input_file id="fl-2f">
         <path>C:\ti\ccs2020\ccs\tools\compiler\ti-cgt-armllvm_4.0.3.LTS\lib\armv6m-ti-none-eabi\c\</path>
         <kind>archive</kind>
         <file>libc.a</file>
         <name>pre_init.c.obj</name>
      </input_file>
      <input_file id="fl-30">
         <path>C:\ti\ccs2020\ccs\tools\compiler\ti-cgt-armllvm_4.0.3.LTS\lib\armv6m-ti-none-eabi\c\</path>
         <kind>archive</kind>
         <file>libc.a</file>
         <name>cpy_tbl.c.obj</name>
      </input_file>
      <input_file id="fl-31">
         <path>C:\ti\ccs2020\ccs\tools\compiler\ti-cgt-armllvm_4.0.3.LTS\lib\armv6m-ti-none-eabi\c\</path>
         <kind>archive</kind>
         <file>libc.a</file>
         <name>copy_zero_init.c.obj</name>
      </input_file>
      <input_file id="fl-32">
         <path>C:\ti\ccs2020\ccs\tools\compiler\ti-cgt-armllvm_4.0.3.LTS\lib\armv6m-ti-none-eabi\c\</path>
         <kind>archive</kind>
         <file>libc.a</file>
         <name>copy_decompress_none.c.obj</name>
      </input_file>
      <input_file id="fl-33">
         <path>C:\ti\ccs2020\ccs\tools\compiler\ti-cgt-armllvm_4.0.3.LTS\lib\armv6m-ti-none-eabi\c\</path>
         <kind>archive</kind>
         <file>libc.a</file>
         <name>copy_decompress_lzss.c.obj</name>
      </input_file>
      <input_file id="fl-34">
         <path>C:\ti\ccs2020\ccs\tools\compiler\ti-cgt-armllvm_4.0.3.LTS\lib\armv6m-ti-none-eabi\c\</path>
         <kind>archive</kind>
         <file>libc.a</file>
         <name>exit.c.obj</name>
      </input_file>
      <input_file id="fl-35">
         <path>C:\ti\ccs2020\ccs\tools\compiler\ti-cgt-armllvm_4.0.3.LTS\lib\armv6m-ti-none-eabi\c\</path>
         <kind>archive</kind>
         <file>libc.a</file>
         <name>_lock.c.obj</name>
      </input_file>
      <input_file id="fl-36">
         <path>C:\ti\ccs2020\ccs\tools\compiler\ti-cgt-armllvm_4.0.3.LTS\lib\armv6m-ti-none-eabi\c\</path>
         <kind>archive</kind>
         <file>libc.a</file>
         <name>args_main.c.obj</name>
      </input_file>
      <input_file id="fl-d6">
         <path>C:\ti\ccs2020\ccs\tools\compiler\ti-cgt-armllvm_4.0.3.LTS\lib\armv6m-ti-none-eabi\c\</path>
         <kind>archive</kind>
         <file>libsysbm.a</file>
         <name>hostexit.c.obj</name>
      </input_file>
      <input_file id="fl-d7">
         <path>C:\ti\ccs2020\ccs\tools\compiler\ti-cgt-armllvm_4.0.3.LTS\lib\armv6m-ti-none-eabi\</path>
         <kind>archive</kind>
         <file>libclang_rt.builtins.a</file>
         <name>adddf3.S.obj</name>
      </input_file>
      <input_file id="fl-d8">
         <path>C:\ti\ccs2020\ccs\tools\compiler\ti-cgt-armllvm_4.0.3.LTS\lib\armv6m-ti-none-eabi\</path>
         <kind>archive</kind>
         <file>libclang_rt.builtins.a</file>
         <name>muldf3.S.obj</name>
      </input_file>
      <input_file id="fl-d9">
         <path>C:\ti\ccs2020\ccs\tools\compiler\ti-cgt-armllvm_4.0.3.LTS\lib\armv6m-ti-none-eabi\</path>
         <kind>archive</kind>
         <file>libclang_rt.builtins.a</file>
         <name>muldsi3.S.obj</name>
      </input_file>
      <input_file id="fl-da">
         <path>C:\ti\ccs2020\ccs\tools\compiler\ti-cgt-armllvm_4.0.3.LTS\lib\armv6m-ti-none-eabi\</path>
         <kind>archive</kind>
         <file>libclang_rt.builtins.a</file>
         <name>divdf3.S.obj</name>
      </input_file>
      <input_file id="fl-db">
         <path>C:\ti\ccs2020\ccs\tools\compiler\ti-cgt-armllvm_4.0.3.LTS\lib\armv6m-ti-none-eabi\</path>
         <kind>archive</kind>
         <file>libclang_rt.builtins.a</file>
         <name>fixunsdfsi.S.obj</name>
      </input_file>
      <input_file id="fl-dc">
         <path>C:\ti\ccs2020\ccs\tools\compiler\ti-cgt-armllvm_4.0.3.LTS\lib\armv6m-ti-none-eabi\</path>
         <kind>archive</kind>
         <file>libclang_rt.builtins.a</file>
         <name>floatunsidf.S.obj</name>
      </input_file>
      <input_file id="fl-dd">
         <path>C:\ti\ccs2020\ccs\tools\compiler\ti-cgt-armllvm_4.0.3.LTS\lib\armv6m-ti-none-eabi\</path>
         <kind>archive</kind>
         <file>libclang_rt.builtins.a</file>
         <name>aeabi_memcpy.S.obj</name>
      </input_file>
      <input_file id="fl-de">
         <path>C:\ti\ccs2020\ccs\tools\compiler\ti-cgt-armllvm_4.0.3.LTS\lib\armv6m-ti-none-eabi\</path>
         <kind>archive</kind>
         <file>libclang_rt.builtins.a</file>
         <name>aeabi_memset.S.obj</name>
      </input_file>
      <input_file id="fl-df">
         <path>C:\ti\ccs2020\ccs\tools\compiler\ti-cgt-armllvm_4.0.3.LTS\lib\armv6m-ti-none-eabi\</path>
         <kind>archive</kind>
         <file>libclang_rt.builtins.a</file>
         <name>aeabi_uidivmod.S.obj</name>
      </input_file>
      <input_file id="fl-e0">
         <path>C:\ti\ccs2020\ccs\tools\compiler\ti-cgt-armllvm_4.0.3.LTS\lib\armv6m-ti-none-eabi\</path>
         <kind>archive</kind>
         <file>libclang_rt.builtins.a</file>
         <name>aeabi_div0.c.obj</name>
      </input_file>
      <input_file id="fl-e1">
         <path>C:\ti\ccs2020\ccs\tools\compiler\ti-cgt-armllvm_4.0.3.LTS\lib\armv6m-ti-none-eabi\c\</path>
         <kind>archive</kind>
         <file>libc.a</file>
         <name>memcpy16.S.obj</name>
      </input_file>
      <input_file id="fl-e2">
         <path>C:\ti\ccs2020\ccs\tools\compiler\ti-cgt-armllvm_4.0.3.LTS\lib\armv6m-ti-none-eabi\c\</path>
         <kind>archive</kind>
         <file>libc.a</file>
         <name>memset16.S.obj</name>
      </input_file>
   </input_file_list>
   <object_component_list>
      <object_component id="oc-18">
         <name>.intvecs</name>
         <load_address>0x0</load_address>
         <readonly>true</readonly>
         <run_address>0x0</run_address>
         <size>0xc0</size>
         <alignment>0x4</alignment>
         <input_file_ref idref="fl-3"/>
      </object_component>
      <object_component id="oc-108">
         <name>.text.adddf3_subdf3</name>
         <load_address>0xc0</load_address>
         <readonly>true</readonly>
         <executable>true</executable>
         <run_address>0xc0</run_address>
         <size>0x192</size>
         <alignment>0x4</alignment>
         <input_file_ref idref="fl-d7"/>
      </object_component>
      <object_component id="oc-33">
         <name>.text.Default_Handler</name>
         <load_address>0x252</load_address>
         <readonly>true</readonly>
         <executable>true</executable>
         <run_address>0x252</run_address>
         <size>0x2</size>
         <alignment>0x2</alignment>
         <input_file_ref idref="fl-3"/>
      </object_component>
      <object_component id="oc-e8">
         <name>.text.ClockInitialization_80MHz</name>
         <load_address>0x254</load_address>
         <readonly>true</readonly>
         <executable>true</executable>
         <run_address>0x254</run_address>
         <size>0x184</size>
         <alignment>0x4</alignment>
         <input_file_ref idref="fl-6"/>
      </object_component>
      <object_component id="oc-e6">
         <name>.text.ClockInitialization_40MHz</name>
         <load_address>0x3d8</load_address>
         <readonly>true</readonly>
         <executable>true</executable>
         <run_address>0x3d8</run_address>
         <size>0x130</size>
         <alignment>0x4</alignment>
         <input_file_ref idref="fl-6"/>
      </object_component>
      <object_component id="oc-110">
         <name>.text.__divdf3</name>
         <load_address>0x508</load_address>
         <readonly>true</readonly>
         <executable>true</executable>
         <run_address>0x508</run_address>
         <size>0x10c</size>
         <alignment>0x4</alignment>
         <input_file_ref idref="fl-da"/>
      </object_component>
      <object_component id="oc-10c">
         <name>.text.__muldf3</name>
         <load_address>0x614</load_address>
         <readonly>true</readonly>
         <executable>true</executable>
         <run_address>0x614</run_address>
         <size>0xe4</size>
         <alignment>0x4</alignment>
         <input_file_ref idref="fl-d8"/>
      </object_component>
      <object_component id="oc-84">
         <name>.text.main</name>
         <load_address>0x6f8</load_address>
         <readonly>true</readonly>
         <executable>true</executable>
         <run_address>0x6f8</run_address>
         <size>0xe0</size>
         <alignment>0x4</alignment>
         <input_file_ref idref="fl-2"/>
      </object_component>
      <object_component id="oc-a1">
         <name>.text.InitializeLaunchpad</name>
         <load_address>0x7d8</load_address>
         <readonly>true</readonly>
         <executable>true</executable>
         <run_address>0x7d8</run_address>
         <size>0xc8</size>
         <alignment>0x4</alignment>
         <input_file_ref idref="fl-5"/>
      </object_component>
      <object_component id="oc-d9">
         <name>.text.OutputSong</name>
         <load_address>0x8a0</load_address>
         <readonly>true</readonly>
         <executable>true</executable>
         <run_address>0x8a0</run_address>
         <size>0xac</size>
         <alignment>0x4</alignment>
         <input_file_ref idref="fl-2"/>
      </object_component>
      <object_component id="oc-9c">
         <name>.text:memcpy</name>
         <load_address>0x94c</load_address>
         <readonly>true</readonly>
         <executable>true</executable>
         <run_address>0x94c</run_address>
         <size>0x9a</size>
         <alignment>0x1</alignment>
         <input_file_ref idref="fl-e1"/>
      </object_component>
      <object_component id="oc-e9">
         <name>.text.ClockInitialization_4MHz_32MHz</name>
         <load_address>0x9e8</load_address>
         <readonly>true</readonly>
         <executable>true</executable>
         <run_address>0x9e8</run_address>
         <size>0x94</size>
         <alignment>0x4</alignment>
         <input_file_ref idref="fl-6"/>
      </object_component>
      <object_component id="oc-a7">
         <name>.text.InitializeBoosterpack</name>
         <load_address>0xa7c</load_address>
         <readonly>true</readonly>
         <executable>true</executable>
         <run_address>0xa7c</run_address>
         <size>0x90</size>
         <alignment>0x4</alignment>
         <input_file_ref idref="fl-4"/>
      </object_component>
      <object_component id="oc-1c">
         <name>.text:decompress:lzss</name>
         <load_address>0xb0c</load_address>
         <readonly>true</readonly>
         <executable>true</executable>
         <run_address>0xb0c</run_address>
         <size>0x7c</size>
         <alignment>0x4</alignment>
         <input_file_ref idref="fl-33"/>
      </object_component>
      <object_component id="oc-92">
         <name>.text.Group1CallbackFunction</name>
         <load_address>0xb88</load_address>
         <readonly>true</readonly>
         <executable>true</executable>
         <run_address>0xb88</run_address>
         <size>0x60</size>
         <alignment>0x4</alignment>
         <input_file_ref idref="fl-2"/>
      </object_component>
      <object_component id="oc-b4">
         <name>.text.InitializeTimerPWM</name>
         <load_address>0xbe8</load_address>
         <readonly>true</readonly>
         <executable>true</executable>
         <run_address>0xbe8</run_address>
         <size>0x54</size>
         <alignment>0x4</alignment>
         <input_file_ref idref="fl-8"/>
      </object_component>
      <object_component id="oc-ad">
         <name>.text.InitializeTimerClock</name>
         <load_address>0xc3c</load_address>
         <readonly>true</readonly>
         <executable>true</executable>
         <run_address>0xc3c</run_address>
         <size>0x50</size>
         <alignment>0x4</alignment>
         <input_file_ref idref="fl-8"/>
      </object_component>
      <object_component id="oc-114">
         <name>.text.__fixunsdfsi</name>
         <load_address>0xc8c</load_address>
         <readonly>true</readonly>
         <executable>true</executable>
         <run_address>0xc8c</run_address>
         <size>0x42</size>
         <alignment>0x4</alignment>
         <input_file_ref idref="fl-db"/>
      </object_component>
      <object_component id="oc-c7">
         <name>.text:__TI_auto_init_nobinit_nopinit</name>
         <load_address>0xcd0</load_address>
         <readonly>true</readonly>
         <executable>true</executable>
         <run_address>0xcd0</run_address>
         <size>0x3c</size>
         <alignment>0x4</alignment>
         <input_file_ref idref="fl-2e"/>
      </object_component>
      <object_component id="oc-128">
         <name>.text.__muldsi3</name>
         <load_address>0xd0c</load_address>
         <readonly>true</readonly>
         <executable>true</executable>
         <run_address>0xd0c</run_address>
         <size>0x3a</size>
         <alignment>0x4</alignment>
         <input_file_ref idref="fl-d9"/>
      </object_component>
      <object_component id="oc-f3">
         <name>.text.NextStateAlgorithm</name>
         <load_address>0xd46</load_address>
         <readonly>true</readonly>
         <executable>true</executable>
         <run_address>0xd46</run_address>
         <size>0x38</size>
         <alignment>0x2</alignment>
         <input_file_ref idref="fl-2"/>
      </object_component>
      <object_component id="oc-ec">
         <name>.text.ActivatePortAandB</name>
         <load_address>0xd80</load_address>
         <readonly>true</readonly>
         <executable>true</executable>
         <run_address>0xd80</run_address>
         <size>0x2c</size>
         <alignment>0x4</alignment>
         <input_file_ref idref="fl-5"/>
      </object_component>
      <object_component id="oc-6b">
         <name>.text:_c_int00_noargs</name>
         <load_address>0xdac</load_address>
         <readonly>true</readonly>
         <executable>true</executable>
         <run_address>0xdac</run_address>
         <size>0x28</size>
         <alignment>0x4</alignment>
         <input_file_ref idref="fl-2c"/>
      </object_component>
      <object_component id="oc-104">
         <name>.text.__floatunsidf</name>
         <load_address>0xdd4</load_address>
         <readonly>true</readonly>
         <executable>true</executable>
         <run_address>0xdd4</run_address>
         <size>0x24</size>
         <alignment>0x4</alignment>
         <input_file_ref idref="fl-dc"/>
      </object_component>
      <object_component id="oc-b5">
         <name>.text.EnableTimer</name>
         <load_address>0xdf8</load_address>
         <readonly>true</readonly>
         <executable>true</executable>
         <run_address>0xdf8</run_address>
         <size>0x1c</size>
         <alignment>0x4</alignment>
         <input_file_ref idref="fl-8"/>
      </object_component>
      <object_component id="oc-b3">
         <name>.text.InitializeTimerCompare</name>
         <load_address>0xe14</load_address>
         <readonly>true</readonly>
         <executable>true</executable>
         <run_address>0xe14</run_address>
         <size>0x14</size>
         <alignment>0x4</alignment>
         <input_file_ref idref="fl-8"/>
      </object_component>
      <object_component id="oc-20">
         <name>.text:decompress:none</name>
         <load_address>0xe28</load_address>
         <readonly>true</readonly>
         <executable>true</executable>
         <run_address>0xe28</run_address>
         <size>0x12</size>
         <alignment>0x2</alignment>
         <input_file_ref idref="fl-32"/>
      </object_component>
      <object_component id="oc-39">
         <name>.text.GROUP1_IRQHandler</name>
         <load_address>0xe3c</load_address>
         <readonly>true</readonly>
         <executable>true</executable>
         <run_address>0xe3c</run_address>
         <size>0x10</size>
         <alignment>0x4</alignment>
         <input_file_ref idref="fl-7"/>
      </object_component>
      <object_component id="oc-3a">
         <name>.text.TIMG8_IRQHandler</name>
         <load_address>0xe4c</load_address>
         <readonly>true</readonly>
         <executable>true</executable>
         <run_address>0xe4c</run_address>
         <size>0x10</size>
         <alignment>0x4</alignment>
         <input_file_ref idref="fl-7"/>
      </object_component>
      <object_component id="oc-e1">
         <name>.text.ClockDelay</name>
         <load_address>0xe5c</load_address>
         <readonly>true</readonly>
         <executable>true</executable>
         <run_address>0xe5c</run_address>
         <size>0xa</size>
         <alignment>0x2</alignment>
         <input_file_ref idref="fl-6"/>
      </object_component>
      <object_component id="oc-3c">
         <name>.text.ADC0_IRQHandler</name>
         <load_address>0xe66</load_address>
         <readonly>true</readonly>
         <executable>true</executable>
         <run_address>0xe66</run_address>
         <size>0x8</size>
         <alignment>0x2</alignment>
         <input_file_ref idref="fl-7"/>
      </object_component>
      <object_component id="oc-3d">
         <name>.text.ADC1_IRQHandler</name>
         <load_address>0xe6e</load_address>
         <readonly>true</readonly>
         <executable>true</executable>
         <run_address>0xe6e</run_address>
         <size>0x8</size>
         <alignment>0x2</alignment>
         <input_file_ref idref="fl-7"/>
      </object_component>
      <object_component id="oc-4d">
         <name>.text.AES_IRQHandler</name>
         <load_address>0xe76</load_address>
         <readonly>true</readonly>
         <executable>true</executable>
         <run_address>0xe76</run_address>
         <size>0x8</size>
         <alignment>0x2</alignment>
         <input_file_ref idref="fl-7"/>
      </object_component>
      <object_component id="oc-3e">
         <name>.text.CANFD0_IRQHandler</name>
         <load_address>0xe7e</load_address>
         <readonly>true</readonly>
         <executable>true</executable>
         <run_address>0xe7e</run_address>
         <size>0x8</size>
         <alignment>0x2</alignment>
         <input_file_ref idref="fl-7"/>
      </object_component>
      <object_component id="oc-3f">
         <name>.text.DAC0_IRQHandler</name>
         <load_address>0xe86</load_address>
         <readonly>true</readonly>
         <executable>true</executable>
         <run_address>0xe86</run_address>
         <size>0x8</size>
         <alignment>0x2</alignment>
         <input_file_ref idref="fl-7"/>
      </object_component>
      <object_component id="oc-4f">
         <name>.text.DMA_IRQHandler</name>
         <load_address>0xe8e</load_address>
         <readonly>true</readonly>
         <executable>true</executable>
         <run_address>0xe8e</run_address>
         <size>0x8</size>
         <alignment>0x2</alignment>
         <input_file_ref idref="fl-7"/>
      </object_component>
      <object_component id="oc-96">
         <name>.text.Default_Callback</name>
         <load_address>0xe96</load_address>
         <readonly>true</readonly>
         <executable>true</executable>
         <run_address>0xe96</run_address>
         <size>0x8</size>
         <alignment>0x2</alignment>
         <input_file_ref idref="fl-7"/>
      </object_component>
      <object_component id="oc-34">
         <name>.text.GROUP0_IRQHandler</name>
         <load_address>0xe9e</load_address>
         <readonly>true</readonly>
         <executable>true</executable>
         <run_address>0xe9e</run_address>
         <size>0x8</size>
         <alignment>0x2</alignment>
         <input_file_ref idref="fl-7"/>
      </object_component>
      <object_component id="oc-4b">
         <name>.text.I2C0_IRQHandler</name>
         <load_address>0xea6</load_address>
         <readonly>true</readonly>
         <executable>true</executable>
         <run_address>0xea6</run_address>
         <size>0x8</size>
         <alignment>0x2</alignment>
         <input_file_ref idref="fl-7"/>
      </object_component>
      <object_component id="oc-4c">
         <name>.text.I2C1_IRQHandler</name>
         <load_address>0xeae</load_address>
         <readonly>true</readonly>
         <executable>true</executable>
         <run_address>0xeae</run_address>
         <size>0x8</size>
         <alignment>0x2</alignment>
         <input_file_ref idref="fl-7"/>
      </object_component>
      <object_component id="oc-b6">
         <name>.text.OutputFunction</name>
         <load_address>0xeb6</load_address>
         <readonly>true</readonly>
         <executable>true</executable>
         <run_address>0xeb6</run_address>
         <size>0x8</size>
         <alignment>0x2</alignment>
         <input_file_ref idref="fl-1"/>
      </object_component>
      <object_component id="oc-4e">
         <name>.text.RTC_IRQHandler</name>
         <load_address>0xebe</load_address>
         <readonly>true</readonly>
         <executable>true</executable>
         <run_address>0xebe</run_address>
         <size>0x8</size>
         <alignment>0x2</alignment>
         <input_file_ref idref="fl-7"/>
      </object_component>
      <object_component id="oc-40">
         <name>.text.SPI0_IRQHandler</name>
         <load_address>0xec6</load_address>
         <readonly>true</readonly>
         <executable>true</executable>
         <run_address>0xec6</run_address>
         <size>0x8</size>
         <alignment>0x2</alignment>
         <input_file_ref idref="fl-7"/>
      </object_component>
      <object_component id="oc-41">
         <name>.text.SPI1_IRQHandler</name>
         <load_address>0xece</load_address>
         <readonly>true</readonly>
         <executable>true</executable>
         <run_address>0xece</run_address>
         <size>0x8</size>
         <alignment>0x2</alignment>
         <input_file_ref idref="fl-7"/>
      </object_component>
      <object_component id="oc-47">
         <name>.text.TIMA0_IRQHandler</name>
         <load_address>0xed6</load_address>
         <readonly>true</readonly>
         <executable>true</executable>
         <run_address>0xed6</run_address>
         <size>0x8</size>
         <alignment>0x2</alignment>
         <input_file_ref idref="fl-7"/>
      </object_component>
      <object_component id="oc-48">
         <name>.text.TIMA1_IRQHandler</name>
         <load_address>0xede</load_address>
         <readonly>true</readonly>
         <executable>true</executable>
         <run_address>0xede</run_address>
         <size>0x8</size>
         <alignment>0x2</alignment>
         <input_file_ref idref="fl-7"/>
      </object_component>
      <object_component id="oc-45">
         <name>.text.TIMG0_IRQHandler</name>
         <load_address>0xee6</load_address>
         <readonly>true</readonly>
         <executable>true</executable>
         <run_address>0xee6</run_address>
         <size>0x8</size>
         <alignment>0x2</alignment>
         <input_file_ref idref="fl-7"/>
      </object_component>
      <object_component id="oc-4a">
         <name>.text.TIMG12_IRQHandler</name>
         <load_address>0xeee</load_address>
         <readonly>true</readonly>
         <executable>true</executable>
         <run_address>0xeee</run_address>
         <size>0x8</size>
         <alignment>0x2</alignment>
         <input_file_ref idref="fl-7"/>
      </object_component>
      <object_component id="oc-46">
         <name>.text.TIMG6_IRQHandler</name>
         <load_address>0xef6</load_address>
         <readonly>true</readonly>
         <executable>true</executable>
         <run_address>0xef6</run_address>
         <size>0x8</size>
         <alignment>0x2</alignment>
         <input_file_ref idref="fl-7"/>
      </object_component>
      <object_component id="oc-49">
         <name>.text.TIMG7_IRQHandler</name>
         <load_address>0xefe</load_address>
         <readonly>true</readonly>
         <executable>true</executable>
         <run_address>0xefe</run_address>
         <size>0x8</size>
         <alignment>0x2</alignment>
         <input_file_ref idref="fl-7"/>
      </object_component>
      <object_component id="oc-44">
         <name>.text.UART0_IRQHandler</name>
         <load_address>0xf06</load_address>
         <readonly>true</readonly>
         <executable>true</executable>
         <run_address>0xf06</run_address>
         <size>0x8</size>
         <alignment>0x2</alignment>
         <input_file_ref idref="fl-7"/>
      </object_component>
      <object_component id="oc-42">
         <name>.text.UART1_IRQHandler</name>
         <load_address>0xf0e</load_address>
         <readonly>true</readonly>
         <executable>true</executable>
         <run_address>0xf0e</run_address>
         <size>0x8</size>
         <alignment>0x2</alignment>
         <input_file_ref idref="fl-7"/>
      </object_component>
      <object_component id="oc-43">
         <name>.text.UART2_IRQHandler</name>
         <load_address>0xf16</load_address>
         <readonly>true</readonly>
         <executable>true</executable>
         <run_address>0xf16</run_address>
         <size>0x8</size>
         <alignment>0x2</alignment>
         <input_file_ref idref="fl-7"/>
      </object_component>
      <object_component id="oc-3b">
         <name>.text.UART3_IRQHandler</name>
         <load_address>0xf1e</load_address>
         <readonly>true</readonly>
         <executable>true</executable>
         <run_address>0xf1e</run_address>
         <size>0x8</size>
         <alignment>0x2</alignment>
         <input_file_ref idref="fl-7"/>
      </object_component>
      <object_component id="oc-5b">
         <name>.text.__aeabi_memcpy</name>
         <load_address>0xf28</load_address>
         <readonly>true</readonly>
         <executable>true</executable>
         <run_address>0xf28</run_address>
         <size>0x8</size>
         <alignment>0x4</alignment>
         <input_file_ref idref="fl-dd"/>
      </object_component>
      <object_component id="oc-c0">
         <name>.text:abort</name>
         <load_address>0xf30</load_address>
         <readonly>true</readonly>
         <executable>true</executable>
         <run_address>0xf30</run_address>
         <size>0x6</size>
         <alignment>0x2</alignment>
         <input_file_ref idref="fl-34"/>
      </object_component>
      <object_component id="oc-f4">
         <name>.text.HOSTexit</name>
         <load_address>0xf36</load_address>
         <readonly>true</readonly>
         <executable>true</executable>
         <run_address>0xf36</run_address>
         <size>0x4</size>
         <alignment>0x2</alignment>
         <input_file_ref idref="fl-d6"/>
      </object_component>
      <object_component id="oc-2f">
         <name>.text.Reset_Handler</name>
         <load_address>0xf3a</load_address>
         <readonly>true</readonly>
         <executable>true</executable>
         <run_address>0xf3a</run_address>
         <size>0x4</size>
         <alignment>0x2</alignment>
         <input_file_ref idref="fl-3"/>
      </object_component>
      <object_component id="oc-80">
         <name>.text._system_pre_init</name>
         <load_address>0xf3e</load_address>
         <readonly>true</readonly>
         <executable>true</executable>
         <run_address>0xf3e</run_address>
         <size>0x4</size>
         <alignment>0x2</alignment>
         <input_file_ref idref="fl-2f"/>
      </object_component>
      <object_component id="oc-171">
         <name>.cinit..data.load</name>
         <load_address>0xf70</load_address>
         <readonly>true</readonly>
         <run_address>0xf70</run_address>
         <size>0x2d</size>
         <alignment>0x1</alignment>
      </object_component>
      <object_component id="oc-16f">
         <name>__TI_handler_table</name>
         <load_address>0xfa0</load_address>
         <readonly>true</readonly>
         <run_address>0xfa0</run_address>
         <size>0x8</size>
         <alignment>0x4</alignment>
      </object_component>
      <object_component id="oc-170">
         <name>__TI_cinit_table</name>
         <load_address>0xfa8</load_address>
         <readonly>true</readonly>
         <run_address>0xfa8</run_address>
         <size>0x8</size>
         <alignment>0x4</alignment>
      </object_component>
      <object_component id="oc-bc">
         <name>.rodata..L__const.main.LED_Pushbutton_FSM</name>
         <load_address>0xf48</load_address>
         <readonly>true</readonly>
         <run_address>0xf48</run_address>
         <size>0x24</size>
         <alignment>0x4</alignment>
         <input_file_ref idref="fl-2"/>
      </object_component>
      <object_component id="oc-139">
         <name>.binit</name>
         <load_address>0x0</load_address>
         <readonly>true</readonly>
         <run_address>0x0</run_address>
         <size>0x0</size>
         <alignment>0x4</alignment>
      </object_component>
      <object_component id="oc-74">
         <name>.data.Group1</name>
         <load_address>0x2020002c</load_address>
         <readwrite>true</readwrite>
         <run_address>0x2020002c</run_address>
         <size>0x8</size>
         <alignment>0x4</alignment>
         <input_file_ref idref="fl-2"/>
      </object_component>
      <object_component id="oc-bd">
         <name>.data.TimerA1ClockConfig</name>
         <load_address>0x20200020</load_address>
         <readwrite>true</readwrite>
         <run_address>0x20200020</run_address>
         <size>0xc</size>
         <alignment>0x4</alignment>
         <input_file_ref idref="fl-2"/>
      </object_component>
      <object_component id="oc-be">
         <name>.data.TimerA1TimerConfig</name>
         <load_address>0x20200034</load_address>
         <readwrite>true</readwrite>
         <run_address>0x20200034</run_address>
         <size>0x8</size>
         <alignment>0x4</alignment>
         <input_file_ref idref="fl-2"/>
      </object_component>
      <object_component id="oc-bf">
         <name>.data.TimerA1PWMConfig</name>
         <load_address>0x20200000</load_address>
         <readwrite>true</readwrite>
         <run_address>0x20200000</run_address>
         <size>0x20</size>
         <alignment>0x4</alignment>
         <input_file_ref idref="fl-2"/>
      </object_component>
      <object_component id="oc-76">
         <name>.data.TimerG8</name>
         <load_address>0x2020003c</load_address>
         <readwrite>true</readwrite>
         <run_address>0x2020003c</run_address>
         <size>0x8</size>
         <alignment>0x4</alignment>
         <input_file_ref idref="fl-7"/>
      </object_component>
      <object_component id="oc-1a">
         <name>.stack</name>
         <uninitialized>true</uninitialized>
         <readwrite>true</readwrite>
         <run_address>0x20207e00</run_address>
         <size>0x4</size>
         <alignment>0x4</alignment>
         <input_file_ref idref="fl-2c"/>
      </object_component>
      <object_component id="oc-173">
         <name>.stack</name>
         <uninitialized>true</uninitialized>
         <readwrite>true</readwrite>
         <run_address>0x20207e00</run_address>
         <size>0x0</size>
         <alignment>0x8</alignment>
      </object_component>
      <object_component id="oc-b7">
         <name>.debug_loc</name>
         <load_address>0x0</load_address>
         <run_address>0x0</run_address>
         <size>0xa1</size>
         <alignment>0x1</alignment>
         <input_file_ref idref="fl-1"/>
      </object_component>
      <object_component id="oc-93">
         <name>.debug_loc</name>
         <load_address>0xa1</load_address>
         <run_address>0xa1</run_address>
         <size>0x1da</size>
         <alignment>0x1</alignment>
         <input_file_ref idref="fl-2"/>
      </object_component>
      <object_component id="oc-a8">
         <name>.debug_loc</name>
         <load_address>0x27b</load_address>
         <run_address>0x27b</run_address>
         <size>0x5c</size>
         <alignment>0x1</alignment>
         <input_file_ref idref="fl-4"/>
      </object_component>
      <object_component id="oc-a3">
         <name>.debug_loc</name>
         <load_address>0x2d7</load_address>
         <run_address>0x2d7</run_address>
         <size>0x72</size>
         <alignment>0x1</alignment>
         <input_file_ref idref="fl-5"/>
      </object_component>
      <object_component id="oc-e7">
         <name>.debug_loc</name>
         <load_address>0x349</load_address>
         <run_address>0x349</run_address>
         <size>0x2b3</size>
         <alignment>0x1</alignment>
         <input_file_ref idref="fl-6"/>
      </object_component>
      <object_component id="oc-af">
         <name>.debug_loc</name>
         <load_address>0x5fc</load_address>
         <run_address>0x5fc</run_address>
         <size>0x222</size>
         <alignment>0x1</alignment>
         <input_file_ref idref="fl-8"/>
      </object_component>
      <object_component id="oc-56">
         <name>.debug_loc</name>
         <load_address>0x81e</load_address>
         <run_address>0x81e</run_address>
         <size>0xd8</size>
         <alignment>0x1</alignment>
         <input_file_ref idref="fl-2c"/>
      </object_component>
      <object_component id="oc-c8">
         <name>.debug_loc</name>
         <load_address>0x8f6</load_address>
         <run_address>0x8f6</run_address>
         <size>0x424</size>
         <alignment>0x1</alignment>
         <input_file_ref idref="fl-2e"/>
      </object_component>
      <object_component id="oc-61">
         <name>.debug_loc</name>
         <load_address>0xd1a</load_address>
         <run_address>0xd1a</run_address>
         <size>0x6f</size>
         <alignment>0x1</alignment>
         <input_file_ref idref="fl-32"/>
      </object_component>
      <object_component id="oc-59">
         <name>.debug_loc</name>
         <load_address>0xd89</load_address>
         <run_address>0xd89</run_address>
         <size>0x167</size>
         <alignment>0x1</alignment>
         <input_file_ref idref="fl-33"/>
      </object_component>
      <object_component id="oc-c6">
         <name>.debug_loc</name>
         <load_address>0xef0</load_address>
         <run_address>0xef0</run_address>
         <size>0x26</size>
         <alignment>0x1</alignment>
         <input_file_ref idref="fl-34"/>
      </object_component>
      <object_component id="oc-f1">
         <name>.debug_abbrev</name>
         <load_address>0x0</load_address>
         <run_address>0x0</run_address>
         <size>0xde</size>
         <alignment>0x1</alignment>
         <input_file_ref idref="fl-1"/>
      </object_component>
      <object_component id="oc-94">
         <name>.debug_abbrev</name>
         <load_address>0xde</load_address>
         <run_address>0xde</run_address>
         <size>0x267</size>
         <alignment>0x1</alignment>
         <input_file_ref idref="fl-2"/>
      </object_component>
      <object_component id="oc-50">
         <name>.debug_abbrev</name>
         <load_address>0x345</load_address>
         <run_address>0x345</run_address>
         <size>0x6d</size>
         <alignment>0x1</alignment>
         <input_file_ref idref="fl-3"/>
      </object_component>
      <object_component id="oc-ed">
         <name>.debug_abbrev</name>
         <load_address>0x3b2</load_address>
         <run_address>0x3b2</run_address>
         <size>0x13d</size>
         <alignment>0x1</alignment>
         <input_file_ref idref="fl-4"/>
      </object_component>
      <object_component id="oc-ea">
         <name>.debug_abbrev</name>
         <load_address>0x4ef</load_address>
         <run_address>0x4ef</run_address>
         <size>0x15e</size>
         <alignment>0x1</alignment>
         <input_file_ref idref="fl-5"/>
      </object_component>
      <object_component id="oc-119">
         <name>.debug_abbrev</name>
         <load_address>0x64d</load_address>
         <run_address>0x64d</run_address>
         <size>0x1a5</size>
         <alignment>0x1</alignment>
         <input_file_ref idref="fl-6"/>
      </object_component>
      <object_component id="oc-72">
         <name>.debug_abbrev</name>
         <load_address>0x7f2</load_address>
         <run_address>0x7f2</run_address>
         <size>0xa8</size>
         <alignment>0x1</alignment>
         <input_file_ref idref="fl-7"/>
      </object_component>
      <object_component id="oc-ef">
         <name>.debug_abbrev</name>
         <load_address>0x89a</load_address>
         <run_address>0x89a</run_address>
         <size>0x16a</size>
         <alignment>0x1</alignment>
         <input_file_ref idref="fl-8"/>
      </object_component>
      <object_component id="oc-52">
         <name>.debug_abbrev</name>
         <load_address>0xa04</load_address>
         <run_address>0xa04</run_address>
         <size>0xaf</size>
         <alignment>0x1</alignment>
         <input_file_ref idref="fl-2c"/>
      </object_component>
      <object_component id="oc-fe">
         <name>.debug_abbrev</name>
         <load_address>0xab3</load_address>
         <run_address>0xab3</run_address>
         <size>0x170</size>
         <alignment>0x1</alignment>
         <input_file_ref idref="fl-2e"/>
      </object_component>
      <object_component id="oc-9f">
         <name>.debug_abbrev</name>
         <load_address>0xc23</load_address>
         <run_address>0xc23</run_address>
         <size>0x39</size>
         <alignment>0x1</alignment>
         <input_file_ref idref="fl-2f"/>
      </object_component>
      <object_component id="oc-5f">
         <name>.debug_abbrev</name>
         <load_address>0xc5c</load_address>
         <run_address>0xc5c</run_address>
         <size>0x70</size>
         <alignment>0x1</alignment>
         <input_file_ref idref="fl-32"/>
      </object_component>
      <object_component id="oc-57">
         <name>.debug_abbrev</name>
         <load_address>0xccc</load_address>
         <run_address>0xccc</run_address>
         <size>0x8d</size>
         <alignment>0x1</alignment>
         <input_file_ref idref="fl-33"/>
      </object_component>
      <object_component id="oc-f8">
         <name>.debug_abbrev</name>
         <load_address>0xd59</load_address>
         <run_address>0xd59</run_address>
         <size>0x98</size>
         <alignment>0x1</alignment>
         <input_file_ref idref="fl-34"/>
      </object_component>
      <object_component id="oc-11b">
         <name>.debug_abbrev</name>
         <load_address>0xdf1</load_address>
         <run_address>0xdf1</run_address>
         <size>0x2c</size>
         <alignment>0x1</alignment>
         <input_file_ref idref="fl-d6"/>
      </object_component>
      <object_component id="oc-127">
         <name>.debug_abbrev</name>
         <load_address>0xe1d</load_address>
         <run_address>0xe1d</run_address>
         <size>0x27</size>
         <alignment>0x1</alignment>
         <input_file_ref idref="fl-d7"/>
      </object_component>
      <object_component id="oc-12c">
         <name>.debug_abbrev</name>
         <load_address>0xe44</load_address>
         <run_address>0xe44</run_address>
         <size>0x27</size>
         <alignment>0x1</alignment>
         <input_file_ref idref="fl-d8"/>
      </object_component>
      <object_component id="oc-12f">
         <name>.debug_abbrev</name>
         <load_address>0xe6b</load_address>
         <run_address>0xe6b</run_address>
         <size>0x27</size>
         <alignment>0x1</alignment>
         <input_file_ref idref="fl-d9"/>
      </object_component>
      <object_component id="oc-12d">
         <name>.debug_abbrev</name>
         <load_address>0xe92</load_address>
         <run_address>0xe92</run_address>
         <size>0x27</size>
         <alignment>0x1</alignment>
         <input_file_ref idref="fl-da"/>
      </object_component>
      <object_component id="oc-12e">
         <name>.debug_abbrev</name>
         <load_address>0xeb9</load_address>
         <run_address>0xeb9</run_address>
         <size>0x27</size>
         <alignment>0x1</alignment>
         <input_file_ref idref="fl-db"/>
      </object_component>
      <object_component id="oc-126">
         <name>.debug_abbrev</name>
         <load_address>0xee0</load_address>
         <run_address>0xee0</run_address>
         <size>0x27</size>
         <alignment>0x1</alignment>
         <input_file_ref idref="fl-dc"/>
      </object_component>
      <object_component id="oc-78">
         <name>.debug_abbrev</name>
         <load_address>0xf07</load_address>
         <run_address>0xf07</run_address>
         <size>0x27</size>
         <alignment>0x1</alignment>
         <input_file_ref idref="fl-dd"/>
      </object_component>
      <object_component id="oc-da">
         <name>.debug_abbrev</name>
         <load_address>0xf2e</load_address>
         <run_address>0xf2e</run_address>
         <size>0x25</size>
         <alignment>0x1</alignment>
         <input_file_ref idref="fl-e1"/>
      </object_component>
      <object_component id="oc-175">
         <name>.debug_abbrev</name>
         <load_address>0xf53</load_address>
         <run_address>0xf53</run_address>
         <size>0xf</size>
         <alignment>0x0</alignment>
      </object_component>
      <object_component id="oc-b8">
         <name>.debug_info</name>
         <load_address>0x0</load_address>
         <run_address>0x0</run_address>
         <size>0x192</size>
         <alignment>0x1</alignment>
         <input_file_ref idref="fl-1"/>
      </object_component>
      <object_component id="oc-75">
         <name>.debug_info</name>
         <load_address>0x192</load_address>
         <run_address>0x192</run_address>
         <size>0x13ef</size>
         <alignment>0x1</alignment>
         <input_file_ref idref="fl-2"/>
      </object_component>
      <object_component id="oc-19">
         <name>.debug_info</name>
         <load_address>0x1581</load_address>
         <run_address>0x1581</run_address>
         <size>0x80</size>
         <alignment>0x1</alignment>
         <input_file_ref idref="fl-3"/>
      </object_component>
      <object_component id="oc-a9">
         <name>.debug_info</name>
         <load_address>0x1601</load_address>
         <run_address>0x1601</run_address>
         <size>0x8a8</size>
         <alignment>0x1</alignment>
         <input_file_ref idref="fl-4"/>
      </object_component>
      <object_component id="oc-a5">
         <name>.debug_info</name>
         <load_address>0x1ea9</load_address>
         <run_address>0x1ea9</run_address>
         <size>0x95f</size>
         <alignment>0x1</alignment>
         <input_file_ref idref="fl-5"/>
      </object_component>
      <object_component id="oc-e3">
         <name>.debug_info</name>
         <load_address>0x2808</load_address>
         <run_address>0x2808</run_address>
         <size>0xe1e</size>
         <alignment>0x1</alignment>
         <input_file_ref idref="fl-6"/>
      </object_component>
      <object_component id="oc-36">
         <name>.debug_info</name>
         <load_address>0x3626</load_address>
         <run_address>0x3626</run_address>
         <size>0x38d</size>
         <alignment>0x1</alignment>
         <input_file_ref idref="fl-7"/>
      </object_component>
      <object_component id="oc-b1">
         <name>.debug_info</name>
         <load_address>0x39b3</load_address>
         <run_address>0x39b3</run_address>
         <size>0xc2c</size>
         <alignment>0x1</alignment>
         <input_file_ref idref="fl-8"/>
      </object_component>
      <object_component id="oc-1b">
         <name>.debug_info</name>
         <load_address>0x45df</load_address>
         <run_address>0x45df</run_address>
         <size>0x423</size>
         <alignment>0x1</alignment>
         <input_file_ref idref="fl-2c"/>
      </object_component>
      <object_component id="oc-c9">
         <name>.debug_info</name>
         <load_address>0x4a02</load_address>
         <run_address>0x4a02</run_address>
         <size>0x744</size>
         <alignment>0x1</alignment>
         <input_file_ref idref="fl-2e"/>
      </object_component>
      <object_component id="oc-81">
         <name>.debug_info</name>
         <load_address>0x5146</load_address>
         <run_address>0x5146</run_address>
         <size>0x46</size>
         <alignment>0x1</alignment>
         <input_file_ref idref="fl-2f"/>
      </object_component>
      <object_component id="oc-22">
         <name>.debug_info</name>
         <load_address>0x518c</load_address>
         <run_address>0x518c</run_address>
         <size>0xc6</size>
         <alignment>0x1</alignment>
         <input_file_ref idref="fl-32"/>
      </object_component>
      <object_component id="oc-1e">
         <name>.debug_info</name>
         <load_address>0x5252</load_address>
         <run_address>0x5252</run_address>
         <size>0x17c</size>
         <alignment>0x1</alignment>
         <input_file_ref idref="fl-33"/>
      </object_component>
      <object_component id="oc-c1">
         <name>.debug_info</name>
         <load_address>0x53ce</load_address>
         <run_address>0x53ce</run_address>
         <size>0xf8</size>
         <alignment>0x1</alignment>
         <input_file_ref idref="fl-34"/>
      </object_component>
      <object_component id="oc-f6">
         <name>.debug_info</name>
         <load_address>0x54c6</load_address>
         <run_address>0x54c6</run_address>
         <size>0x3b</size>
         <alignment>0x1</alignment>
         <input_file_ref idref="fl-d6"/>
      </object_component>
      <object_component id="oc-10a">
         <name>.debug_info</name>
         <load_address>0x5501</load_address>
         <run_address>0x5501</run_address>
         <size>0x1a7</size>
         <alignment>0x1</alignment>
         <input_file_ref idref="fl-d7"/>
      </object_component>
      <object_component id="oc-10d">
         <name>.debug_info</name>
         <load_address>0x56a8</load_address>
         <run_address>0x56a8</run_address>
         <size>0x18d</size>
         <alignment>0x1</alignment>
         <input_file_ref idref="fl-d8"/>
      </object_component>
      <object_component id="oc-12a">
         <name>.debug_info</name>
         <load_address>0x5835</load_address>
         <run_address>0x5835</run_address>
         <size>0x18f</size>
         <alignment>0x1</alignment>
         <input_file_ref idref="fl-d9"/>
      </object_component>
      <object_component id="oc-112">
         <name>.debug_info</name>
         <load_address>0x59c4</load_address>
         <run_address>0x59c4</run_address>
         <size>0x18d</size>
         <alignment>0x1</alignment>
         <input_file_ref idref="fl-da"/>
      </object_component>
      <object_component id="oc-115">
         <name>.debug_info</name>
         <load_address>0x5b51</load_address>
         <run_address>0x5b51</run_address>
         <size>0x195</size>
         <alignment>0x1</alignment>
         <input_file_ref idref="fl-db"/>
      </object_component>
      <object_component id="oc-105">
         <name>.debug_info</name>
         <load_address>0x5ce6</load_address>
         <run_address>0x5ce6</run_address>
         <size>0x197</size>
         <alignment>0x1</alignment>
         <input_file_ref idref="fl-dc"/>
      </object_component>
      <object_component id="oc-5d">
         <name>.debug_info</name>
         <load_address>0x5e7d</load_address>
         <run_address>0x5e7d</run_address>
         <size>0x199</size>
         <alignment>0x1</alignment>
         <input_file_ref idref="fl-dd"/>
      </object_component>
      <object_component id="oc-9b">
         <name>.debug_info</name>
         <load_address>0x6016</load_address>
         <run_address>0x6016</run_address>
         <size>0x2fa</size>
         <alignment>0x1</alignment>
         <input_file_ref idref="fl-e1"/>
      </object_component>
      <object_component id="oc-174">
         <name>.debug_info</name>
         <load_address>0x6310</load_address>
         <run_address>0x6310</run_address>
         <size>0xb6</size>
         <alignment>0x0</alignment>
      </object_component>
      <object_component id="oc-b9">
         <name>.debug_ranges</name>
         <load_address>0x0</load_address>
         <run_address>0x0</run_address>
         <size>0x18</size>
         <alignment>0x1</alignment>
         <input_file_ref idref="fl-1"/>
      </object_component>
      <object_component id="oc-86">
         <name>.debug_ranges</name>
         <load_address>0x18</load_address>
         <run_address>0x18</run_address>
         <size>0x30</size>
         <alignment>0x1</alignment>
         <input_file_ref idref="fl-2"/>
      </object_component>
      <object_component id="oc-31">
         <name>.debug_ranges</name>
         <load_address>0x48</load_address>
         <run_address>0x48</run_address>
         <size>0x18</size>
         <alignment>0x1</alignment>
         <input_file_ref idref="fl-3"/>
      </object_component>
      <object_component id="oc-aa">
         <name>.debug_ranges</name>
         <load_address>0x60</load_address>
         <run_address>0x60</run_address>
         <size>0x68</size>
         <alignment>0x1</alignment>
         <input_file_ref idref="fl-4"/>
      </object_component>
      <object_component id="oc-a6">
         <name>.debug_ranges</name>
         <load_address>0xc8</load_address>
         <run_address>0xc8</run_address>
         <size>0x90</size>
         <alignment>0x1</alignment>
         <input_file_ref idref="fl-5"/>
      </object_component>
      <object_component id="oc-e4">
         <name>.debug_ranges</name>
         <load_address>0x158</load_address>
         <run_address>0x158</run_address>
         <size>0x68</size>
         <alignment>0x1</alignment>
         <input_file_ref idref="fl-6"/>
      </object_component>
      <object_component id="oc-37">
         <name>.debug_ranges</name>
         <load_address>0x1c0</load_address>
         <run_address>0x1c0</run_address>
         <size>0xd0</size>
         <alignment>0x1</alignment>
         <input_file_ref idref="fl-7"/>
      </object_component>
      <object_component id="oc-ae">
         <name>.debug_ranges</name>
         <load_address>0x290</load_address>
         <run_address>0x290</run_address>
         <size>0x58</size>
         <alignment>0x1</alignment>
         <input_file_ref idref="fl-8"/>
      </object_component>
      <object_component id="oc-55">
         <name>.debug_ranges</name>
         <load_address>0x2e8</load_address>
         <run_address>0x2e8</run_address>
         <size>0x48</size>
         <alignment>0x1</alignment>
         <input_file_ref idref="fl-2c"/>
      </object_component>
      <object_component id="oc-ca">
         <name>.debug_ranges</name>
         <load_address>0x330</load_address>
         <run_address>0x330</run_address>
         <size>0x48</size>
         <alignment>0x1</alignment>
         <input_file_ref idref="fl-2e"/>
      </object_component>
      <object_component id="oc-5a">
         <name>.debug_ranges</name>
         <load_address>0x378</load_address>
         <run_address>0x378</run_address>
         <size>0x50</size>
         <alignment>0x1</alignment>
         <input_file_ref idref="fl-33"/>
      </object_component>
      <object_component id="oc-c2">
         <name>.debug_ranges</name>
         <load_address>0x3c8</load_address>
         <run_address>0x3c8</run_address>
         <size>0x18</size>
         <alignment>0x1</alignment>
         <input_file_ref idref="fl-34"/>
      </object_component>
      <object_component id="oc-9a">
         <name>.debug_ranges</name>
         <load_address>0x3e0</load_address>
         <run_address>0x3e0</run_address>
         <size>0x28</size>
         <alignment>0x1</alignment>
         <input_file_ref idref="fl-e1"/>
      </object_component>
      <object_component id="oc-f2">
         <name>.debug_str</name>
         <load_address>0x0</load_address>
         <run_address>0x0</run_address>
         <size>0x1b4</size>
         <alignment>0x1</alignment>
         <input_file_ref idref="fl-1"/>
      </object_component>
      <object_component id="oc-95">
         <name>.debug_str</name>
         <load_address>0x1b4</load_address>
         <run_address>0x1b4</run_address>
         <size>0xb63</size>
         <alignment>0x1</alignment>
         <input_file_ref idref="fl-2"/>
      </object_component>
      <object_component id="oc-51">
         <name>.debug_str</name>
         <load_address>0xd17</load_address>
         <run_address>0xd17</run_address>
         <size>0x11e</size>
         <alignment>0x1</alignment>
         <input_file_ref idref="fl-3"/>
      </object_component>
      <object_component id="oc-ee">
         <name>.debug_str</name>
         <load_address>0xe35</load_address>
         <run_address>0xe35</run_address>
         <size>0x5e3</size>
         <alignment>0x1</alignment>
         <input_file_ref idref="fl-4"/>
      </object_component>
      <object_component id="oc-eb">
         <name>.debug_str</name>
         <load_address>0x1418</load_address>
         <run_address>0x1418</run_address>
         <size>0x611</size>
         <alignment>0x1</alignment>
         <input_file_ref idref="fl-5"/>
      </object_component>
      <object_component id="oc-11a">
         <name>.debug_str</name>
         <load_address>0x1a29</load_address>
         <run_address>0x1a29</run_address>
         <size>0x7ad</size>
         <alignment>0x1</alignment>
         <input_file_ref idref="fl-6"/>
      </object_component>
      <object_component id="oc-73">
         <name>.debug_str</name>
         <load_address>0x21d6</load_address>
         <run_address>0x21d6</run_address>
         <size>0x2ea</size>
         <alignment>0x1</alignment>
         <input_file_ref idref="fl-7"/>
      </object_component>
      <object_component id="oc-f0">
         <name>.debug_str</name>
         <load_address>0x24c0</load_address>
         <run_address>0x24c0</run_address>
         <size>0x864</size>
         <alignment>0x1</alignment>
         <input_file_ref idref="fl-8"/>
      </object_component>
      <object_component id="oc-53">
         <name>.debug_str</name>
         <load_address>0x2d24</load_address>
         <run_address>0x2d24</run_address>
         <size>0x225</size>
         <alignment>0x1</alignment>
         <input_file_ref idref="fl-2c"/>
      </object_component>
      <object_component id="oc-ff">
         <name>.debug_str</name>
         <load_address>0x2f49</load_address>
         <run_address>0x2f49</run_address>
         <size>0x32f</size>
         <alignment>0x1</alignment>
         <input_file_ref idref="fl-2e"/>
      </object_component>
      <object_component id="oc-a0">
         <name>.debug_str</name>
         <load_address>0x3278</load_address>
         <run_address>0x3278</run_address>
         <size>0xf5</size>
         <alignment>0x1</alignment>
         <input_file_ref idref="fl-2f"/>
      </object_component>
      <object_component id="oc-60">
         <name>.debug_str</name>
         <load_address>0x336d</load_address>
         <run_address>0x336d</run_address>
         <size>0x168</size>
         <alignment>0x1</alignment>
         <input_file_ref idref="fl-32"/>
      </object_component>
      <object_component id="oc-58">
         <name>.debug_str</name>
         <load_address>0x34d5</load_address>
         <run_address>0x34d5</run_address>
         <size>0x1d5</size>
         <alignment>0x1</alignment>
         <input_file_ref idref="fl-33"/>
      </object_component>
      <object_component id="oc-f9">
         <name>.debug_str</name>
         <load_address>0x36aa</load_address>
         <run_address>0x36aa</run_address>
         <size>0x148</size>
         <alignment>0x1</alignment>
         <input_file_ref idref="fl-34"/>
      </object_component>
      <object_component id="oc-11c">
         <name>.debug_str</name>
         <load_address>0x37f2</load_address>
         <run_address>0x37f2</run_address>
         <size>0xe9</size>
         <alignment>0x1</alignment>
         <input_file_ref idref="fl-d6"/>
      </object_component>
      <object_component id="oc-ba">
         <name>.debug_frame</name>
         <load_address>0x0</load_address>
         <run_address>0x0</run_address>
         <size>0x40</size>
         <alignment>0x4</alignment>
         <input_file_ref idref="fl-1"/>
      </object_component>
      <object_component id="oc-87">
         <name>.debug_frame</name>
         <load_address>0x40</load_address>
         <run_address>0x40</run_address>
         <size>0x8c</size>
         <alignment>0x4</alignment>
         <input_file_ref idref="fl-2"/>
      </object_component>
      <object_component id="oc-32">
         <name>.debug_frame</name>
         <load_address>0xcc</load_address>
         <run_address>0xcc</run_address>
         <size>0x30</size>
         <alignment>0x4</alignment>
         <input_file_ref idref="fl-3"/>
      </object_component>
      <object_component id="oc-ab">
         <name>.debug_frame</name>
         <load_address>0xfc</load_address>
         <run_address>0xfc</run_address>
         <size>0xe0</size>
         <alignment>0x4</alignment>
         <input_file_ref idref="fl-4"/>
      </object_component>
      <object_component id="oc-a2">
         <name>.debug_frame</name>
         <load_address>0x1dc</load_address>
         <run_address>0x1dc</run_address>
         <size>0x138</size>
         <alignment>0x4</alignment>
         <input_file_ref idref="fl-5"/>
      </object_component>
      <object_component id="oc-e2">
         <name>.debug_frame</name>
         <load_address>0x314</load_address>
         <run_address>0x314</run_address>
         <size>0xdc</size>
         <alignment>0x4</alignment>
         <input_file_ref idref="fl-6"/>
      </object_component>
      <object_component id="oc-35">
         <name>.debug_frame</name>
         <load_address>0x3f0</load_address>
         <run_address>0x3f0</run_address>
         <size>0x268</size>
         <alignment>0x4</alignment>
         <input_file_ref idref="fl-7"/>
      </object_component>
      <object_component id="oc-b2">
         <name>.debug_frame</name>
         <load_address>0x658</load_address>
         <run_address>0x658</run_address>
         <size>0xb4</size>
         <alignment>0x4</alignment>
         <input_file_ref idref="fl-8"/>
      </object_component>
      <object_component id="oc-6a">
         <name>.debug_frame</name>
         <load_address>0x70c</load_address>
         <run_address>0x70c</run_address>
         <size>0x90</size>
         <alignment>0x4</alignment>
         <input_file_ref idref="fl-2c"/>
      </object_component>
      <object_component id="oc-cb">
         <name>.debug_frame</name>
         <load_address>0x79c</load_address>
         <run_address>0x79c</run_address>
         <size>0x100</size>
         <alignment>0x4</alignment>
         <input_file_ref idref="fl-2e"/>
      </object_component>
      <object_component id="oc-83">
         <name>.debug_frame</name>
         <load_address>0x89c</load_address>
         <run_address>0x89c</run_address>
         <size>0x20</size>
         <alignment>0x4</alignment>
         <input_file_ref idref="fl-2f"/>
      </object_component>
      <object_component id="oc-21">
         <name>.debug_frame</name>
         <load_address>0x8bc</load_address>
         <run_address>0x8bc</run_address>
         <size>0x28</size>
         <alignment>0x4</alignment>
         <input_file_ref idref="fl-32"/>
      </object_component>
      <object_component id="oc-1d">
         <name>.debug_frame</name>
         <load_address>0x8e4</load_address>
         <run_address>0x8e4</run_address>
         <size>0x30</size>
         <alignment>0x4</alignment>
         <input_file_ref idref="fl-33"/>
      </object_component>
      <object_component id="oc-c3">
         <name>.debug_frame</name>
         <load_address>0x914</load_address>
         <run_address>0x914</run_address>
         <size>0x30</size>
         <alignment>0x4</alignment>
         <input_file_ref idref="fl-34"/>
      </object_component>
      <object_component id="oc-f7">
         <name>.debug_frame</name>
         <load_address>0x944</load_address>
         <run_address>0x944</run_address>
         <size>0x20</size>
         <alignment>0x4</alignment>
         <input_file_ref idref="fl-d6"/>
      </object_component>
      <object_component id="oc-bb">
         <name>.debug_line</name>
         <load_address>0x0</load_address>
         <run_address>0x0</run_address>
         <size>0x11d</size>
         <alignment>0x1</alignment>
         <input_file_ref idref="fl-1"/>
      </object_component>
      <object_component id="oc-85">
         <name>.debug_line</name>
         <load_address>0x11d</load_address>
         <run_address>0x11d</run_address>
         <size>0x425</size>
         <alignment>0x1</alignment>
         <input_file_ref idref="fl-2"/>
      </object_component>
      <object_component id="oc-30">
         <name>.debug_line</name>
         <load_address>0x542</load_address>
         <run_address>0x542</run_address>
         <size>0x69</size>
         <alignment>0x1</alignment>
         <input_file_ref idref="fl-3"/>
      </object_component>
      <object_component id="oc-ac">
         <name>.debug_line</name>
         <load_address>0x5ab</load_address>
         <run_address>0x5ab</run_address>
         <size>0x355</size>
         <alignment>0x1</alignment>
         <input_file_ref idref="fl-4"/>
      </object_component>
      <object_component id="oc-a4">
         <name>.debug_line</name>
         <load_address>0x900</load_address>
         <run_address>0x900</run_address>
         <size>0x478</size>
         <alignment>0x1</alignment>
         <input_file_ref idref="fl-5"/>
      </object_component>
      <object_component id="oc-e5">
         <name>.debug_line</name>
         <load_address>0xd78</load_address>
         <run_address>0xd78</run_address>
         <size>0x7c0</size>
         <alignment>0x1</alignment>
         <input_file_ref idref="fl-6"/>
      </object_component>
      <object_component id="oc-38">
         <name>.debug_line</name>
         <load_address>0x1538</load_address>
         <run_address>0x1538</run_address>
         <size>0x2e1</size>
         <alignment>0x1</alignment>
         <input_file_ref idref="fl-7"/>
      </object_component>
      <object_component id="oc-b0">
         <name>.debug_line</name>
         <load_address>0x1819</load_address>
         <run_address>0x1819</run_address>
         <size>0x42c</size>
         <alignment>0x1</alignment>
         <input_file_ref idref="fl-8"/>
      </object_component>
      <object_component id="oc-54">
         <name>.debug_line</name>
         <load_address>0x1c45</load_address>
         <run_address>0x1c45</run_address>
         <size>0x1dc</size>
         <alignment>0x1</alignment>
         <input_file_ref idref="fl-2c"/>
      </object_component>
      <object_component id="oc-cc">
         <name>.debug_line</name>
         <load_address>0x1e21</load_address>
         <run_address>0x1e21</run_address>
         <size>0x51a</size>
         <alignment>0x1</alignment>
         <input_file_ref idref="fl-2e"/>
      </object_component>
      <object_component id="oc-82">
         <name>.debug_line</name>
         <load_address>0x233b</load_address>
         <run_address>0x233b</run_address>
         <size>0x3e</size>
         <alignment>0x1</alignment>
         <input_file_ref idref="fl-2f"/>
      </object_component>
      <object_component id="oc-23">
         <name>.debug_line</name>
         <load_address>0x2379</load_address>
         <run_address>0x2379</run_address>
         <size>0xc0</size>
         <alignment>0x1</alignment>
         <input_file_ref idref="fl-32"/>
      </object_component>
      <object_component id="oc-1f">
         <name>.debug_line</name>
         <load_address>0x2439</load_address>
         <run_address>0x2439</run_address>
         <size>0x1c8</size>
         <alignment>0x1</alignment>
         <input_file_ref idref="fl-33"/>
      </object_component>
      <object_component id="oc-c4">
         <name>.debug_line</name>
         <load_address>0x2601</load_address>
         <run_address>0x2601</run_address>
         <size>0x67</size>
         <alignment>0x1</alignment>
         <input_file_ref idref="fl-34"/>
      </object_component>
      <object_component id="oc-f5">
         <name>.debug_line</name>
         <load_address>0x2668</load_address>
         <run_address>0x2668</run_address>
         <size>0x41</size>
         <alignment>0x1</alignment>
         <input_file_ref idref="fl-d6"/>
      </object_component>
      <object_component id="oc-109">
         <name>.debug_line</name>
         <load_address>0x26a9</load_address>
         <run_address>0x26a9</run_address>
         <size>0x165</size>
         <alignment>0x1</alignment>
         <input_file_ref idref="fl-d7"/>
      </object_component>
      <object_component id="oc-10f">
         <name>.debug_line</name>
         <load_address>0x280e</load_address>
         <run_address>0x280e</run_address>
         <size>0x10c</size>
         <alignment>0x1</alignment>
         <input_file_ref idref="fl-d8"/>
      </object_component>
      <object_component id="oc-129">
         <name>.debug_line</name>
         <load_address>0x291a</load_address>
         <run_address>0x291a</run_address>
         <size>0xb9</size>
         <alignment>0x1</alignment>
         <input_file_ref idref="fl-d9"/>
      </object_component>
      <object_component id="oc-113">
         <name>.debug_line</name>
         <load_address>0x29d3</load_address>
         <run_address>0x29d3</run_address>
         <size>0x122</size>
         <alignment>0x1</alignment>
         <input_file_ref idref="fl-da"/>
      </object_component>
      <object_component id="oc-117">
         <name>.debug_line</name>
         <load_address>0x2af5</load_address>
         <run_address>0x2af5</run_address>
         <size>0xc0</size>
         <alignment>0x1</alignment>
         <input_file_ref idref="fl-db"/>
      </object_component>
      <object_component id="oc-107">
         <name>.debug_line</name>
         <load_address>0x2bb5</load_address>
         <run_address>0x2bb5</run_address>
         <size>0xb2</size>
         <alignment>0x1</alignment>
         <input_file_ref idref="fl-dc"/>
      </object_component>
      <object_component id="oc-5c">
         <name>.debug_line</name>
         <load_address>0x2c67</load_address>
         <run_address>0x2c67</run_address>
         <size>0xa4</size>
         <alignment>0x1</alignment>
         <input_file_ref idref="fl-dd"/>
      </object_component>
      <object_component id="oc-98">
         <name>.debug_line</name>
         <load_address>0x2d0b</load_address>
         <run_address>0x2d0b</run_address>
         <size>0xa0</size>
         <alignment>0x1</alignment>
         <input_file_ref idref="fl-e1"/>
      </object_component>
      <object_component id="oc-10b">
         <name>.debug_aranges</name>
         <load_address>0x0</load_address>
         <run_address>0x0</run_address>
         <size>0x20</size>
         <alignment>0x1</alignment>
         <input_file_ref idref="fl-d7"/>
      </object_component>
      <object_component id="oc-10e">
         <name>.debug_aranges</name>
         <load_address>0x20</load_address>
         <run_address>0x20</run_address>
         <size>0x20</size>
         <alignment>0x1</alignment>
         <input_file_ref idref="fl-d8"/>
      </object_component>
      <object_component id="oc-12b">
         <name>.debug_aranges</name>
         <load_address>0x40</load_address>
         <run_address>0x40</run_address>
         <size>0x20</size>
         <alignment>0x1</alignment>
         <input_file_ref idref="fl-d9"/>
      </object_component>
      <object_component id="oc-111">
         <name>.debug_aranges</name>
         <load_address>0x60</load_address>
         <run_address>0x60</run_address>
         <size>0x20</size>
         <alignment>0x1</alignment>
         <input_file_ref idref="fl-da"/>
      </object_component>
      <object_component id="oc-116">
         <name>.debug_aranges</name>
         <load_address>0x80</load_address>
         <run_address>0x80</run_address>
         <size>0x20</size>
         <alignment>0x1</alignment>
         <input_file_ref idref="fl-db"/>
      </object_component>
      <object_component id="oc-106">
         <name>.debug_aranges</name>
         <load_address>0xa0</load_address>
         <run_address>0xa0</run_address>
         <size>0x20</size>
         <alignment>0x1</alignment>
         <input_file_ref idref="fl-dc"/>
      </object_component>
      <object_component id="oc-5e">
         <name>.debug_aranges</name>
         <load_address>0xc0</load_address>
         <run_address>0xc0</run_address>
         <size>0x20</size>
         <alignment>0x1</alignment>
         <input_file_ref idref="fl-dd"/>
      </object_component>
      <object_component id="oc-99">
         <name>.debug_aranges</name>
         <load_address>0xe0</load_address>
         <run_address>0xe0</run_address>
         <size>0x28</size>
         <alignment>0x1</alignment>
         <input_file_ref idref="fl-e1"/>
      </object_component>
   </object_component_list>
   <logical_group_list>
      <logical_group id="lg-2" display="no" color="cyan">
         <name>.intvecs</name>
         <load_address>0x0</load_address>
         <run_address>0x0</run_address>
         <size>0xc0</size>
         <contents>
            <object_component_ref idref="oc-18"/>
         </contents>
      </logical_group>
      <logical_group id="lg-3" display="no" color="cyan">
         <name>.text</name>
         <load_address>0xc0</load_address>
         <run_address>0xc0</run_address>
         <size>0xe88</size>
         <contents>
            <object_component_ref idref="oc-108"/>
            <object_component_ref idref="oc-33"/>
            <object_component_ref idref="oc-e8"/>
            <object_component_ref idref="oc-e6"/>
            <object_component_ref idref="oc-110"/>
            <object_component_ref idref="oc-10c"/>
            <object_component_ref idref="oc-84"/>
            <object_component_ref idref="oc-a1"/>
            <object_component_ref idref="oc-d9"/>
            <object_component_ref idref="oc-9c"/>
            <object_component_ref idref="oc-e9"/>
            <object_component_ref idref="oc-a7"/>
            <object_component_ref idref="oc-1c"/>
            <object_component_ref idref="oc-92"/>
            <object_component_ref idref="oc-b4"/>
            <object_component_ref idref="oc-ad"/>
            <object_component_ref idref="oc-114"/>
            <object_component_ref idref="oc-c7"/>
            <object_component_ref idref="oc-128"/>
            <object_component_ref idref="oc-f3"/>
            <object_component_ref idref="oc-ec"/>
            <object_component_ref idref="oc-6b"/>
            <object_component_ref idref="oc-104"/>
            <object_component_ref idref="oc-b5"/>
            <object_component_ref idref="oc-b3"/>
            <object_component_ref idref="oc-20"/>
            <object_component_ref idref="oc-39"/>
            <object_component_ref idref="oc-3a"/>
            <object_component_ref idref="oc-e1"/>
            <object_component_ref idref="oc-3c"/>
            <object_component_ref idref="oc-3d"/>
            <object_component_ref idref="oc-4d"/>
            <object_component_ref idref="oc-3e"/>
            <object_component_ref idref="oc-3f"/>
            <object_component_ref idref="oc-4f"/>
            <object_component_ref idref="oc-96"/>
            <object_component_ref idref="oc-34"/>
            <object_component_ref idref="oc-4b"/>
            <object_component_ref idref="oc-4c"/>
            <object_component_ref idref="oc-b6"/>
            <object_component_ref idref="oc-4e"/>
            <object_component_ref idref="oc-40"/>
            <object_component_ref idref="oc-41"/>
            <object_component_ref idref="oc-47"/>
            <object_component_ref idref="oc-48"/>
            <object_component_ref idref="oc-45"/>
            <object_component_ref idref="oc-4a"/>
            <object_component_ref idref="oc-46"/>
            <object_component_ref idref="oc-49"/>
            <object_component_ref idref="oc-44"/>
            <object_component_ref idref="oc-42"/>
            <object_component_ref idref="oc-43"/>
            <object_component_ref idref="oc-3b"/>
            <object_component_ref idref="oc-5b"/>
            <object_component_ref idref="oc-c0"/>
            <object_component_ref idref="oc-f4"/>
            <object_component_ref idref="oc-2f"/>
            <object_component_ref idref="oc-80"/>
         </contents>
      </logical_group>
      <logical_group id="lg-4" display="no" color="cyan">
         <name>.const</name>
         <run_address>0x0</run_address>
         <size>0x0</size>
         <contents>
         </contents>
      </logical_group>
      <logical_group id="lg-5" display="no" color="cyan">
         <name>.cinit</name>
         <load_address>0xf70</load_address>
         <run_address>0xf70</run_address>
         <size>0x40</size>
         <contents>
            <object_component_ref idref="oc-171"/>
            <object_component_ref idref="oc-16f"/>
            <object_component_ref idref="oc-170"/>
         </contents>
      </logical_group>
      <logical_group id="lg-6" display="no" color="cyan">
         <name>.pinit</name>
         <run_address>0x0</run_address>
         <size>0x0</size>
         <contents>
         </contents>
      </logical_group>
      <logical_group id="lg-7" display="no" color="cyan">
         <name>.rodata</name>
         <load_address>0xf48</load_address>
         <run_address>0xf48</run_address>
         <size>0x28</size>
         <contents>
            <object_component_ref idref="oc-bc"/>
         </contents>
      </logical_group>
      <logical_group id="lg-8" display="no" color="cyan">
         <name>.ARM.exidx</name>
         <run_address>0x0</run_address>
         <size>0x0</size>
         <contents>
         </contents>
      </logical_group>
      <logical_group id="lg-9" display="no" color="cyan">
         <name>.init_array</name>
         <run_address>0x0</run_address>
         <size>0x0</size>
         <contents>
         </contents>
      </logical_group>
      <logical_group id="lg-a" display="no" color="cyan">
         <name>.binit</name>
         <load_address>0x0</load_address>
         <run_address>0x0</run_address>
         <size>0x0</size>
         <contents>
            <object_component_ref idref="oc-139"/>
         </contents>
      </logical_group>
      <logical_group id="lg-b" display="no" color="cyan">
         <name>.TI.ramfunc</name>
         <run_address>0x0</run_address>
         <size>0x0</size>
         <contents>
         </contents>
      </logical_group>
      <logical_group id="lg-c" display="no" color="cyan">
         <name>.vtable</name>
         <run_address>0x0</run_address>
         <size>0x0</size>
         <contents>
         </contents>
      </logical_group>
      <logical_group id="lg-d" display="no" color="cyan">
         <name>.args</name>
         <run_address>0x0</run_address>
         <size>0x0</size>
         <contents>
         </contents>
      </logical_group>
[...]
         <unused_space>0x1f050</unused_space>
         <attributes>RX</attributes>
         <usage_details>
            <allocated_space>
               <start_address>0x0</start_address>
               <size>0x0</size>
               <logical_group_ref idref="lg-a"/>
            </allocated_space>
            <allocated_space>
               <start_address>0x0</start_address>
               <size>0xc0</size>
               <logical_group_ref idref="lg-2"/>
            </allocated_space>
            <allocated_space>
               <start_address>0xc0</start_address>
               <size>0xe88</size>
               <logical_group_ref idref="lg-3"/>
            </allocated_space>
            <allocated_space>
               <start_address>0xf48</start_address>
               <size>0x28</size>
               <logical_group_ref idref="lg-7"/>
            </allocated_space>
            <allocated_space>
               <start_address>0xf70</start_address>
               <size>0x40</size>
               <logical_group_ref idref="lg-5"/>
            </allocated_space>
            <available_space>
               <start_address>0xfb0</start_address>
               <size>0x1f050</size>
            </available_space>
         </usage_details>
      </memory_area>
      <memory_area display="yes" color="green">
         <name>SRAM</name>
         <page_id>0x0</page_id>
         <origin>0x20200000</origin>
         <length>0x8000</length>
         <used_space>0x244</used_space>
         <unused_space>0x7dbc</unused_space>
         <attributes>RWX</attributes>
         <usage_details>
            <allocated_space>
               <start_address>0x20200000</start_address>
               <size>0x0</size>
               <logical_group_ref idref="lg-135"/>
            </allocated_space>
            <allocated_space>
               <start_address>0x20200000</start_address>
               <size>0x0</size>
               <logical_group_ref idref="lg-137"/>
            </allocated_space>
            <allocated_space>
               <start_address>0x20200000</start_address>
               <size>0x44</size>
               <logical_group_ref idref="lg-e"/>
            </allocated_space>
            <available_space>
               <start_address>0x20200044</start_address>
               <size>0x7dbc</size>
            </available_space>
            <allocated_space>
               <start_address>0x20207e00</start_address>
               <size>0x200</size>
               <logical_group_ref idref="lg-11"/>
            </allocated_space>
         </usage_details>
      </memory_area>
      <memory_area display="yes" color="green">
         <name>BCR_CONFIG</name>
         <page_id>0x0</page_id>
         <origin>0x41c00000</origin>
         <length>0xff</length>
         <used_space>0x0</used_space>
         <unused_space>0xff</unused_space>
         <attributes>R</attributes>
         <usage_details>
         </usage_details>
      </memory_area>
      <memory_area display="yes" color="green">
         <name>BSL_CONFIG</name>
         <page_id>0x0</page_id>
         <origin>0x41c00100</origin>
         <length>0x80</length>
         <used_space>0x0</used_space>
         <unused_space>0x80</unused_space>
         <attributes>R</attributes>
         <usage_details>
         </usage_details>
      </memory_area>
   </placement_map>
   <cptbl_list>
      <cptbl>
         <name>__TI_cinit_table</name>
         <cprec>
            <name>.data</name>
            <load_address>0xf70</load_address>
            <load_size>0x2d</load_size>
            <run_address>0x20200000</run_address>
            <run_size>0x44</run_size>
            <compression>lzss</compression>
         </cprec>
      </cptbl>
   </cptbl_list>
   <handler_table>
      <handler_table_name>__TI_handler_table</handler_table_name>
      <handler>
         <index>0x0</index>
         <name>__TI_decompress_lzss</name>
      </handler>
      <handler>
         <index>0x1</index>
         <name>__TI_decompress_none</name>
      </handler>
   </handler_table>
   <symbol_table>
      <symbol id="sm-1">
         <name>__start___llvm_prf_cnts</name>
         <value>0x20200000</value>
      </symbol>
      <symbol id="sm-2">
         <name>__stop___llvm_prf_cnts</name>
         <value>0x20200000</value>
      </symbol>
      <symbol id="sm-3">
         <name>__start___llvm_prf_bits</name>
         <value>0x20200000</value>
      </symbol>
      <symbol id="sm-4">
         <name>__stop___llvm_prf_bits</name>
         <value>0x20200000</value>
      </symbol>
      <symbol id="sm-5">
         <name>__TI_CINIT_Base</name>
         <value>0xfa8</value>
      </symbol>
      <symbol id="sm-6">
         <name>__TI_CINIT_Limit</name>
         <value>0xfb0</value>
      </symbol>
      <symbol id="sm-7">
         <name>__TI_CINIT_Warm</name>
         <value>0xfb0</value>
      </symbol>
      <symbol id="sm-8">
         <name>__TI_Handler_Table_Base</name>
         <value>0xfa0</value>
      </symbol>
      <symbol id="sm-9">
         <name>__TI_Handler_Table_Limit</name>
         <value>0xfa8</value>
      </symbol>
      <symbol id="sm-a">
         <name>binit</name>
         <value>0xffffffff</value>
      </symbol>
      <symbol id="sm-b">
         <name>__binit__</name>
         <value>0xffffffff</value>
      </symbol>
      <symbol id="sm-c">
         <name>__STACK_SIZE</name>
         <value>0x200</value>
      </symbol>
      <symbol id="sm-d">
         <name>__STACK_END</name>
         <value>0x20208000</value>
      </symbol>
      <symbol id="sm-e">
         <name>__TI_pprof_out_hndl</name>
         <value>0xffffffff</value>
      </symbol>
      <symbol id="sm-f">
         <name>__TI_prof_data_start</name>
         <value>0xffffffff</value>
      </symbol>
      <symbol id="sm-10">
         <name>__TI_prof_data_size</name>
         <value>0xffffffff</value>
      </symbol>
      <symbol id="sm-3c">
         <name>OutputFunction</name>
         <value>0xeb7</value>
         <object_component_ref idref="oc-b6"/>
      </symbol>
      <symbol id="sm-50">
         <name>Group1CallbackFunction</name>
         <value>0xb89</value>
         <object_component_ref idref="oc-92"/>
      </symbol>
      <symbol id="sm-51">
         <name>OutputSong</name>
         <value>0x8a1</value>
         <object_component_ref idref="oc-d9"/>
      </symbol>
      <symbol id="sm-52">
         <name>main</name>
         <value>0x6f9</value>
         <object_component_ref idref="oc-84"/>
      </symbol>
      <symbol id="sm-53">
         <name>Group1</name>
         <value>0x2020002c</value>
         <object_component_ref idref="oc-74"/>
      </symbol>
      <symbol id="sm-54">
         <name>TimerA1ClockConfig</name>
         <value>0x20200020</value>
         <object_component_ref idref="oc-bd"/>
      </symbol>
      <symbol id="sm-55">
         <name>TimerA1TimerConfig</name>
         <value>0x20200034</value>
         <object_component_ref idref="oc-be"/>
      </symbol>
      <symbol id="sm-56">
         <name>TimerA1PWMConfig</name>
         <value>0x20200000</value>
         <object_component_ref idref="oc-bf"/>
      </symbol>
      <symbol id="sm-57">
         <name>NextStateAlgorithm</name>
         <value>0xd47</value>
         <object_component_ref idref="oc-f3"/>
      </symbol>
      <symbol id="sm-62">
         <name>Default_Handler</name>
         <value>0x253</value>
         <object_component_ref idref="oc-33"/>
      </symbol>
      <symbol id="sm-63">
         <name>Reset_Handler</name>
         <value>0xf3b</value>
         <object_component_ref idref="oc-2f"/>
      </symbol>
      <symbol id="sm-64">
         <name>interruptVectors</name>
         <value>0x0</value>
         <object_component_ref idref="oc-18"/>
      </symbol>
      <symbol id="sm-65">
         <name>NMI_Handler</name>
         <value>0x253</value>
         <object_component_ref idref="oc-33"/>
      </symbol>
      <symbol id="sm-66">
         <name>HardFault_Handler</name>
         <value>0x253</value>
         <object_component_ref idref="oc-33"/>
      </symbol>
      <symbol id="sm-67">
         <name>SVC_Handler</name>
         <value>0x253</value>
         <object_component_ref idref="oc-33"/>
      </symbol>
      <symbol id="sm-68">
         <name>PendSV_Handler</name>
         <value>0x253</value>
         <object_component_ref idref="oc-33"/>
      </symbol>
      <symbol id="sm-69">
         <name>SysTick_Handler</name>
         <value>0x253</value>
         <object_component_ref idref="oc-33"/>
      </symbol>
      <symbol id="sm-74">
         <name>InitializeBoosterpack</name>
         <value>0xa7d</value>
         <object_component_ref idref="oc-a7"/>
      </symbol>
      <symbol id="sm-82">
         <name>ActivatePortAandB</name>
         <value>0xd81</value>
         <object_component_ref idref="oc-ec"/>
      </symbol>
      <symbol id="sm-83">
         <name>InitializeLaunchpad</name>
         <value>0x7d9</value>
         <object_component_ref idref="oc-a1"/>
      </symbol>
      <symbol id="sm-97">
         <name>ClockInitialization_4MHz_32MHz</name>
         <value>0x9e9</value>
         <object_component_ref idref="oc-e9"/>
      </symbol>
      <symbol id="sm-98">
         <name>ClockInitialization_80MHz</name>
         <value>0x255</value>
         <object_component_ref idref="oc-e8"/>
      </symbol>
      <symbol id="sm-99">
         <name>ClockInitialization_40MHz</name>
         <value>0x3d9</value>
         <object_component_ref idref="oc-e6"/>
      </symbol>
      <symbol id="sm-9a">
         <name>ClockDelay</name>
         <value>0xe5d</value>
         <object_component_ref idref="oc-e1"/>
      </symbol>
      <symbol id="sm-d5">
         <name>Default_Callback</name>
         <value>0xe97</value>
         <object_component_ref idref="oc-96"/>
      </symbol>
      <symbol id="sm-d6">
         <name>GROUP0_IRQHandler</name>
         <value>0xe9f</value>
         <object_component_ref idref="oc-34"/>
      </symbol>
      <symbol id="sm-d7">
         <name>GROUP1_IRQHandler</name>
         <value>0xe3d</value>
         <object_component_ref idref="oc-39"/>
      </symbol>
      <symbol id="sm-d8">
         <name>TIMG8_IRQHandler</name>
         <value>0xe4d</value>
         <object_component_ref idref="oc-3a"/>
      </symbol>
      <symbol id="sm-d9">
         <name>TimerG8</name>
         <value>0x2020003c</value>
         <object_component_ref idref="oc-76"/>
      </symbol>
      <symbol id="sm-da">
         <name>UART3_IRQHandler</name>
         <value>0xf1f</value>
         <object_component_ref idref="oc-3b"/>
      </symbol>
      <symbol id="sm-db">
         <name>ADC0_IRQHandler</name>
         <value>0xe67</value>
         <object_component_ref idref="oc-3c"/>
      </symbol>
      <symbol id="sm-dc">
         <name>ADC1_IRQHandler</name>
         <value>0xe6f</value>
         <object_component_ref idref="oc-3d"/>
      </symbol>
      <symbol id="sm-dd">
         <name>CANFD0_IRQHandler</name>
         <value>0xe7f</value>
         <object_component_ref idref="oc-3e"/>
      </symbol>
      <symbol id="sm-de">
         <name>DAC0_IRQHandler</name>
         <value>0xe87</value>
         <object_component_ref idref="oc-3f"/>
      </symbol>
      <symbol id="sm-df">
         <name>SPI0_IRQHandler</name>
         <value>0xec7</value>
         <object_component_ref idref="oc-40"/>
      </symbol>
      <symbol id="sm-e0">
         <name>SPI1_IRQHandler</name>
         <value>0xecf</value>
         <object_component_ref idref="oc-41"/>
      </symbol>
      <symbol id="sm-e1">
         <name>UART1_IRQHandler</name>
         <value>0xf0f</value>
         <object_component_ref idref="oc-42"/>
      </symbol>
      <symbol id="sm-e2">
         <name>UART2_IRQHandler</name>
         <value>0xf17</value>
         <object_component_ref idref="oc-43"/>
      </symbol>
      <symbol id="sm-e3">
         <name>UART0_IRQHandler</name>
         <value>0xf07</value>
         <object_component_ref idref="oc-44"/>
      </symbol>
      <symbol id="sm-e4">
         <name>TIMG0_IRQHandler</name>
         <value>0xee7</value>
         <object_component_ref idref="oc-45"/>
      </symbol>
      <symbol id="sm-e5">
         <name>TIMG6_IRQHandler</name>
         <value>0xef7</value>
         <object_component_ref idref="oc-46"/>
      </symbol>
      <symbol id="sm-e6">
         <name>TIMA0_IRQHandler</name>
         <value>0xed7</value>
         <object_component_ref idref="oc-47"/>
      </symbol>
      <symbol id="sm-e7">
         <name>TIMA1_IRQHandler</name>
         <value>0xedf</value>
         <object_component_ref idref="oc-48"/>
      </symbol>
      <symbol id="sm-e8">
         <name>TIMG7_IRQHandler</name>
         <value>0xeff</value>
         <object_component_ref idref="oc-49"/>
      </symbol>
      <symbol id="sm-e9">
         <name>TIMG12_IRQHandler</name>
         <value>0xeef</value>
         <object_component_ref idref="oc-4a"/>
      </symbol>
      <symbol id="sm-ea">
         <name>I2C0_IRQHandler</name>
         <value>0xea7</value>
         <object_component_ref idref="oc-4b"/>
      </symbol>
      <symbol id="sm-eb">
         <name>I2C1_IRQHandler</name>
         <value>0xeaf</value>
         <object_component_ref idref="oc-4c"/>
      </symbol>
      <symbol id="sm-ec">
         <name>AES_IRQHandler</name>
         <value>0xe77</value>
         <object_component_ref idref="oc-4d"/>
      </symbol>
      <symbol id="sm-ed">
         <name>RTC_IRQHandler</name>
         <value>0xebf</value>
         <object_component_ref idref="oc-4e"/>
      </symbol>
      <symbol id="sm-ee">
         <name>DMA_IRQHandler</name>
         <value>0xe8f</value>
         <object_component_ref idref="oc-4f"/>
      </symbol>
      <symbol id="sm-102">
         <name>InitializeTimerClock</name>
         <value>0xc3d</value>
         <object_component_ref idref="oc-ad"/>
      </symbol>
      <symbol id="sm-103">
         <name>InitializeTimerPWM</name>
         <value>0xbe9</value>
         <object_component_ref idref="oc-b4"/>
      </symbol>
      <symbol id="sm-104">
         <name>InitializeTimerCompare</name>
         <value>0xe15</value>
         <object_component_ref idref="oc-b3"/>
      </symbol>
      <symbol id="sm-105">
         <name>EnableTimer</name>
         <value>0xdf9</value>
         <object_component_ref idref="oc-b5"/>
      </symbol>
      <symbol id="sm-107">
         <name>__TI_ATRegion0_src_addr</name>
         <value>0x0</value>
      </symbol>
      <symbol id="sm-108">
         <name>__TI_ATRegion0_trg_addr</name>
         <value>0x0</value>
      </symbol>
      <symbol id="sm-109">
         <name>__TI_ATRegion0_region_sz</name>
         <value>0x0</value>
      </symbol>
      <symbol id="sm-10a">
         <name>__TI_ATRegion1_src_addr</name>
         <value>0x0</value>
      </symbol>
      <symbol id="sm-10b">
         <name>__TI_ATRegion1_trg_addr</name>
         <value>0x0</value>
      </symbol>
      <symbol id="sm-10c">
         <name>__TI_ATRegion1_region_sz</name>
         <value>0x0</value>
      </symbol>
      <symbol id="sm-10d">
         <name>__TI_ATRegion2_src_addr</name>
         <value>0x0</value>
      </symbol>
      <symbol id="sm-10e">
         <name>__TI_ATRegion2_trg_addr</name>
         <value>0x0</value>
      </symbol>
      <symbol id="sm-10f">
         <name>__TI_ATRegion2_region_sz</name>
         <value>0x0</value>
      </symbol>
      <symbol id="sm-11a">
         <name>_c_int00_noargs</name>
         <value>0xdad</value>
         <object_component_ref idref="oc-6b"/>
      </symbol>
      <symbol id="sm-11b">
         <name>__stack</name>
         <value>0x20207e00</value>
         <object_component_ref idref="oc-1a"/>
      </symbol>
      <symbol id="sm-127">
         <name>__TI_auto_init_nobinit_nopinit</name>
         <value>0xcd1</value>
         <object_component_ref idref="oc-c7"/>
      </symbol>
      <symbol id="sm-12f">
         <name>_system_pre_init</name>
         <value>0xf3f</value>
         <object_component_ref idref="oc-80"/>
      </symbol>
      <symbol id="sm-13a">
         <name>__TI_decompress_none</name>
         <value>0xe29</value>
         <object_component_ref idref="oc-20"/>
      </symbol>
      <symbol id="sm-145">
         <name>__TI_decompress_lzss</name>
         <value>0xb0d</value>
         <object_component_ref idref="oc-1c"/>
      </symbol>
      <symbol id="sm-14f">
         <name>abort</name>
         <value>0xf31</value>
         <object_component_ref idref="oc-c0"/>
      </symbol>
      <symbol id="sm-159">
         <name>HOSTexit</name>
         <value>0xf37</value>
         <object_component_ref idref="oc-f4"/>
      </symbol>
      <symbol id="sm-15a">
         <name>C$$EXIT</name>
         <value>0xf36</value>
         <object_component_ref idref="oc-f4"/>
      </symbol>
      <symbol id="sm-160">
         <name>__aeabi_dadd</name>
         <value>0xcb</value>
         <object_component_ref idref="oc-108"/>
      </symbol>
      <symbol id="sm-161">
         <name>__adddf3</name>
         <value>0xcb</value>
         <object_component_ref idref="oc-108"/>
      </symbol>
      <symbol id="sm-162">
         <name>__aeabi_dsub</name>
         <value>0xc1</value>
         <object_component_ref idref="oc-108"/>
      </symbol>
      <symbol id="sm-163">
         <name>__subdf3</name>
         <value>0xc1</value>
         <object_component_ref idref="oc-108"/>
      </symbol>
      <symbol id="sm-169">
         <name>__aeabi_dmul</name>
         <value>0x615</value>
         <object_component_ref idref="oc-10c"/>
      </symbol>
      <symbol id="sm-16a">
         <name>__muldf3</name>
         <value>0x615</value>
         <object_component_ref idref="oc-10c"/>
      </symbol>
      <symbol id="sm-170">
         <name>__muldsi3</name>
         <value>0xd0d</value>
         <object_component_ref idref="oc-128"/>
      </symbol>
      <symbol id="sm-176">
         <name>__aeabi_ddiv</name>
         <value>0x509</value>
         <object_component_ref idref="oc-110"/>
      </symbol>
      <symbol id="sm-177">
         <name>__divdf3</name>
         <value>0x509</value>
         <object_component_ref idref="oc-110"/>
      </symbol>
      <symbol id="sm-17d">
         <name>__aeabi_d2uiz</name>
         <value>0xc8d</value>
         <object_component_ref idref="oc-114"/>
      </symbol>
      <symbol id="sm-17e">
         <name>__fixunsdfsi</name>
         <value>0xc8d</value>
         <object_component_ref idref="oc-114"/>
      </symbol>
      <symbol id="sm-184">
         <name>__aeabi_ui2d</name>
         <value>0xdd5</value>
         <object_component_ref idref="oc-104"/>
      </symbol>
      <symbol id="sm-185">
         <name>__floatunsidf</name>
         <value>0xdd5</value>
         <object_component_ref idref="oc-104"/>
      </symbol>
      <symbol id="sm-18b">
         <name>__aeabi_memcpy</name>
         <value>0xf29</value>
         <object_component_ref idref="oc-5b"/>
      </symbol>
      <symbol id="sm-18c">
         <name>__aeabi_memcpy4</name>
         <value>0xf29</value>
         <object_component_ref idref="oc-5b"/>
      </symbol>
      <symbol id="sm-18d">
         <name>__aeabi_memcpy8</name>
         <value>0xf29</value>
         <object_component_ref idref="oc-5b"/>
      </symbol>
      <symbol id="sm-1a7">
         <name>memcpy</name>
         <value>0x94d</value>
         <object_component_ref idref="oc-9c"/>
      </symbol>
      <symbol id="sm-1a8">
         <name>__TI_static_base__</name>
         <value>0x0</value>
      </symbol>
      <symbol id="sm-1ab">
         <name>__mpu_init</name>
         <value>0x0</value>
      </symbol>
      <symbol id="sm-1ac">
         <name>_system_post_cinit</name>
         <value>0x0</value>
      </symbol>
   </symbol_table>
   <title>Link successful</title>
</link_info>
