<?xml version="1.0" encoding="ISO-8859-1" ?>
<link_info>
   <banner>TI ARM Clang Linker PC v4.0.3.LTS</banner>
   <copyright>Copyright (c) 1996-2018 Texas Instruments Incorporated</copyright>
   <command_line>C:\ti\ccs2020\ccs\tools\compiler\ti-cgt-armllvm_4.0.3.LTS\bin\tiarmlnk -IC:\ti\ccs2020\ccs\tools\compiler\ti-cgt-armllvm_4.0.3.LTS\lib -o SPI_LCD_HelloWorld.out -mSPI_LCD_HelloWorld.map -iC:/ti/mspm0_sdk_2_07_00_05/source -iC:/Users/perid/Intro_To_Embedded_Projects/SPI_LCD_HelloWorld -iC:/ti/ccs2020/ccs/tools/compiler/ti-cgt-armllvm_4.0.3.LTS/lib --diag_wrap=off --display_error_number --warn_sections --xml_link_info=SPI_LCD_HelloWorld_linkInfo.xml --rom_model ./main.o ./startup_mspm0g350x_ticlang.o ./LP_MSPM0G3507/LCD.o ./LP_MSPM0G3507/MKII.o ./LP_MSPM0G3507/SPI.o ./LP_MSPM0G3507/bsp.o ./LP_MSPM0G3507/clock.o ./LP_MSPM0G3507/mspm0g350x_int.o ./LP_MSPM0G3507/timer.o ./LP_MSPM0G3507/uart.o ../mspm0g3507.cmd -lC:/ti/mspm0_sdk_2_07_00_05/source/ti/driverlib/lib/ticlang/m0p/mspm0g1x0x_g3x0x/driverlib.a -llibc.a --start-group -llibc++.a -llibc++abi.a -llibc.a -llibsys.a -llibsysbm.a -llibclang_rt.builtins.a -llibclang_rt.profile.a --end-group --cg_opt_level=0</command_line>
   <link_time>0x691248bb</link_time>
   <link_errors>0x0</link_errors>
   <output_file>C:\Users\perid\Intro_To_Embedded_Projects\SPI_LCD_HelloWorld\Debug\SPI_LCD_HelloWorld.out</output_file>
   <entry_point>
      <name>_c_int00_noargs</name>
      <address>0x1131</address>
   </entry_point>
   <input_file_list>
      <input_file id="fl-1">
         <path>C:\Users\perid\Intro_To_Embedded_Projects\SPI_LCD_HelloWorld\Debug\.\</path>
         <kind>object</kind>
         <file>main.o</file>
         <name>main.o</name>
      </input_file>
      <input_file id="fl-2">
         <path>C:\Users\perid\Intro_To_Embedded_Projects\SPI_LCD_HelloWorld\Debug\.\</path>
         <kind>object</kind>
         <file>startup_mspm0g350x_ticlang.o</file>
         <name>startup_mspm0g350x_ticlang.o</name>
      </input_file>
      <input_file id="fl-3">
         <path>C:\Users\perid\Intro_To_Embedded_Projects\SPI_LCD_HelloWorld\Debug\.\LP_MSPM0G3507\</path>
         <kind>object</kind>
         <file>LCD.o</file>
         <name>LCD.o</name>
      </input_file>
      <input_file id="fl-4">
         <path>C:\Users\perid\Intro_To_Embedded_Projects\SPI_LCD_HelloWorld\Debug\.\LP_MSPM0G3507\</path>
         <kind>object</kind>
         <file>MKII.o</file>
         <name>MKII.o</name>
      </input_file>
      <input_file id="fl-5">
         <path>C:\Users\perid\Intro_To_Embedded_Projects\SPI_LCD_HelloWorld\Debug\.\LP_MSPM0G3507\</path>
         <kind>object</kind>
         <file>SPI.o</file>
         <name>SPI.o</name>
      </input_file>
      <input_file id="fl-6">
         <path>C:\Users\perid\Intro_To_Embedded_Projects\SPI_LCD_HelloWorld\Debug\.\LP_MSPM0G3507\</path>
         <kind>object</kind>
         <file>bsp.o</file>
         <name>bsp.o</name>
      </input_file>
      <input_file id="fl-7">
         <path>C:\Users\perid\Intro_To_Embedded_Projects\SPI_LCD_HelloWorld\Debug\.\LP_MSPM0G3507\</path>
         <kind>object</kind>
         <file>clock.o</file>
         <name>clock.o</name>
      </input_file>
      <input_file id="fl-8">
         <path>C:\Users\perid\Intro_To_Embedded_Projects\SPI_LCD_HelloWorld\Debug\.\LP_MSPM0G3507\</path>
         <kind>object</kind>
         <file>mspm0g350x_int.o</file>
         <name>mspm0g350x_int.o</name>
      </input_file>
      <input_file id="fl-9">
         <path>C:\Users\perid\Intro_To_Embedded_Projects\SPI_LCD_HelloWorld\Debug\.\LP_MSPM0G3507\</path>
         <kind>object</kind>
         <file>timer.o</file>
         <name>timer.o</name>
      </input_file>
      <input_file id="fl-a">
         <path>C:\Users\perid\Intro_To_Embedded_Projects\SPI_LCD_HelloWorld\Debug\.\LP_MSPM0G3507\</path>
         <kind>object</kind>
         <file>uart.o</file>
         <name>uart.o</name>
      </input_file>
      <input_file id="fl-16">
         <path>C:\Users\perid\Intro_To_Embedded_Projects\SPI_LCD_HelloWorld\Debug\</path>
         <kind>object</kind>
         <file>&lt;internal&gt;</file>
         <name>&lt;internal&gt;</name>
      </input_file>
      <input_file id="fl-2d">
         <path>C:\ti\ccs2020\ccs\tools\compiler\ti-cgt-armllvm_4.0.3.LTS\lib\armv6m-ti-none-eabi\c\</path>
         <kind>archive</kind>
         <file>libc.a</file>
         <name>boot_cortex_m.c.obj</name>
      </input_file>
      <input_file id="fl-2e">
         <path>C:\ti\ccs2020\ccs\tools\compiler\ti-cgt-armllvm_4.0.3.LTS\lib\armv6m-ti-none-eabi\c\</path>
         <kind>archive</kind>
         <file>libc.a</file>
         <name>mathacl_init.c.obj</name>
      </input_file>
      <input_file id="fl-2f">
         <path>C:\ti\ccs2020\ccs\tools\compiler\ti-cgt-armllvm_4.0.3.LTS\lib\armv6m-ti-none-eabi\c\</path>
         <kind>archive</kind>
         <file>libc.a</file>
         <name>autoinit.c.obj</name>
      </input_file>
      <input_file id="fl-30">
         <path>C:\ti\ccs2020\ccs\tools\compiler\ti-cgt-armllvm_4.0.3.LTS\lib\armv6m-ti-none-eabi\c\</path>
         <kind>archive</kind>
         <file>libc.a</file>
         <name>pre_init.c.obj</name>
      </input_file>
      <input_file id="fl-31">
         <path>C:\ti\ccs2020\ccs\tools\compiler\ti-cgt-armllvm_4.0.3.LTS\lib\armv6m-ti-none-eabi\c\</path>
         <kind>archive</kind>
         <file>libc.a</file>
         <name>cpy_tbl.c.obj</name>
      </input_file>
      <input_file id="fl-32">
         <path>C:\ti\ccs2020\ccs\tools\compiler\ti-cgt-armllvm_4.0.3.LTS\lib\armv6m-ti-none-eabi\c\</path>
         <kind>archive</kind>
         <file>libc.a</file>
         <name>copy_zero_init.c.obj</name>
      </input_file>
      <input_file id="fl-33">
         <path>C:\ti\ccs2020\ccs\tools\compiler\ti-cgt-armllvm_4.0.3.LTS\lib\armv6m-ti-none-eabi\c\</path>
         <kind>archive</kind>
         <file>libc.a</file>
         <name>copy_decompress_none.c.obj</name>
      </input_file>
      <input_file id="fl-34">
         <path>C:\ti\ccs2020\ccs\tools\compiler\ti-cgt-armllvm_4.0.3.LTS\lib\armv6m-ti-none-eabi\c\</path>
         <kind>archive</kind>
         <file>libc.a</file>
         <name>copy_decompress_lzss.c.obj</name>
      </input_file>
      <input_file id="fl-35">
         <path>C:\ti\ccs2020\ccs\tools\compiler\ti-cgt-armllvm_4.0.3.LTS\lib\armv6m-ti-none-eabi\c\</path>
         <kind>archive</kind>
         <file>libc.a</file>
         <name>exit.c.obj</name>
      </input_file>
      <input_file id="fl-36">
         <path>C:\ti\ccs2020\ccs\tools\compiler\ti-cgt-armllvm_4.0.3.LTS\lib\armv6m-ti-none-eabi\c\</path>
         <kind>archive</kind>
         <file>libc.a</file>
         <name>_lock.c.obj</name>
      </input_file>
      <input_file id="fl-37">
         <path>C:\ti\ccs2020\ccs\tools\compiler\ti-cgt-armllvm_4.0.3.LTS\lib\armv6m-ti-none-eabi\c\</path>
         <kind>archive</kind>
         <file>libc.a</file>
         <name>args_main.c.obj</name>
      </input_file>
      <input_file id="fl-d7">
         <path>C:\ti\ccs2020\ccs\tools\compiler\ti-cgt-armllvm_4.0.3.LTS\lib\armv6m-ti-none-eabi\c\</path>
         <kind>archive</kind>
         <file>libsysbm.a</file>
         <name>hostexit.c.obj</name>
      </input_file>
      <input_file id="fl-d8">
         <path>C:\ti\ccs2020\ccs\tools\compiler\ti-cgt-armllvm_4.0.3.LTS\lib\armv6m-ti-none-eabi\</path>
         <kind>archive</kind>
         <file>libclang_rt.builtins.a</file>
         <name>aeabi_idivmod.S.obj</name>
      </input_file>
      <input_file id="fl-d9">
         <path>C:\ti\ccs2020\ccs\tools\compiler\ti-cgt-armllvm_4.0.3.LTS\lib\armv6m-ti-none-eabi\</path>
         <kind>archive</kind>
         <file>libclang_rt.builtins.a</file>
         <name>aeabi_memcpy.S.obj</name>
      </input_file>
      <input_file id="fl-da">
         <path>C:\ti\ccs2020\ccs\tools\compiler\ti-cgt-armllvm_4.0.3.LTS\lib\armv6m-ti-none-eabi\</path>
         <kind>archive</kind>
         <file>libclang_rt.builtins.a</file>
         <name>aeabi_memset.S.obj</name>
      </input_file>
      <input_file id="fl-db">
         <path>C:\ti\ccs2020\ccs\tools\compiler\ti-cgt-armllvm_4.0.3.LTS\lib\armv6m-ti-none-eabi\</path>
         <kind>archive</kind>
         <file>libclang_rt.builtins.a</file>
         <name>aeabi_uidivmod.S.obj</name>
      </input_file>
      <input_file id="fl-dc">
         <path>C:\ti\ccs2020\ccs\tools\compiler\ti-cgt-armllvm_4.0.3.LTS\lib\armv6m-ti-none-eabi\</path>
         <kind>archive</kind>
         <file>libclang_rt.builtins.a</file>
         <name>aeabi_div0.c.obj</name>
      </input_file>
      <input_file id="fl-dd">
         <path>C:\ti\ccs2020\ccs\tools\compiler\ti-cgt-armllvm_4.0.3.LTS\lib\armv6m-ti-none-eabi\c\</path>
         <kind>archive</kind>
         <file>libc.a</file>
         <name>memcpy16.S.obj</name>
      </input_file>
      <input_file id="fl-de">
         <path>C:\ti\ccs2020\ccs\tools\compiler\ti-cgt-armllvm_4.0.3.LTS\lib\armv6m-ti-none-eabi\c\</path>
         <kind>archive</kind>
         <file>libc.a</file>
         <name>memset16.S.obj</name>
      </input_file>
   </input_file_list>
   <object_component_list>
      <object_component id="oc-18">
         <name>.intvecs</name>
         <load_address>0x0</load_address>
         <readonly>true</readonly>
         <run_address>0x0</run_address>
         <size>0xc0</size>
         <alignment>0x4</alignment>
         <input_file_ref idref="fl-2"/>
      </object_component>
      <object_component id="oc-da">
         <name>.text.ClockInitialization_80MHz</name>
         <load_address>0xc0</load_address>
         <readonly>true</readonly>
         <executable>true</executable>
         <run_address>0xc0</run_address>
         <size>0x1ec</size>
         <alignment>0x4</alignment>
         <input_file_ref idref="fl-7"/>
      </object_component>
      <object_component id="oc-11f">
         <name>.text.LCD_DrawChar</name>
         <load_address>0x2ac</load_address>
         <readonly>true</readonly>
         <executable>true</executable>
         <run_address>0x2ac</run_address>
         <size>0x1a8</size>
         <alignment>0x4</alignment>
         <input_file_ref idref="fl-3"/>
      </object_component>
      <object_component id="oc-108">
         <name>.text.LCD_DrawCharS</name>
         <load_address>0x454</load_address>
         <readonly>true</readonly>
         <executable>true</executable>
         <run_address>0x454</run_address>
         <size>0x1a8</size>
         <alignment>0x4</alignment>
         <input_file_ref idref="fl-3"/>
      </object_component>
      <object_component id="oc-d9">
         <name>.text.ClockInitialization_40MHz</name>
         <load_address>0x5fc</load_address>
         <readonly>true</readonly>
         <executable>true</executable>
         <run_address>0x5fc</run_address>
         <size>0x140</size>
         <alignment>0x4</alignment>
         <input_file_ref idref="fl-7"/>
      </object_component>
      <object_component id="oc-e1">
         <name>.text.LCD_FillRect</name>
         <load_address>0x73c</load_address>
         <readonly>true</readonly>
         <executable>true</executable>
         <run_address>0x73c</run_address>
         <size>0x118</size>
         <alignment>0x4</alignment>
         <input_file_ref idref="fl-3"/>
      </object_component>
      <object_component id="oc-117">
         <name>.text.InitializeSPI</name>
         <load_address>0x854</load_address>
         <readonly>true</readonly>
         <executable>true</executable>
         <run_address>0x854</run_address>
         <size>0xf4</size>
         <alignment>0x4</alignment>
         <input_file_ref idref="fl-5"/>
      </object_component>
      <object_component id="oc-e5">
         <name>.text.LCD_OutChar</name>
         <load_address>0x948</load_address>
         <readonly>true</readonly>
         <executable>true</executable>
         <run_address>0x948</run_address>
         <size>0xd4</size>
         <alignment>0x4</alignment>
         <input_file_ref idref="fl-3"/>
      </object_component>
      <object_component id="oc-fb">
         <name>.text.commonInit</name>
         <load_address>0xa1c</load_address>
         <readonly>true</readonly>
         <executable>true</executable>
         <run_address>0xa1c</run_address>
         <size>0xc4</size>
         <alignment>0x4</alignment>
         <input_file_ref idref="fl-3"/>
      </object_component>
      <object_component id="oc-db">
         <name>.text.ClockInitialization_4MHz_32MHz</name>
         <load_address>0xae0</load_address>
         <readonly>true</readonly>
         <executable>true</executable>
         <run_address>0xae0</run_address>
         <size>0xb8</size>
         <alignment>0x4</alignment>
         <input_file_ref idref="fl-7"/>
      </object_component>
      <object_component id="oc-9c">
         <name>.text.InitializeBoosterpack</name>
         <load_address>0xb98</load_address>
         <readonly>true</readonly>
         <executable>true</executable>
         <run_address>0xb98</run_address>
         <size>0xa4</size>
         <alignment>0x4</alignment>
         <input_file_ref idref="fl-4"/>
      </object_component>
      <object_component id="oc-fc">
         <name>.text.commandList</name>
         <load_address>0xc3c</load_address>
         <readonly>true</readonly>
         <executable>true</executable>
         <run_address>0xc3c</run_address>
         <size>0xa2</size>
         <alignment>0x2</alignment>
         <input_file_ref idref="fl-3"/>
      </object_component>
      <object_component id="oc-12a">
         <name>.text.__aeabi_idiv0</name>
         <load_address>0xcde</load_address>
         <readonly>true</readonly>
         <executable>true</executable>
         <run_address>0xcde</run_address>
         <size>0x2</size>
         <alignment>0x2</alignment>
         <input_file_ref idref="fl-dc"/>
      </object_component>
      <object_component id="oc-de">
         <name>.text.ST7735_InitR</name>
         <load_address>0xce0</load_address>
         <readonly>true</readonly>
         <executable>true</executable>
         <run_address>0xce0</run_address>
         <size>0x90</size>
         <alignment>0x4</alignment>
         <input_file_ref idref="fl-3"/>
      </object_component>
      <object_component id="oc-106">
         <name>.text.setAddrWindow</name>
         <load_address>0xd70</load_address>
         <readonly>true</readonly>
         <executable>true</executable>
         <run_address>0xd70</run_address>
         <size>0x88</size>
         <alignment>0x4</alignment>
         <input_file_ref idref="fl-3"/>
      </object_component>
      <object_component id="oc-107">
         <name>.text.LCD_DrawString</name>
         <load_address>0xdf8</load_address>
         <readonly>true</readonly>
         <executable>true</executable>
         <run_address>0xdf8</run_address>
         <size>0x84</size>
         <alignment>0x2</alignment>
         <input_file_ref idref="fl-3"/>
      </object_component>
      <object_component id="oc-1c">
         <name>.text:decompress:lzss</name>
         <load_address>0xe7c</load_address>
         <readonly>true</readonly>
         <executable>true</executable>
         <run_address>0xe7c</run_address>
         <size>0x7c</size>
         <alignment>0x4</alignment>
         <input_file_ref idref="fl-34"/>
      </object_component>
      <object_component id="oc-120">
         <name>.text.LCD_DrawPixel</name>
         <load_address>0xef8</load_address>
         <readonly>true</readonly>
         <executable>true</executable>
         <run_address>0xef8</run_address>
         <size>0x70</size>
         <alignment>0x4</alignment>
         <input_file_ref idref="fl-3"/>
      </object_component>
      <object_component id="oc-11e">
         <name>.text.SPISendByte</name>
         <load_address>0xf68</load_address>
         <readonly>true</readonly>
         <executable>true</executable>
         <run_address>0xf68</run_address>
         <size>0x48</size>
         <alignment>0x4</alignment>
         <input_file_ref idref="fl-5"/>
      </object_component>
      <object_component id="oc-122">
         <name>.text.__aeabi_uidivmod</name>
         <load_address>0xfb0</load_address>
         <readonly>true</readonly>
         <executable>true</executable>
         <run_address>0xfb0</run_address>
         <size>0x40</size>
         <alignment>0x4</alignment>
         <input_file_ref idref="fl-db"/>
      </object_component>
      <object_component id="oc-83">
         <name>.text.main</name>
         <load_address>0xff0</load_address>
         <readonly>true</readonly>
         <executable>true</executable>
         <run_address>0xff0</run_address>
         <size>0x40</size>
         <alignment>0x4</alignment>
         <input_file_ref idref="fl-1"/>
      </object_component>
      <object_component id="oc-b8">
         <name>.text:__TI_auto_init_nobinit_nopinit</name>
         <load_address>0x1030</load_address>
         <readonly>true</readonly>
         <executable>true</executable>
         <run_address>0x1030</run_address>
         <size>0x3c</size>
         <alignment>0x4</alignment>
         <input_file_ref idref="fl-2f"/>
      </object_component>
      <object_component id="oc-d1">
         <name>.text.ActivatePortAandB</name>
         <load_address>0x106c</load_address>
         <readonly>true</readonly>
         <executable>true</executable>
         <run_address>0x106c</run_address>
         <size>0x38</size>
         <alignment>0x4</alignment>
         <input_file_ref idref="fl-6"/>
      </object_component>
      <object_component id="oc-ff">
         <name>.text.LCD_SetCursor</name>
         <load_address>0x10a4</load_address>
         <readonly>true</readonly>
         <executable>true</executable>
         <run_address>0x10a4</run_address>
         <size>0x34</size>
         <alignment>0x4</alignment>
         <input_file_ref idref="fl-3"/>
      </object_component>
      <object_component id="oc-11c">
         <name>.text.ClockDelay_1ms</name>
         <load_address>0x10d8</load_address>
         <readonly>true</readonly>
         <executable>true</executable>
         <run_address>0x10d8</run_address>
         <size>0x2c</size>
         <alignment>0x2</alignment>
         <input_file_ref idref="fl-7"/>
      </object_component>
      <object_component id="oc-a6">
         <name>.text.LCD_FillScreen</name>
         <load_address>0x1104</load_address>
         <readonly>true</readonly>
         <executable>true</executable>
         <run_address>0x1104</run_address>
         <size>0x2c</size>
         <alignment>0x4</alignment>
         <input_file_ref idref="fl-3"/>
      </object_component>
      <object_component id="oc-6b">
         <name>.text:_c_int00_noargs</name>
         <load_address>0x1130</load_address>
         <readonly>true</readonly>
         <executable>true</executable>
         <run_address>0x1130</run_address>
         <size>0x28</size>
         <alignment>0x4</alignment>
         <input_file_ref idref="fl-2d"/>
      </object_component>
      <object_component id="oc-a8">
         <name>.text.LCD_OutString</name>
         <load_address>0x1158</load_address>
         <readonly>true</readonly>
         <executable>true</executable>
         <run_address>0x1158</run_address>
         <size>0x26</size>
         <alignment>0x2</alignment>
         <input_file_ref idref="fl-3"/>
      </object_component>
      <object_component id="oc-fd">
         <name>.text.SPI_OutCommand</name>
         <load_address>0x1180</load_address>
         <readonly>true</readonly>
         <executable>true</executable>
         <run_address>0x1180</run_address>
         <size>0x20</size>
         <alignment>0x4</alignment>
         <input_file_ref idref="fl-3"/>
      </object_component>
      <object_component id="oc-fe">
         <name>.text.SPI_OutData</name>
         <load_address>0x11a0</load_address>
         <readonly>true</readonly>
         <executable>true</executable>
         <run_address>0x11a0</run_address>
         <size>0x20</size>
         <alignment>0x4</alignment>
         <input_file_ref idref="fl-3"/>
      </object_component>
      <object_component id="oc-129">
         <name>.text.pushColor</name>
         <load_address>0x11c0</load_address>
         <readonly>true</readonly>
         <executable>true</executable>
         <run_address>0x11c0</run_address>
         <size>0x1e</size>
         <alignment>0x2</alignment>
         <input_file_ref idref="fl-3"/>
      </object_component>
      <object_component id="oc-62">
         <name>.text:decompress:ZI:__TI_zero_init_nomemset</name>
         <load_address>0x11de</load_address>
         <readonly>true</readonly>
         <executable>true</executable>
         <run_address>0x11de</run_address>
         <size>0x16</size>
         <alignment>0x2</alignment>
         <input_file_ref idref="fl-32"/>
      </object_component>
      <object_component id="oc-d8">
         <name>.text.BP_TurnOffBlueLED</name>
         <load_address>0x11f4</load_address>
         <readonly>true</readonly>
         <executable>true</executable>
         <run_address>0x11f4</run_address>
         <size>0x14</size>
         <alignment>0x4</alignment>
         <input_file_ref idref="fl-4"/>
      </object_component>
      <object_component id="oc-d7">
         <name>.text.BP_TurnOffGreenLED</name>
         <load_address>0x1208</load_address>
         <readonly>true</readonly>
         <executable>true</executable>
         <run_address>0x1208</run_address>
         <size>0x14</size>
         <alignment>0x4</alignment>
         <input_file_ref idref="fl-4"/>
      </object_component>
      <object_component id="oc-a7">
         <name>.text.LCD_SetTextColor</name>
         <load_address>0x121c</load_address>
         <readonly>true</readonly>
         <executable>true</executable>
         <run_address>0x121c</run_address>
         <size>0x14</size>
         <alignment>0x4</alignment>
         <input_file_ref idref="fl-3"/>
      </object_component>
      <object_component id="oc-92">
         <name>.text:TI_memcpy_small</name>
         <load_address>0x1230</load_address>
         <readonly>true</readonly>
         <executable>true</executable>
         <run_address>0x1230</run_address>
         <size>0x12</size>
         <alignment>0x1</alignment>
         <input_file_ref idref="fl-dd"/>
      </object_component>
      <object_component id="oc-20">
         <name>.text:decompress:none</name>
         <load_address>0x1242</load_address>
         <readonly>true</readonly>
         <executable>true</executable>
         <run_address>0x1242</run_address>
         <size>0x12</size>
         <alignment>0x2</alignment>
         <input_file_ref idref="fl-33"/>
      </object_component>
      <object_component id="oc-d6">
         <name>.text.BP_TurnOffRedLED</name>
         <load_address>0x1254</load_address>
         <readonly>true</readonly>
         <executable>true</executable>
         <run_address>0x1254</run_address>
         <size>0x10</size>
         <alignment>0x4</alignment>
         <input_file_ref idref="fl-4"/>
      </object_component>
      <object_component id="oc-a9">
         <name>.text.ClockDelay</name>
         <load_address>0x1264</load_address>
         <readonly>true</readonly>
         <executable>true</executable>
         <run_address>0x1264</run_address>
         <size>0x10</size>
         <alignment>0x2</alignment>
         <input_file_ref idref="fl-7"/>
      </object_component>
      <object_component id="oc-39">
         <name>.text.GROUP1_IRQHandler</name>
         <load_address>0x1274</load_address>
         <readonly>true</readonly>
         <executable>true</executable>
         <run_address>0x1274</run_address>
         <size>0x10</size>
         <alignment>0x4</alignment>
         <input_file_ref idref="fl-8"/>
      </object_component>
      <object_component id="oc-3a">
         <name>.text.TIMG8_IRQHandler</name>
         <load_address>0x1284</load_address>
         <readonly>true</readonly>
         <executable>true</executable>
         <run_address>0x1284</run_address>
         <size>0x10</size>
         <alignment>0x4</alignment>
         <input_file_ref idref="fl-8"/>
      </object_component>
      <object_component id="oc-91">
         <name>.text.Default_Callback</name>
         <load_address>0x1294</load_address>
         <readonly>true</readonly>
         <executable>true</executable>
         <run_address>0x1294</run_address>
         <size>0xe</size>
         <alignment>0x2</alignment>
         <input_file_ref idref="fl-8"/>
      </object_component>
      <object_component id="oc-a1">
         <name>.text.LCD_Init</name>
         <load_address>0x12a2</load_address>
         <readonly>true</readonly>
         <executable>true</executable>
         <run_address>0x12a2</run_address>
         <size>0xa</size>
         <alignment>0x2</alignment>
         <input_file_ref idref="fl-3"/>
      </object_component>
      <object_component id="oc-3c">
         <name>.text.ADC0_IRQHandler</name>
         <load_address>0x12ac</load_address>
         <readonly>true</readonly>
         <executable>true</executable>
         <run_address>0x12ac</run_address>
         <size>0x8</size>
         <alignment>0x2</alignment>
         <input_file_ref idref="fl-8"/>
      </object_component>
      <object_component id="oc-3d">
         <name>.text.ADC1_IRQHandler</name>
         <load_address>0x12b4</load_address>
         <readonly>true</readonly>
         <executable>true</executable>
         <run_address>0x12b4</run_address>
         <size>0x8</size>
         <alignment>0x2</alignment>
         <input_file_ref idref="fl-8"/>
      </object_component>
      <object_component id="oc-4d">
         <name>.text.AES_IRQHandler</name>
         <load_address>0x12bc</load_address>
         <readonly>true</readonly>
         <executable>true</executable>
         <run_address>0x12bc</run_address>
         <size>0x8</size>
         <alignment>0x2</alignment>
         <input_file_ref idref="fl-8"/>
      </object_component>
      <object_component id="oc-3e">
         <name>.text.CANFD0_IRQHandler</name>
         <load_address>0x12c4</load_address>
         <readonly>true</readonly>
         <executable>true</executable>
         <run_address>0x12c4</run_address>
         <size>0x8</size>
         <alignment>0x2</alignment>
         <input_file_ref idref="fl-8"/>
      </object_component>
      <object_component id="oc-3f">
         <name>.text.DAC0_IRQHandler</name>
         <load_address>0x12cc</load_address>
         <readonly>true</readonly>
         <executable>true</executable>
         <run_address>0x12cc</run_address>
         <size>0x8</size>
         <alignment>0x2</alignment>
         <input_file_ref idref="fl-8"/>
      </object_component>
      <object_component id="oc-4f">
         <name>.text.DMA_IRQHandler</name>
         <load_address>0x12d4</load_address>
         <readonly>true</readonly>
         <executable>true</executable>
         <run_address>0x12d4</run_address>
         <size>0x8</size>
         <alignment>0x2</alignment>
         <input_file_ref idref="fl-8"/>
      </object_component>
      <object_component id="oc-34">
         <name>.text.GROUP0_IRQHandler</name>
         <load_address>0x12dc</load_address>
         <readonly>true</readonly>
         <executable>true</executable>
         <run_address>0x12dc</run_address>
         <size>0x8</size>
         <alignment>0x2</alignment>
         <input_file_ref idref="fl-8"/>
      </object_component>
      <object_component id="oc-4b">
         <name>.text.I2C0_IRQHandler</name>
         <load_address>0x12e4</load_address>
         <readonly>true</readonly>
         <executable>true</executable>
         <run_address>0x12e4</run_address>
         <size>0x8</size>
         <alignment>0x2</alignment>
         <input_file_ref idref="fl-8"/>
      </object_component>
      <object_component id="oc-4c">
         <name>.text.I2C1_IRQHandler</name>
         <load_address>0x12ec</load_address>
         <readonly>true</readonly>
         <executable>true</executable>
         <run_address>0x12ec</run_address>
         <size>0x8</size>
         <alignment>0x2</alignment>
         <input_file_ref idref="fl-8"/>
      </object_component>
      <object_component id="oc-4e">
         <name>.text.RTC_IRQHandler</name>
         <load_address>0x12f4</load_address>
         <readonly>true</readonly>
         <executable>true</executable>
         <run_address>0x12f4</run_address>
         <size>0x8</size>
         <alignment>0x2</alignment>
         <input_file_ref idref="fl-8"/>
      </object_component>
      <object_component id="oc-40">
         <name>.text.SPI0_IRQHandler</name>
         <load_address>0x12fc</load_address>
         <readonly>true</readonly>
         <executable>true</executable>
         <run_address>0x12fc</run_address>
         <size>0x8</size>
         <alignment>0x2</alignment>
         <input_file_ref idref="fl-8"/>
      </object_component>
      <object_component id="oc-41">
         <name>.text.SPI1_IRQHandler</name>
         <load_address>0x1304</load_address>
         <readonly>true</readonly>
         <executable>true</executable>
         <run_address>0x1304</run_address>
         <size>0x8</size>
         <alignment>0x2</alignment>
         <input_file_ref idref="fl-8"/>
      </object_component>
      <object_component id="oc-47">
         <name>.text.TIMA0_IRQHandler</name>
         <load_address>0x130c</load_address>
         <readonly>true</readonly>
         <executable>true</executable>
         <run_address>0x130c</run_address>
         <size>0x8</size>
         <alignment>0x2</alignment>
         <input_file_ref idref="fl-8"/>
      </object_component>
      <object_component id="oc-48">
         <name>.text.TIMA1_IRQHandler</name>
         <load_address>0x1314</load_address>
         <readonly>true</readonly>
         <executable>true</executable>
         <run_address>0x1314</run_address>
         <size>0x8</size>
         <alignment>0x2</alignment>
         <input_file_ref idref="fl-8"/>
      </object_component>
      <object_component id="oc-45">
         <name>.text.TIMG0_IRQHandler</name>
         <load_address>0x131c</load_address>
         <readonly>true</readonly>
         <executable>true</executable>
         <run_address>0x131c</run_address>
         <size>0x8</size>
         <alignment>0x2</alignment>
         <input_file_ref idref="fl-8"/>
      </object_component>
      <object_component id="oc-4a">
         <name>.text.TIMG12_IRQHandler</name>
         <load_address>0x1324</load_address>
         <readonly>true</readonly>
         <executable>true</executable>
         <run_address>0x1324</run_address>
         <size>0x8</size>
         <alignment>0x2</alignment>
         <input_file_ref idref="fl-8"/>
      </object_component>
      <object_component id="oc-46">
         <name>.text.TIMG6_IRQHandler</name>
         <load_address>0x132c</load_address>
         <readonly>true</readonly>
         <executable>true</executable>
         <run_address>0x132c</run_address>
         <size>0x8</size>
         <alignment>0x2</alignment>
         <input_file_ref idref="fl-8"/>
      </object_component>
      <object_component id="oc-49">
         <name>.text.TIMG7_IRQHandler</name>
         <load_address>0x1334</load_address>
         <readonly>true</readonly>
         <executable>true</executable>
         <run_address>0x1334</run_address>
         <size>0x8</size>
         <alignment>0x2</alignment>
         <input_file_ref idref="fl-8"/>
      </object_component>
      <object_component id="oc-44">
         <name>.text.UART0_IRQHandler</name>
         <load_address>0x133c</load_address>
         <readonly>true</readonly>
         <executable>true</executable>
         <run_address>0x133c</run_address>
         <size>0x8</size>
         <alignment>0x2</alignment>
         <input_file_ref idref="fl-8"/>
      </object_component>
      <object_component id="oc-42">
         <name>.text.UART1_IRQHandler</name>
         <load_address>0x1344</load_address>
         <readonly>true</readonly>
         <executable>true</executable>
         <run_address>0x1344</run_address>
         <size>0x8</size>
         <alignment>0x2</alignment>
         <input_file_ref idref="fl-8"/>
      </object_component>
      <object_component id="oc-43">
         <name>.text.UART2_IRQHandler</name>
         <load_address>0x134c</load_address>
         <readonly>true</readonly>
         <executable>true</executable>
         <run_address>0x134c</run_address>
         <size>0x8</size>
         <alignment>0x2</alignment>
         <input_file_ref idref="fl-8"/>
      </object_component>
      <object_component id="oc-3b">
         <name>.text.UART3_IRQHandler</name>
         <load_address>0x1354</load_address>
         <readonly>true</readonly>
         <executable>true</executable>
         <run_address>0x1354</run_address>
         <size>0x8</size>
         <alignment>0x2</alignment>
         <input_file_ref idref="fl-8"/>
      </object_component>
      <object_component id="oc-5b">
         <name>.text.__aeabi_memcpy</name>
         <load_address>0x135c</load_address>
         <readonly>true</readonly>
         <executable>true</executable>
         <run_address>0x135c</run_address>
         <size>0x8</size>
         <alignment>0x4</alignment>
         <input_file_ref idref="fl-d9"/>
      </object_component>
      <object_component id="oc-b1">
         <name>.text:abort</name>
         <load_address>0x1364</load_address>
         <readonly>true</readonly>
         <executable>true</executable>
         <run_address>0x1364</run_address>
         <size>0x6</size>
         <alignment>0x2</alignment>
         <input_file_ref idref="fl-35"/>
      </object_component>
      <object_component id="oc-33">
         <name>.text.Default_Handler</name>
         <load_address>0x136a</load_address>
         <readonly>true</readonly>
         <executable>true</executable>
         <run_address>0x136a</run_address>
         <size>0x4</size>
         <alignment>0x2</alignment>
         <input_file_ref idref="fl-2"/>
      </object_component>
      <object_component id="oc-e8">
         <name>.text.HOSTexit</name>
         <load_address>0x136e</load_address>
         <readonly>true</readonly>
         <executable>true</executable>
         <run_address>0x136e</run_address>
         <size>0x4</size>
         <alignment>0x2</alignment>
         <input_file_ref idref="fl-d7"/>
      </object_component>
      <object_component id="oc-2f">
         <name>.text.Reset_Handler</name>
         <load_address>0x1372</load_address>
         <readonly>true</readonly>
         <executable>true</executable>
         <run_address>0x1372</run_address>
         <size>0x4</size>
         <alignment>0x2</alignment>
         <input_file_ref idref="fl-2"/>
      </object_component>
      <object_component id="oc-7f">
         <name>.text._system_pre_init</name>
         <load_address>0x1376</load_address>
         <readonly>true</readonly>
         <executable>true</executable>
         <run_address>0x1376</run_address>
         <size>0x4</size>
         <alignment>0x2</alignment>
         <input_file_ref idref="fl-30"/>
      </object_component>
      <object_component id="oc-174">
         <name>.cinit..data.load</name>
         <load_address>0x1980</load_address>
         <readonly>true</readonly>
         <run_address>0x1980</run_address>
         <size>0x16</size>
         <alignment>0x1</alignment>
      </object_component>
      <object_component id="oc-172">
         <name>__TI_handler_table</name>
         <load_address>0x1998</load_address>
         <readonly>true</readonly>
         <run_address>0x1998</run_address>
         <size>0xc</size>
         <alignment>0x4</alignment>
      </object_component>
      <object_component id="oc-175">
         <name>.cinit..bss.load</name>
         <load_address>0x19a4</load_address>
         <readonly>true</readonly>
         <run_address>0x19a4</run_address>
         <size>0x8</size>
         <alignment>0x4</alignment>
      </object_component>
      <object_component id="oc-173">
         <name>__TI_cinit_table</name>
         <load_address>0x19ac</load_address>
         <readonly>true</readonly>
         <run_address>0x19ac</run_address>
         <size>0x10</size>
         <alignment>0x4</alignment>
      </object_component>
      <object_component id="oc-121">
         <name>.rodata.Font</name>
         <load_address>0x1380</load_address>
         <readonly>true</readonly>
         <run_address>0x1380</run_address>
         <size>0x500</size>
         <alignment>0x1</alignment>
         <input_file_ref idref="fl-3"/>
      </object_component>
      <object_component id="oc-100">
         <name>.rodata.Rcmd1</name>
         <load_address>0x1880</load_address>
         <readonly>true</readonly>
         <run_address>0x1880</run_address>
         <size>0x3b</size>
         <alignment>0x1</alignment>
         <input_file_ref idref="fl-3"/>
      </object_component>
      <object_component id="oc-ae">
         <name>.rodata.str1.15159059442110792349.1</name>
         <load_address>0x18bb</load_address>
         <readonly>true</readonly>
         <run_address>0x18bb</run_address>
         <size>0x37</size>
         <alignment>0x1</alignment>
         <input_file_ref idref="fl-1"/>
      </object_component>
      <object_component id="oc-11d">
         <name>.rodata..L__const.commonInit.SPI1Config</name>
         <load_address>0x18f4</load_address>
         <readonly>true</readonly>
         <run_address>0x18f4</run_address>
         <size>0x30</size>
         <alignment>0x4</alignment>
         <input_file_ref idref="fl-3"/>
      </object_component>
      <object_component id="oc-105">
         <name>.rodata.Rcmd3</name>
         <load_address>0x1924</load_address>
         <readonly>true</readonly>
         <run_address>0x1924</run_address>
         <size>0x2b</size>
         <alignment>0x1</alignment>
         <input_file_ref idref="fl-3"/>
      </object_component>
      <object_component id="oc-10b">
         <name>.rodata.str1.9522760866108295983.1</name>
         <load_address>0x194f</load_address>
         <readonly>true</readonly>
         <run_address>0x194f</run_address>
         <size>0x16</size>
         <alignment>0x1</alignment>
         <input_file_ref idref="fl-3"/>
      </object_component>
      <object_component id="oc-102">
         <name>.rodata.Rcmd2green</name>
         <load_address>0x1965</load_address>
         <readonly>true</readonly>
         <run_address>0x1965</run_address>
         <size>0xd</size>
         <alignment>0x1</alignment>
         <input_file_ref idref="fl-3"/>
      </object_component>
      <object_component id="oc-101">
         <name>.rodata.Rcmd2red</name>
         <load_address>0x1972</load_address>
         <readonly>true</readonly>
         <run_address>0x1972</run_address>
         <size>0xd</size>
         <alignment>0x1</alignment>
         <input_file_ref idref="fl-3"/>
      </object_component>
      <object_component id="oc-13c">
         <name>.binit</name>
         <load_address>0x0</load_address>
         <readonly>true</readonly>
         <run_address>0x0</run_address>
         <size>0x0</size>
         <alignment>0x4</alignment>
      </object_component>
      <object_component id="oc-109">
         <name>.data.StX</name>
         <load_address>0x20200010</load_address>
         <readwrite>true</readwrite>
         <run_address>0x20200010</run_address>
         <size>0x4</size>
         <alignment>0x4</alignment>
         <input_file_ref idref="fl-3"/>
      </object_component>
      <object_component id="oc-10a">
         <name>.data.StY</name>
         <load_address>0x20200014</load_address>
         <readwrite>true</readwrite>
         <run_address>0x20200014</run_address>
         <size>0x4</size>
         <alignment>0x4</alignment>
         <input_file_ref idref="fl-3"/>
      </object_component>
      <object_component id="oc-e4">
         <name>.data.StTextColor</name>
         <load_address>0x20200018</load_address>
         <readwrite>true</readwrite>
         <run_address>0x20200018</run_address>
         <size>0x2</size>
         <alignment>0x2</alignment>
         <input_file_ref idref="fl-3"/>
      </object_component>
      <object_component id="oc-e2">
         <name>.data._width</name>
         <load_address>0x2020001c</load_address>
         <readwrite>true</readwrite>
         <run_address>0x2020001c</run_address>
         <size>0x2</size>
         <alignment>0x2</alignment>
         <input_file_ref idref="fl-3"/>
      </object_component>
      <object_component id="oc-e3">
         <name>.data._height</name>
         <load_address>0x2020001a</load_address>
         <readwrite>true</readwrite>
         <run_address>0x2020001a</run_address>
         <size>0x2</size>
         <alignment>0x2</alignment>
         <input_file_ref idref="fl-3"/>
      </object_component>
      <object_component id="oc-74">
         <name>.data.Group1</name>
         <load_address>0x20200000</load_address>
         <readwrite>true</readwrite>
         <run_address>0x20200000</run_address>
         <size>0x8</size>
         <alignment>0x4</alignment>
         <input_file_ref idref="fl-8"/>
      </object_component>
      <object_component id="oc-75">
         <name>.data.TimerG8</name>
         <load_address>0x20200008</load_address>
         <readwrite>true</readwrite>
         <run_address>0x20200008</run_address>
         <size>0x8</size>
         <alignment>0x4</alignment>
         <input_file_ref idref="fl-8"/>
      </object_component>
      <object_component id="oc-103">
         <name>.bss.ColStart</name>
         <uninitialized>true</uninitialized>
         <readwrite>true</readwrite>
         <run_address>0x20200024</run_address>
         <size>0x1</size>
         <alignment>0x1</alignment>
         <input_file_ref idref="fl-3"/>
      </object_component>
      <object_component id="oc-104">
         <name>.bss.RowStart</name>
         <uninitialized>true</uninitialized>
         <readwrite>true</readwrite>
         <run_address>0x20200025</run_address>
         <size>0x1</size>
         <alignment>0x1</alignment>
         <input_file_ref idref="fl-3"/>
      </object_component>
      <object_component id="oc-126">
         <name>.bss.spi_sr</name>
         <uninitialized>true</uninitialized>
         <readwrite>true</readwrite>
         <run_address>0x20200020</run_address>
         <size>0x4</size>
         <alignment>0x4</alignment>
         <input_file_ref idref="fl-5"/>
      </object_component>
      <object_component id="oc-1a">
         <name>.stack</name>
         <uninitialized>true</uninitialized>
         <readwrite>true</readwrite>
         <run_address>0x20207e00</run_address>
         <size>0x4</size>
         <alignment>0x4</alignment>
         <input_file_ref idref="fl-2d"/>
      </object_component>
      <object_component id="oc-177">
         <name>.stack</name>
         <uninitialized>true</uninitialized>
         <readwrite>true</readwrite>
         <run_address>0x20207e00</run_address>
         <size>0x0</size>
         <alignment>0x8</alignment>
      </object_component>
      <object_component id="oc-af">
         <name>.debug_abbrev</name>
         <load_address>0x0</load_address>
         <run_address>0x0</run_address>
         <size>0x7c</size>
         <alignment>0x1</alignment>
         <input_file_ref idref="fl-1"/>
      </object_component>
      <object_component id="oc-50">
         <name>.debug_abbrev</name>
         <load_address>0x7c</load_address>
         <run_address>0x7c</run_address>
         <size>0x6d</size>
         <alignment>0x1</alignment>
         <input_file_ref idref="fl-2"/>
      </object_component>
      <object_component id="oc-df">
         <name>.debug_abbrev</name>
         <load_address>0xe9</load_address>
         <run_address>0xe9</run_address>
         <size>0x170</size>
         <alignment>0x1</alignment>
         <input_file_ref idref="fl-3"/>
      </object_component>
      <object_component id="oc-dc">
         <name>.debug_abbrev</name>
         <load_address>0x259</load_address>
         <run_address>0x259</run_address>
         <size>0x10b</size>
         <alignment>0x1</alignment>
         <input_file_ref idref="fl-4"/>
      </object_component>
      <object_component id="oc-127">
         <name>.debug_abbrev</name>
         <load_address>0x364</load_address>
         <run_address>0x364</run_address>
         <size>0x104</size>
         <alignment>0x1</alignment>
         <input_file_ref idref="fl-5"/>
      </object_component>
      <object_component id="oc-f9">
         <name>.debug_abbrev</name>
         <load_address>0x468</load_address>
         <run_address>0x468</run_address>
         <size>0x12d</size>
         <alignment>0x1</alignment>
         <input_file_ref idref="fl-6"/>
      </object_component>
      <object_component id="oc-e6">
         <name>.debug_abbrev</name>
         <load_address>0x595</load_address>
         <run_address>0x595</run_address>
         <size>0x150</size>
         <alignment>0x1</alignment>
         <input_file_ref idref="fl-7"/>
      </object_component>
      <object_component id="oc-72">
         <name>.debug_abbrev</name>
         <load_address>0x6e5</load_address>
         <run_address>0x6e5</run_address>
         <size>0xaa</size>
         <alignment>0x1</alignment>
         <input_file_ref idref="fl-8"/>
      </object_component>
      <object_component id="oc-52">
         <name>.debug_abbrev</name>
         <load_address>0x78f</load_address>
         <run_address>0x78f</run_address>
         <size>0xaf</size>
         <alignment>0x1</alignment>
         <input_file_ref idref="fl-2d"/>
      </object_component>
      <object_component id="oc-f2">
         <name>.debug_abbrev</name>
         <load_address>0x83e</load_address>
         <run_address>0x83e</run_address>
         <size>0x170</size>
         <alignment>0x1</alignment>
         <input_file_ref idref="fl-2f"/>
      </object_component>
      <object_component id="oc-9a">
         <name>.debug_abbrev</name>
         <load_address>0x9ae</load_address>
         <run_address>0x9ae</run_address>
         <size>0x39</size>
         <alignment>0x1</alignment>
         <input_file_ref idref="fl-30"/>
      </object_component>
      <object_component id="oc-78">
         <name>.debug_abbrev</name>
         <load_address>0x9e7</load_address>
         <run_address>0x9e7</run_address>
         <size>0xc2</size>
         <alignment>0x1</alignment>
         <input_file_ref idref="fl-32"/>
      </object_component>
      <object_component id="oc-5f">
         <name>.debug_abbrev</name>
         <load_address>0xaa9</load_address>
         <run_address>0xaa9</run_address>
         <size>0x70</size>
         <alignment>0x1</alignment>
         <input_file_ref idref="fl-33"/>
      </object_component>
      <object_component id="oc-57">
         <name>.debug_abbrev</name>
         <load_address>0xb19</load_address>
         <run_address>0xb19</run_address>
         <size>0x8d</size>
         <alignment>0x1</alignment>
         <input_file_ref idref="fl-34"/>
      </object_component>
      <object_component id="oc-ec">
         <name>.debug_abbrev</name>
         <load_address>0xba6</load_address>
         <run_address>0xba6</run_address>
         <size>0x98</size>
         <alignment>0x1</alignment>
         <input_file_ref idref="fl-35"/>
      </object_component>
      <object_component id="oc-10c">
         <name>.debug_abbrev</name>
         <load_address>0xc3e</load_address>
         <run_address>0xc3e</run_address>
         <size>0x2c</size>
         <alignment>0x1</alignment>
         <input_file_ref idref="fl-d7"/>
      </object_component>
      <object_component id="oc-77">
         <name>.debug_abbrev</name>
         <load_address>0xc6a</load_address>
         <run_address>0xc6a</run_address>
         <size>0x27</size>
         <alignment>0x1</alignment>
         <input_file_ref idref="fl-d9"/>
      </object_component>
      <object_component id="oc-12f">
         <name>.debug_abbrev</name>
         <load_address>0xc91</load_address>
         <run_address>0xc91</run_address>
         <size>0x27</size>
         <alignment>0x1</alignment>
         <input_file_ref idref="fl-db"/>
      </object_component>
      <object_component id="oc-130">
         <name>.debug_abbrev</name>
         <load_address>0xcb8</load_address>
         <run_address>0xcb8</run_address>
         <size>0x59</size>
         <alignment>0x1</alignment>
         <input_file_ref idref="fl-dc"/>
      </object_component>
      <object_component id="oc-ca">
         <name>.debug_abbrev</name>
         <load_address>0xd11</load_address>
         <run_address>0xd11</run_address>
         <size>0x25</size>
         <alignment>0x1</alignment>
         <input_file_ref idref="fl-dd"/>
      </object_component>
      <object_component id="oc-179">
         <name>.debug_abbrev</name>
         <load_address>0xd36</load_address>
         <run_address>0xd36</run_address>
         <size>0xf</size>
         <alignment>0x0</alignment>
      </object_component>
      <object_component id="oc-84">
         <name>.debug_info</name>
         <load_address>0x0</load_address>
         <run_address>0x0</run_address>
         <size>0xc7</size>
         <alignment>0x1</alignment>
         <input_file_ref idref="fl-1"/>
      </object_component>
      <object_component id="oc-19">
         <name>.debug_info</name>
         <load_address>0xc7</load_address>
         <run_address>0xc7</run_address>
         <size>0x80</size>
         <alignment>0x1</alignment>
         <input_file_ref idref="fl-2"/>
      </object_component>
      <object_component id="oc-a5">
         <name>.debug_info</name>
         <load_address>0x147</load_address>
         <run_address>0x147</run_address>
         <size>0x1ade</size>
         <alignment>0x1</alignment>
         <input_file_ref idref="fl-3"/>
      </object_component>
      <object_component id="oc-9d">
         <name>.debug_info</name>
         <load_address>0x1c25</load_address>
         <run_address>0x1c25</run_address>
         <size>0x881</size>
         <alignment>0x1</alignment>
         <input_file_ref idref="fl-4"/>
      </object_component>
      <object_component id="oc-11b">
         <name>.debug_info</name>
         <load_address>0x24a6</load_address>
         <run_address>0x24a6</run_address>
         <size>0x5fe</size>
         <alignment>0x1</alignment>
         <input_file_ref idref="fl-5"/>
      </object_component>
      <object_component id="oc-d3">
         <name>.debug_info</name>
         <load_address>0x2aa4</load_address>
         <run_address>0x2aa4</run_address>
         <size>0x916</size>
         <alignment>0x1</alignment>
         <input_file_ref idref="fl-6"/>
      </object_component>
      <object_component id="oc-aa">
         <name>.debug_info</name>
         <load_address>0x33ba</load_address>
         <run_address>0x33ba</run_address>
         <size>0xdd2</size>
         <alignment>0x1</alignment>
         <input_file_ref idref="fl-7"/>
      </object_component>
      <object_component id="oc-35">
         <name>.debug_info</name>
         <load_address>0x418c</load_address>
         <run_address>0x418c</run_address>
         <size>0x390</size>
         <alignment>0x1</alignment>
         <input_file_ref idref="fl-8"/>
      </object_component>
      <object_component id="oc-1b">
         <name>.debug_info</name>
         <load_address>0x451c</load_address>
         <run_address>0x451c</run_address>
         <size>0x423</size>
         <alignment>0x1</alignment>
         <input_file_ref idref="fl-2d"/>
      </object_component>
      <object_component id="oc-bb">
         <name>.debug_info</name>
         <load_address>0x493f</load_address>
         <run_address>0x493f</run_address>
         <size>0x744</size>
         <alignment>0x1</alignment>
         <input_file_ref idref="fl-2f"/>
      </object_component>
      <object_component id="oc-80">
         <name>.debug_info</name>
         <load_address>0x5083</load_address>
         <run_address>0x5083</run_address>
         <size>0x46</size>
         <alignment>0x1</alignment>
         <input_file_ref idref="fl-30"/>
      </object_component>
      <object_component id="oc-63">
         <name>.debug_info</name>
         <load_address>0x50c9</load_address>
         <run_address>0x50c9</run_address>
         <size>0x192</size>
         <alignment>0x1</alignment>
         <input_file_ref idref="fl-32"/>
      </object_component>
      <object_component id="oc-22">
         <name>.debug_info</name>
         <load_address>0x525b</load_address>
         <run_address>0x525b</run_address>
         <size>0xc6</size>
         <alignment>0x1</alignment>
         <input_file_ref idref="fl-33"/>
      </object_component>
      <object_component id="oc-1d">
         <name>.debug_info</name>
         <load_address>0x5321</load_address>
         <run_address>0x5321</run_address>
         <size>0x17c</size>
         <alignment>0x1</alignment>
         <input_file_ref idref="fl-34"/>
      </object_component>
      <object_component id="oc-b2">
         <name>.debug_info</name>
         <load_address>0x549d</load_address>
         <run_address>0x549d</run_address>
         <size>0xf8</size>
         <alignment>0x1</alignment>
         <input_file_ref idref="fl-35"/>
      </object_component>
      <object_component id="oc-e9">
         <name>.debug_info</name>
         <load_address>0x5595</load_address>
         <run_address>0x5595</run_address>
         <size>0x3b</size>
         <alignment>0x1</alignment>
         <input_file_ref idref="fl-d7"/>
      </object_component>
      <object_component id="oc-5d">
         <name>.debug_info</name>
         <load_address>0x55d0</load_address>
         <run_address>0x55d0</run_address>
         <size>0x199</size>
         <alignment>0x1</alignment>
         <input_file_ref idref="fl-d9"/>
      </object_component>
      <object_component id="oc-125">
         <name>.debug_info</name>
         <load_address>0x5769</load_address>
         <run_address>0x5769</run_address>
         <size>0x1bc</size>
         <alignment>0x1</alignment>
         <input_file_ref idref="fl-db"/>
      </object_component>
      <object_component id="oc-12c">
         <name>.debug_info</name>
         <load_address>0x5925</load_address>
         <run_address>0x5925</run_address>
         <size>0x85</size>
         <alignment>0x1</alignment>
         <input_file_ref idref="fl-dc"/>
      </object_component>
      <object_component id="oc-95">
         <name>.debug_info</name>
         <load_address>0x59aa</load_address>
         <run_address>0x59aa</run_address>
         <size>0x2fa</size>
         <alignment>0x1</alignment>
         <input_file_ref idref="fl-dd"/>
      </object_component>
      <object_component id="oc-178">
         <name>.debug_info</name>
         <load_address>0x5ca4</load_address>
         <run_address>0x5ca4</run_address>
         <size>0xb6</size>
         <alignment>0x0</alignment>
      </object_component>
      <object_component id="oc-b0">
         <name>.debug_str</name>
         <load_address>0x0</load_address>
         <run_address>0x0</run_address>
         <size>0x160</size>
         <alignment>0x1</alignment>
         <input_file_ref idref="fl-1"/>
      </object_component>
      <object_component id="oc-51">
         <name>.debug_str</name>
         <load_address>0x160</load_address>
         <run_address>0x160</run_address>
         <size>0x11e</size>
         <alignment>0x1</alignment>
         <input_file_ref idref="fl-2"/>
      </object_component>
      <object_component id="oc-e0">
         <name>.debug_str</name>
         <load_address>0x27e</load_address>
         <run_address>0x27e</run_address>
         <size>0xa61</size>
         <alignment>0x1</alignment>
         <input_file_ref idref="fl-3"/>
      </object_component>
      <object_component id="oc-dd">
         <name>.debug_str</name>
         <load_address>0xcdf</load_address>
         <run_address>0xcdf</run_address>
         <size>0x5e3</size>
         <alignment>0x1</alignment>
         <input_file_ref idref="fl-4"/>
      </object_component>
      <object_component id="oc-128">
         <name>.debug_str</name>
         <load_address>0x12c2</load_address>
         <run_address>0x12c2</run_address>
         <size>0x3c6</size>
         <alignment>0x1</alignment>
         <input_file_ref idref="fl-5"/>
      </object_component>
      <object_component id="oc-fa">
         <name>.debug_str</name>
         <load_address>0x1688</load_address>
         <run_address>0x1688</run_address>
         <size>0x611</size>
         <alignment>0x1</alignment>
         <input_file_ref idref="fl-6"/>
      </object_component>
      <object_component id="oc-e7">
         <name>.debug_str</name>
         <load_address>0x1c99</load_address>
         <run_address>0x1c99</run_address>
         <size>0x7ad</size>
         <alignment>0x1</alignment>
         <input_file_ref idref="fl-7"/>
      </object_component>
      <object_component id="oc-73">
         <name>.debug_str</name>
         <load_address>0x2446</load_address>
         <run_address>0x2446</run_address>
         <size>0x2ea</size>
         <alignment>0x1</alignment>
         <input_file_ref idref="fl-8"/>
      </object_component>
      <object_component id="oc-53">
         <name>.debug_str</name>
         <load_address>0x2730</load_address>
         <run_address>0x2730</run_address>
         <size>0x225</size>
         <alignment>0x1</alignment>
         <input_file_ref idref="fl-2d"/>
      </object_component>
      <object_component id="oc-f3">
         <name>.debug_str</name>
         <load_address>0x2955</load_address>
         <run_address>0x2955</run_address>
         <size>0x32f</size>
         <alignment>0x1</alignment>
         <input_file_ref idref="fl-2f"/>
      </object_component>
      <object_component id="oc-9b">
         <name>.debug_str</name>
         <load_address>0x2c84</load_address>
         <run_address>0x2c84</run_address>
         <size>0xf5</size>
         <alignment>0x1</alignment>
         <input_file_ref idref="fl-30"/>
      </object_component>
      <object_component id="oc-79">
         <name>.debug_str</name>
         <load_address>0x2d79</load_address>
         <run_address>0x2d79</run_address>
         <size>0x19b</size>
         <alignment>0x1</alignment>
         <input_file_ref idref="fl-32"/>
      </object_component>
      <object_component id="oc-60">
         <name>.debug_str</name>
         <load_address>0x2f14</load_address>
         <run_address>0x2f14</run_address>
         <size>0x168</size>
         <alignment>0x1</alignment>
         <input_file_ref idref="fl-33"/>
      </object_component>
      <object_component id="oc-58">
         <name>.debug_str</name>
         <load_address>0x307c</load_address>
         <run_address>0x307c</run_address>
         <size>0x1d5</size>
         <alignment>0x1</alignment>
         <input_file_ref idref="fl-34"/>
      </object_component>
      <object_component id="oc-ed">
         <name>.debug_str</name>
         <load_address>0x3251</load_address>
         <run_address>0x3251</run_address>
         <size>0x148</size>
         <alignment>0x1</alignment>
         <input_file_ref idref="fl-35"/>
      </object_component>
      <object_component id="oc-10d">
         <name>.debug_str</name>
         <load_address>0x3399</load_address>
         <run_address>0x3399</run_address>
         <size>0xe9</size>
         <alignment>0x1</alignment>
         <input_file_ref idref="fl-d7"/>
      </object_component>
      <object_component id="oc-131">
         <name>.debug_str</name>
         <load_address>0x3482</load_address>
         <run_address>0x3482</run_address>
         <size>0x193</size>
         <alignment>0x1</alignment>
         <input_file_ref idref="fl-dc"/>
      </object_component>
      <object_component id="oc-86">
         <name>.debug_frame</name>
         <load_address>0x0</load_address>
         <run_address>0x0</run_address>
         <size>0x2c</size>
         <alignment>0x4</alignment>
         <input_file_ref idref="fl-1"/>
      </object_component>
      <object_component id="oc-30">
         <name>.debug_frame</name>
         <load_address>0x2c</load_address>
         <run_address>0x2c</run_address>
         <size>0x30</size>
         <alignment>0x4</alignment>
         <input_file_ref idref="fl-2"/>
      </object_component>
      <object_component id="oc-a3">
         <name>.debug_frame</name>
         <load_address>0x5c</load_address>
         <run_address>0x5c</run_address>
         <size>0x3f0</size>
         <alignment>0x4</alignment>
         <input_file_ref idref="fl-3"/>
      </object_component>
      <object_component id="oc-a0">
         <name>.debug_frame</name>
         <load_address>0x44c</load_address>
         <run_address>0x44c</run_address>
         <size>0xe4</size>
         <alignment>0x4</alignment>
         <input_file_ref idref="fl-4"/>
      </object_component>
      <object_component id="oc-119">
         <name>.debug_frame</name>
         <load_address>0x530</load_address>
         <run_address>0x530</run_address>
         <size>0x5c</size>
         <alignment>0x4</alignment>
         <input_file_ref idref="fl-5"/>
      </object_component>
      <object_component id="oc-d5">
         <name>.debug_frame</name>
         <load_address>0x58c</load_address>
         <run_address>0x58c</run_address>
         <size>0x13c</size>
         <alignment>0x4</alignment>
         <input_file_ref idref="fl-6"/>
      </object_component>
      <object_component id="oc-ac">
         <name>.debug_frame</name>
         <load_address>0x6c8</load_address>
         <run_address>0x6c8</run_address>
         <size>0xd0</size>
         <alignment>0x4</alignment>
         <input_file_ref idref="fl-7"/>
      </object_component>
      <object_component id="oc-37">
         <name>.debug_frame</name>
         <load_address>0x798</load_address>
         <run_address>0x798</run_address>
         <size>0x26c</size>
         <alignment>0x4</alignment>
         <input_file_ref idref="fl-8"/>
      </object_component>
      <object_component id="oc-6a">
         <name>.debug_frame</name>
         <load_address>0xa04</load_address>
         <run_address>0xa04</run_address>
         <size>0x90</size>
         <alignment>0x4</alignment>
         <input_file_ref idref="fl-2d"/>
      </object_component>
      <object_component id="oc-bc">
         <name>.debug_frame</name>
         <load_address>0xa94</load_address>
         <run_address>0xa94</run_address>
         <size>0x100</size>
         <alignment>0x4</alignment>
         <input_file_ref idref="fl-2f"/>
      </object_component>
      <object_component id="oc-81">
         <name>.debug_frame</name>
         <load_address>0xb94</load_address>
         <run_address>0xb94</run_address>
         <size>0x20</size>
         <alignment>0x4</alignment>
         <input_file_ref idref="fl-30"/>
      </object_component>
      <object_component id="oc-67">
         <name>.debug_frame</name>
         <load_address>0xbb4</load_address>
         <run_address>0xbb4</run_address>
         <size>0x38</size>
         <alignment>0x4</alignment>
         <input_file_ref idref="fl-32"/>
      </object_component>
      <object_component id="oc-21">
         <name>.debug_frame</name>
         <load_address>0xbec</load_address>
         <run_address>0xbec</run_address>
         <size>0x28</size>
         <alignment>0x4</alignment>
         <input_file_ref idref="fl-33"/>
      </object_component>
      <object_component id="oc-1e">
         <name>.debug_frame</name>
         <load_address>0xc14</load_address>
         <run_address>0xc14</run_address>
         <size>0x30</size>
         <alignment>0x4</alignment>
         <input_file_ref idref="fl-34"/>
      </object_component>
      <object_component id="oc-b5">
         <name>.debug_frame</name>
         <load_address>0xc44</load_address>
         <run_address>0xc44</run_address>
         <size>0x30</size>
         <alignment>0x4</alignment>
         <input_file_ref idref="fl-35"/>
      </object_component>
      <object_component id="oc-ea">
         <name>.debug_frame</name>
         <load_address>0xc74</load_address>
         <run_address>0xc74</run_address>
         <size>0x20</size>
         <alignment>0x4</alignment>
         <input_file_ref idref="fl-d7"/>
      </object_component>
      <object_component id="oc-12b">
         <name>.debug_frame</name>
         <load_address>0xc94</load_address>
         <run_address>0xc94</run_address>
         <size>0x30</size>
         <alignment>0x4</alignment>
         <input_file_ref idref="fl-dc"/>
      </object_component>
      <object_component id="oc-85">
         <name>.debug_line</name>
         <load_address>0x0</load_address>
         <run_address>0x0</run_address>
         <size>0x107</size>
         <alignment>0x1</alignment>
         <input_file_ref idref="fl-1"/>
      </object_component>
      <object_component id="oc-32">
         <name>.debug_line</name>
         <load_address>0x107</load_address>
         <run_address>0x107</run_address>
         <size>0x69</size>
         <alignment>0x1</alignment>
         <input_file_ref idref="fl-2"/>
      </object_component>
      <object_component id="oc-a2">
         <name>.debug_line</name>
         <load_address>0x170</load_address>
         <run_address>0x170</run_address>
         <size>0x1677</size>
         <alignment>0x1</alignment>
         <input_file_ref idref="fl-3"/>
      </object_component>
      <object_component id="oc-9f">
         <name>.debug_line</name>
         <load_address>0x17e7</load_address>
         <run_address>0x17e7</run_address>
         <size>0x38b</size>
         <alignment>0x1</alignment>
         <input_file_ref idref="fl-4"/>
      </object_component>
      <object_component id="oc-11a">
         <name>.debug_line</name>
         <load_address>0x1b72</load_address>
         <run_address>0x1b72</run_address>
         <size>0x339</size>
         <alignment>0x1</alignment>
         <input_file_ref idref="fl-5"/>
      </object_component>
      <object_component id="oc-d4">
         <name>.debug_line</name>
         <load_address>0x1eab</load_address>
         <run_address>0x1eab</run_address>
         <size>0x494</size>
         <alignment>0x1</alignment>
         <input_file_ref idref="fl-6"/>
      </object_component>
      <object_component id="oc-ad">
         <name>.debug_line</name>
         <load_address>0x233f</load_address>
         <run_address>0x233f</run_address>
         <size>0x70d</size>
         <alignment>0x1</alignment>
         <input_file_ref idref="fl-7"/>
      </object_component>
      <object_component id="oc-38">
         <name>.debug_line</name>
         <load_address>0x2a4c</load_address>
         <run_address>0x2a4c</run_address>
         <size>0x2e1</size>
         <alignment>0x1</alignment>
         <input_file_ref idref="fl-8"/>
      </object_component>
      <object_component id="oc-54">
         <name>.debug_line</name>
         <load_address>0x2d2d</load_address>
         <run_address>0x2d2d</run_address>
         <size>0x1dc</size>
         <alignment>0x1</alignment>
         <input_file_ref idref="fl-2d"/>
      </object_component>
      <object_component id="oc-b9">
         <name>.debug_line</name>
         <load_address>0x2f09</load_address>
         <run_address>0x2f09</run_address>
         <size>0x51a</size>
         <alignment>0x1</alignment>
         <input_file_ref idref="fl-2f"/>
      </object_component>
      <object_component id="oc-82">
         <name>.debug_line</name>
         <load_address>0x3423</load_address>
         <run_address>0x3423</run_address>
         <size>0x3e</size>
         <alignment>0x1</alignment>
         <input_file_ref idref="fl-30"/>
      </object_component>
      <object_component id="oc-65">
         <name>.debug_line</name>
         <load_address>0x3461</load_address>
         <run_address>0x3461</run_address>
         <size>0xfe</size>
         <alignment>0x1</alignment>
         <input_file_ref idref="fl-32"/>
      </object_component>
      <object_component id="oc-23">
         <name>.debug_line</name>
         <load_address>0x355f</load_address>
         <run_address>0x355f</run_address>
         <size>0xc0</size>
         <alignment>0x1</alignment>
         <input_file_ref idref="fl-33"/>
      </object_component>
      <object_component id="oc-1f">
         <name>.debug_line</name>
         <load_address>0x361f</load_address>
         <run_address>0x361f</run_address>
         <size>0x1c8</size>
         <alignment>0x1</alignment>
         <input_file_ref idref="fl-34"/>
      </object_component>
      <object_component id="oc-b4">
         <name>.debug_line</name>
         <load_address>0x37e7</load_address>
         <run_address>0x37e7</run_address>
         <size>0x67</size>
         <alignment>0x1</alignment>
         <input_file_ref idref="fl-35"/>
      </object_component>
      <object_component id="oc-eb">
         <name>.debug_line</name>
         <load_address>0x384e</load_address>
         <run_address>0x384e</run_address>
         <size>0x41</size>
         <alignment>0x1</alignment>
         <input_file_ref idref="fl-d7"/>
      </object_component>
      <object_component id="oc-5e">
         <name>.debug_line</name>
         <load_address>0x388f</load_address>
         <run_address>0x388f</run_address>
         <size>0xa4</size>
         <alignment>0x1</alignment>
         <input_file_ref idref="fl-d9"/>
      </object_component>
      <object_component id="oc-124">
         <name>.debug_line</name>
         <load_address>0x3933</load_address>
         <run_address>0x3933</run_address>
         <size>0xc2</size>
         <alignment>0x1</alignment>
         <input_file_ref idref="fl-db"/>
      </object_component>
      <object_component id="oc-12d">
         <name>.debug_line</name>
         <load_address>0x39f5</load_address>
         <run_address>0x39f5</run_address>
         <size>0xb5</size>
         <alignment>0x1</alignment>
         <input_file_ref idref="fl-dc"/>
      </object_component>
      <object_component id="oc-96">
         <name>.debug_line</name>
         <load_address>0x3aaa</load_address>
         <run_address>0x3aaa</run_address>
         <size>0xa0</size>
         <alignment>0x1</alignment>
         <input_file_ref idref="fl-dd"/>
      </object_component>
      <object_component id="oc-31">
         <name>.debug_ranges</name>
         <load_address>0x0</load_address>
         <run_address>0x0</run_address>
         <size>0x18</size>
         <alignment>0x1</alignment>
         <input_file_ref idref="fl-2"/>
      </object_component>
      <object_component id="oc-a4">
         <name>.debug_ranges</name>
         <load_address>0x18</load_address>
         <run_address>0x18</run_address>
         <size>0x128</size>
         <alignment>0x1</alignment>
         <input_file_ref idref="fl-3"/>
      </object_component>
      <object_component id="oc-9e">
         <name>.debug_ranges</name>
         <load_address>0x140</load_address>
         <run_address>0x140</run_address>
         <size>0x68</size>
         <alignment>0x1</alignment>
         <input_file_ref idref="fl-4"/>
      </object_component>
      <object_component id="oc-118">
         <name>.debug_ranges</name>
         <load_address>0x1a8</load_address>
         <run_address>0x1a8</run_address>
         <size>0x20</size>
         <alignment>0x1</alignment>
         <input_file_ref idref="fl-5"/>
      </object_component>
      <object_component id="oc-d2">
         <name>.debug_ranges</name>
         <load_address>0x1c8</load_address>
         <run_address>0x1c8</run_address>
         <size>0x90</size>
         <alignment>0x1</alignment>
         <input_file_ref idref="fl-6"/>
      </object_component>
      <object_component id="oc-ab">
         <name>.debug_ranges</name>
         <load_address>0x258</load_address>
         <run_address>0x258</run_address>
         <size>0x48</size>
         <alignment>0x1</alignment>
         <input_file_ref idref="fl-7"/>
      </object_component>
      <object_component id="oc-36">
         <name>.debug_ranges</name>
         <load_address>0x2a0</load_address>
         <run_address>0x2a0</run_address>
         <size>0xd0</size>
         <alignment>0x1</alignment>
         <input_file_ref idref="fl-8"/>
      </object_component>
      <object_component id="oc-55">
         <name>.debug_ranges</name>
         <load_address>0x370</load_address>
         <run_address>0x370</run_address>
         <size>0x48</size>
         <alignment>0x1</alignment>
         <input_file_ref idref="fl-2d"/>
      </object_component>
      <object_component id="oc-bd">
         <name>.debug_ranges</name>
         <load_address>0x3b8</load_address>
         <run_address>0x3b8</run_address>
         <size>0x48</size>
         <alignment>0x1</alignment>
         <input_file_ref idref="fl-2f"/>
      </object_component>
      <object_component id="oc-64">
         <name>.debug_ranges</name>
         <load_address>0x400</load_address>
         <run_address>0x400</run_address>
         <size>0x18</size>
         <alignment>0x1</alignment>
         <input_file_ref idref="fl-32"/>
      </object_component>
      <object_component id="oc-5a">
         <name>.debug_ranges</name>
         <load_address>0x418</load_address>
         <run_address>0x418</run_address>
         <size>0x50</size>
         <alignment>0x1</alignment>
         <input_file_ref idref="fl-34"/>
      </object_component>
      <object_component id="oc-b3">
         <name>.debug_ranges</name>
         <load_address>0x468</load_address>
         <run_address>0x468</run_address>
         <size>0x18</size>
         <alignment>0x1</alignment>
         <input_file_ref idref="fl-35"/>
      </object_component>
      <object_component id="oc-12e">
         <name>.debug_ranges</name>
         <load_address>0x480</load_address>
         <run_address>0x480</run_address>
         <size>0x18</size>
         <alignment>0x1</alignment>
         <input_file_ref idref="fl-dc"/>
      </object_component>
      <object_component id="oc-94">
         <name>.debug_ranges</name>
         <load_address>0x498</load_address>
         <run_address>0x498</run_address>
         <size>0x28</size>
         <alignment>0x1</alignment>
         <input_file_ref idref="fl-dd"/>
      </object_component>
      <object_component id="oc-56">
         <name>.debug_loc</name>
         <load_address>0x0</load_address>
         <run_address>0x0</run_address>
         <size>0xd8</size>
         <alignment>0x1</alignment>
         <input_file_ref idref="fl-2d"/>
      </object_component>
      <object_component id="oc-ba">
         <name>.debug_loc</name>
         <load_address>0xd8</load_address>
         <run_address>0xd8</run_address>
         <size>0x424</size>
         <alignment>0x1</alignment>
         <input_file_ref idref="fl-2f"/>
      </object_component>
      <object_component id="oc-66">
         <name>.debug_loc</name>
         <load_address>0x4fc</load_address>
         <run_address>0x4fc</run_address>
         <size>0x16c</size>
         <alignment>0x1</alignment>
         <input_file_ref idref="fl-32"/>
      </object_component>
      <object_component id="oc-61">
         <name>.debug_loc</name>
         <load_address>0x668</load_address>
         <run_address>0x668</run_address>
         <size>0x6f</size>
         <alignment>0x1</alignment>
         <input_file_ref idref="fl-33"/>
      </object_component>
      <object_component id="oc-59">
         <name>.debug_loc</name>
         <load_address>0x6d7</load_address>
         <run_address>0x6d7</run_address>
         <size>0x167</size>
         <alignment>0x1</alignment>
         <input_file_ref idref="fl-34"/>
      </object_component>
      <object_component id="oc-b7">
         <name>.debug_loc</name>
         <load_address>0x83e</load_address>
         <run_address>0x83e</run_address>
         <size>0x26</size>
         <alignment>0x1</alignment>
         <input_file_ref idref="fl-35"/>
      </object_component>
      <object_component id="oc-132">
         <name>.debug_loc</name>
         <load_address>0x864</load_address>
         <run_address>0x864</run_address>
         <size>0x20</size>
         <alignment>0x1</alignment>
         <input_file_ref idref="fl-dc"/>
      </object_component>
      <object_component id="oc-5c">
         <name>.debug_aranges</name>
         <load_address>0x0</load_address>
         <run_address>0x0</run_address>
         <size>0x20</size>
         <alignment>0x1</alignment>
         <input_file_ref idref="fl-d9"/>
      </object_component>
      <object_component id="oc-123">
         <name>.debug_aranges</name>
         <load_address>0x20</load_address>
         <run_address>0x20</run_address>
         <size>0x20</size>
         <alignment>0x1</alignment>
         <input_file_ref idref="fl-db"/>
      </object_component>
      <object_component id="oc-93">
         <name>.debug_aranges</name>
         <load_address>0x40</load_address>
         <run_address>0x40</run_address>
         <size>0x28</size>
         <alignment>0x1</alignment>
         <input_file_ref idref="fl-dd"/>
      </object_component>
   </object_component_list>
   <logical_group_list>
      <logical_group id="lg-2" display="no" color="cyan">
         <name>.intvecs</name>
         <load_address>0x0</load_address>
         <run_address>0x0</run_address>
         <size>0xc0</size>
         <contents>
            <object_component_ref idref="oc-18"/>
         </contents>
      </logical_group>
      <logical_group id="lg-3" display="no" color="cyan">
         <name>.text</name>
         <load_address>0xc0</load_address>
         <run_address>0xc0</run_address>
         <size>0x12c0</size>
         <contents>
            <object_component_ref idref="oc-da"/>
            <object_component_ref idref="oc-11f"/>
            <object_component_ref idref="oc-108"/>
            <object_component_ref idref="oc-d9"/>
            <object_component_ref idref="oc-e1"/>
            <object_component_ref idref="oc-117"/>
            <object_component_ref idref="oc-e5"/>
            <object_component_ref idref="oc-fb"/>
            <object_component_ref idref="oc-db"/>
            <object_component_ref idref="oc-9c"/>
            <object_component_ref idref="oc-fc"/>
            <object_component_ref idref="oc-12a"/>
            <object_component_ref idref="oc-de"/>
            <object_component_ref idref="oc-106"/>
            <object_component_ref idref="oc-107"/>
            <object_component_ref idref="oc-1c"/>
            <object_component_ref idref="oc-120"/>
            <object_component_ref idref="oc-11e"/>
            <object_component_ref idref="oc-122"/>
            <object_component_ref idref="oc-83"/>
            <object_component_ref idref="oc-b8"/>
            <object_component_ref idref="oc-d1"/>
            <object_component_ref idref="oc-ff"/>
            <object_component_ref idref="oc-11c"/>
            <object_component_ref idref="oc-a6"/>
            <object_component_ref idref="oc-6b"/>
            <object_component_ref idref="oc-a8"/>
            <object_component_ref idref="oc-fd"/>
            <object_component_ref idref="oc-fe"/>
            <object_component_ref idref="oc-129"/>
            <object_component_ref idref="oc-62"/>
[...]
            </allocated_space>
            <allocated_space>
               <start_address>0x1380</start_address>
               <size>0x600</size>
               <logical_group_ref idref="lg-7"/>
            </allocated_space>
            <allocated_space>
               <start_address>0x1980</start_address>
               <size>0x40</size>
               <logical_group_ref idref="lg-5"/>
            </allocated_space>
            <available_space>
               <start_address>0x19c0</start_address>
               <size>0x1e640</size>
            </available_space>
         </usage_details>
      </memory_area>
      <memory_area display="yes" color="green">
         <name>SRAM</name>
         <page_id>0x0</page_id>
         <origin>0x20200000</origin>
         <length>0x8000</length>
         <used_space>0x224</used_space>
         <unused_space>0x7ddc</unused_space>
         <attributes>RWX</attributes>
         <usage_details>
            <allocated_space>
               <start_address>0x20200000</start_address>
               <size>0x0</size>
               <logical_group_ref idref="lg-138"/>
            </allocated_space>
            <allocated_space>
               <start_address>0x20200000</start_address>
               <size>0x0</size>
               <logical_group_ref idref="lg-13a"/>
            </allocated_space>
            <allocated_space>
               <start_address>0x20200000</start_address>
               <size>0x1e</size>
               <logical_group_ref idref="lg-e"/>
            </allocated_space>
            <available_space>
               <start_address>0x2020001e</start_address>
               <size>0x2</size>
            </available_space>
            <allocated_space>
               <start_address>0x20200020</start_address>
               <size>0x6</size>
               <logical_group_ref idref="lg-f"/>
            </allocated_space>
            <available_space>
               <start_address>0x20200026</start_address>
               <size>0x7dda</size>
            </available_space>
            <allocated_space>
               <start_address>0x20207e00</start_address>
               <size>0x200</size>
               <logical_group_ref idref="lg-11"/>
            </allocated_space>
         </usage_details>
      </memory_area>
      <memory_area display="yes" color="green">
         <name>BCR_CONFIG</name>
         <page_id>0x0</page_id>
         <origin>0x41c00000</origin>
         <length>0xff</length>
         <used_space>0x0</used_space>
         <unused_space>0xff</unused_space>
         <attributes>R</attributes>
         <usage_details>
         </usage_details>
      </memory_area>
      <memory_area display="yes" color="green">
         <name>BSL_CONFIG</name>
         <page_id>0x0</page_id>
         <origin>0x41c00100</origin>
         <length>0x80</length>
         <used_space>0x0</used_space>
         <unused_space>0x80</unused_space>
         <attributes>R</attributes>
         <usage_details>
         </usage_details>
      </memory_area>
   </placement_map>
   <cptbl_list>
      <cptbl>
         <name>__TI_cinit_table</name>
         <cprec>
            <name>.data</name>
            <load_address>0x1980</load_address>
            <load_size>0x16</load_size>
            <run_address>0x20200000</run_address>
            <run_size>0x1e</run_size>
            <compression>lzss</compression>
         </cprec>
         <cprec>
            <name>.bss</name>
            <load_address>0x19a4</load_address>
            <load_size>0x8</load_size>
            <run_address>0x20200020</run_address>
            <run_size>0x6</run_size>
            <compression>zero_init</compression>
         </cprec>
      </cptbl>
   </cptbl_list>
   <handler_table>
      <handler_table_name>__TI_handler_table</handler_table_name>
      <handler>
         <index>0x0</index>
         <name>__TI_decompress_lzss</name>
      </handler>
      <handler>
         <index>0x1</index>
         <name>__TI_decompress_none</name>
      </handler>
      <handler>
         <index>0x2</index>
         <name>__TI_zero_init</name>
      </handler>
   </handler_table>
   <symbol_table>
      <symbol id="sm-1">
         <name>__start___llvm_prf_cnts</name>
         <value>0x20200000</value>
      </symbol>
      <symbol id="sm-2">
         <name>__stop___llvm_prf_cnts</name>
         <value>0x20200000</value>
      </symbol>
      <symbol id="sm-3">
         <name>__start___llvm_prf_bits</name>
         <value>0x20200000</value>
      </symbol>
      <symbol id="sm-4">
         <name>__stop___llvm_prf_bits</name>
         <value>0x20200000</value>
      </symbol>
      <symbol id="sm-5">
         <name>__TI_CINIT_Base</name>
         <value>0x19ac</value>
      </symbol>
      <symbol id="sm-6">
         <name>__TI_CINIT_Limit</name>
         <value>0x19bc</value>
      </symbol>
      <symbol id="sm-7">
         <name>__TI_CINIT_Warm</name>
         <value>0x19bc</value>
      </symbol>
      <symbol id="sm-8">
         <name>__TI_Handler_Table_Base</name>
         <value>0x1998</value>
      </symbol>
      <symbol id="sm-9">
         <name>__TI_Handler_Table_Limit</name>
         <value>0x19a4</value>
      </symbol>
      <symbol id="sm-a">
         <name>binit</name>
         <value>0xffffffff</value>
      </symbol>
      <symbol id="sm-b">
         <name>__binit__</name>
         <value>0xffffffff</value>
      </symbol>
      <symbol id="sm-c">
         <name>__STACK_SIZE</name>
         <value>0x200</value>
      </symbol>
      <symbol id="sm-d">
         <name>__STACK_END</name>
         <value>0x20208000</value>
      </symbol>
      <symbol id="sm-e">
         <name>__TI_pprof_out_hndl</name>
         <value>0xffffffff</value>
      </symbol>
      <symbol id="sm-f">
         <name>__TI_prof_data_start</name>
         <value>0xffffffff</value>
      </symbol>
      <symbol id="sm-10">
         <name>__TI_prof_data_size</name>
         <value>0xffffffff</value>
      </symbol>
      <symbol id="sm-3c">
         <name>main</name>
         <value>0xff1</value>
         <object_component_ref idref="oc-83"/>
      </symbol>
      <symbol id="sm-47">
         <name>Default_Handler</name>
         <value>0x136b</value>
         <object_component_ref idref="oc-33"/>
      </symbol>
      <symbol id="sm-48">
         <name>Reset_Handler</name>
         <value>0x1373</value>
         <object_component_ref idref="oc-2f"/>
      </symbol>
      <symbol id="sm-49">
         <name>interruptVectors</name>
         <value>0x0</value>
         <object_component_ref idref="oc-18"/>
      </symbol>
      <symbol id="sm-4a">
         <name>NMI_Handler</name>
         <value>0x136b</value>
         <object_component_ref idref="oc-33"/>
      </symbol>
      <symbol id="sm-4b">
         <name>HardFault_Handler</name>
         <value>0x136b</value>
         <object_component_ref idref="oc-33"/>
      </symbol>
      <symbol id="sm-4c">
         <name>SVC_Handler</name>
         <value>0x136b</value>
         <object_component_ref idref="oc-33"/>
      </symbol>
      <symbol id="sm-4d">
         <name>PendSV_Handler</name>
         <value>0x136b</value>
         <object_component_ref idref="oc-33"/>
      </symbol>
      <symbol id="sm-4e">
         <name>SysTick_Handler</name>
         <value>0x136b</value>
         <object_component_ref idref="oc-33"/>
      </symbol>
      <symbol id="sm-a1">
         <name>LCD_Init</name>
         <value>0x12a3</value>
         <object_component_ref idref="oc-a1"/>
      </symbol>
      <symbol id="sm-a2">
         <name>LCD_SetCursor</name>
         <value>0x10a5</value>
         <object_component_ref idref="oc-ff"/>
      </symbol>
      <symbol id="sm-a3">
         <name>LCD_FillScreen</name>
         <value>0x1105</value>
         <object_component_ref idref="oc-a6"/>
      </symbol>
      <symbol id="sm-a4">
         <name>StTextColor</name>
         <value>0x20200018</value>
         <object_component_ref idref="oc-e4"/>
      </symbol>
      <symbol id="sm-a5">
         <name>LCD_DrawPixel</name>
         <value>0xef9</value>
         <object_component_ref idref="oc-120"/>
      </symbol>
      <symbol id="sm-a6">
         <name>LCD_FillRect</name>
         <value>0x73d</value>
         <object_component_ref idref="oc-e1"/>
      </symbol>
      <symbol id="sm-a7">
         <name>LCD_DrawCharS</name>
         <value>0x455</value>
         <object_component_ref idref="oc-108"/>
      </symbol>
      <symbol id="sm-a8">
         <name>LCD_DrawChar</name>
         <value>0x2ad</value>
         <object_component_ref idref="oc-11f"/>
      </symbol>
      <symbol id="sm-a9">
         <name>LCD_DrawString</name>
         <value>0xdf9</value>
         <object_component_ref idref="oc-107"/>
      </symbol>
      <symbol id="sm-aa">
         <name>StX</name>
         <value>0x20200010</value>
         <object_component_ref idref="oc-109"/>
      </symbol>
      <symbol id="sm-ab">
         <name>StY</name>
         <value>0x20200014</value>
         <object_component_ref idref="oc-10a"/>
      </symbol>
      <symbol id="sm-ac">
         <name>LCD_OutChar</name>
         <value>0x949</value>
         <object_component_ref idref="oc-e5"/>
      </symbol>
      <symbol id="sm-ad">
         <name>LCD_OutString</name>
         <value>0x1159</value>
         <object_component_ref idref="oc-a8"/>
      </symbol>
      <symbol id="sm-ae">
         <name>LCD_SetTextColor</name>
         <value>0x121d</value>
         <object_component_ref idref="oc-a7"/>
      </symbol>
      <symbol id="sm-c1">
         <name>InitializeBoosterpack</name>
         <value>0xb99</value>
         <object_component_ref idref="oc-9c"/>
      </symbol>
      <symbol id="sm-c2">
         <name>BP_TurnOffRedLED</name>
         <value>0x1255</value>
         <object_component_ref idref="oc-d6"/>
      </symbol>
      <symbol id="sm-c3">
         <name>BP_TurnOffGreenLED</name>
         <value>0x1209</value>
         <object_component_ref idref="oc-d7"/>
      </symbol>
      <symbol id="sm-c4">
         <name>BP_TurnOffBlueLED</name>
         <value>0x11f5</value>
         <object_component_ref idref="oc-d8"/>
      </symbol>
      <symbol id="sm-d3">
         <name>InitializeSPI</name>
         <value>0x855</value>
         <object_component_ref idref="oc-117"/>
      </symbol>
      <symbol id="sm-d4">
         <name>SPISendByte</name>
         <value>0xf69</value>
         <object_component_ref idref="oc-11e"/>
      </symbol>
      <symbol id="sm-de">
         <name>ActivatePortAandB</name>
         <value>0x106d</value>
         <object_component_ref idref="oc-d1"/>
      </symbol>
      <symbol id="sm-f3">
         <name>ClockInitialization_4MHz_32MHz</name>
         <value>0xae1</value>
         <object_component_ref idref="oc-db"/>
      </symbol>
      <symbol id="sm-f4">
         <name>ClockInitialization_80MHz</name>
         <value>0xc1</value>
         <object_component_ref idref="oc-da"/>
      </symbol>
      <symbol id="sm-f5">
         <name>ClockInitialization_40MHz</name>
         <value>0x5fd</value>
         <object_component_ref idref="oc-d9"/>
      </symbol>
      <symbol id="sm-f6">
         <name>ClockDelay</name>
         <value>0x1265</value>
         <object_component_ref idref="oc-a9"/>
      </symbol>
      <symbol id="sm-f7">
         <name>ClockDelay_1ms</name>
         <value>0x10d9</value>
         <object_component_ref idref="oc-11c"/>
      </symbol>
      <symbol id="sm-132">
         <name>Default_Callback</name>
         <value>0x1295</value>
         <object_component_ref idref="oc-91"/>
      </symbol>
      <symbol id="sm-133">
         <name>GROUP0_IRQHandler</name>
         <value>0x12dd</value>
         <object_component_ref idref="oc-34"/>
      </symbol>
      <symbol id="sm-134">
         <name>GROUP1_IRQHandler</name>
         <value>0x1275</value>
         <object_component_ref idref="oc-39"/>
      </symbol>
      <symbol id="sm-135">
         <name>Group1</name>
         <value>0x20200000</value>
         <object_component_ref idref="oc-74"/>
      </symbol>
      <symbol id="sm-136">
         <name>TIMG8_IRQHandler</name>
         <value>0x1285</value>
         <object_component_ref idref="oc-3a"/>
      </symbol>
      <symbol id="sm-137">
         <name>TimerG8</name>
         <value>0x20200008</value>
         <object_component_ref idref="oc-75"/>
      </symbol>
      <symbol id="sm-138">
         <name>UART3_IRQHandler</name>
         <value>0x1355</value>
         <object_component_ref idref="oc-3b"/>
      </symbol>
      <symbol id="sm-139">
         <name>ADC0_IRQHandler</name>
         <value>0x12ad</value>
         <object_component_ref idref="oc-3c"/>
      </symbol>
      <symbol id="sm-13a">
         <name>ADC1_IRQHandler</name>
         <value>0x12b5</value>
         <object_component_ref idref="oc-3d"/>
      </symbol>
      <symbol id="sm-13b">
         <name>CANFD0_IRQHandler</name>
         <value>0x12c5</value>
         <object_component_ref idref="oc-3e"/>
      </symbol>
      <symbol id="sm-13c">
         <name>DAC0_IRQHandler</name>
         <value>0x12cd</value>
         <object_component_ref idref="oc-3f"/>
      </symbol>
      <symbol id="sm-13d">
         <name>SPI0_IRQHandler</name>
         <value>0x12fd</value>
         <object_component_ref idref="oc-40"/>
      </symbol>
      <symbol id="sm-13e">
         <name>SPI1_IRQHandler</name>
         <value>0x1305</value>
         <object_component_ref idref="oc-41"/>
      </symbol>
      <symbol id="sm-13f">
         <name>UART1_IRQHandler</name>
         <value>0x1345</value>
         <object_component_ref idref="oc-42"/>
      </symbol>
      <symbol id="sm-140">
         <name>UART2_IRQHandler</name>
         <value>0x134d</value>
         <object_component_ref idref="oc-43"/>
      </symbol>
      <symbol id="sm-141">
         <name>UART0_IRQHandler</name>
         <value>0x133d</value>
         <object_component_ref idref="oc-44"/>
      </symbol>
      <symbol id="sm-142">
         <name>TIMG0_IRQHandler</name>
         <value>0x131d</value>
         <object_component_ref idref="oc-45"/>
      </symbol>
      <symbol id="sm-143">
         <name>TIMG6_IRQHandler</name>
         <value>0x132d</value>
         <object_component_ref idref="oc-46"/>
      </symbol>
      <symbol id="sm-144">
         <name>TIMA0_IRQHandler</name>
         <value>0x130d</value>
         <object_component_ref idref="oc-47"/>
      </symbol>
      <symbol id="sm-145">
         <name>TIMA1_IRQHandler</name>
         <value>0x1315</value>
         <object_component_ref idref="oc-48"/>
      </symbol>
      <symbol id="sm-146">
         <name>TIMG7_IRQHandler</name>
         <value>0x1335</value>
         <object_component_ref idref="oc-49"/>
      </symbol>
      <symbol id="sm-147">
         <name>TIMG12_IRQHandler</name>
         <value>0x1325</value>
         <object_component_ref idref="oc-4a"/>
      </symbol>
      <symbol id="sm-148">
         <name>I2C0_IRQHandler</name>
         <value>0x12e5</value>
         <object_component_ref idref="oc-4b"/>
      </symbol>
      <symbol id="sm-149">
         <name>I2C1_IRQHandler</name>
         <value>0x12ed</value>
         <object_component_ref idref="oc-4c"/>
      </symbol>
      <symbol id="sm-14a">
         <name>AES_IRQHandler</name>
         <value>0x12bd</value>
         <object_component_ref idref="oc-4d"/>
      </symbol>
      <symbol id="sm-14b">
         <name>RTC_IRQHandler</name>
         <value>0x12f5</value>
         <object_component_ref idref="oc-4e"/>
      </symbol>
      <symbol id="sm-14c">
         <name>DMA_IRQHandler</name>
         <value>0x12d5</value>
         <object_component_ref idref="oc-4f"/>
      </symbol>
      <symbol id="sm-14f">
         <name>__TI_ATRegion0_src_addr</name>
         <value>0x0</value>
      </symbol>
      <symbol id="sm-150">
         <name>__TI_ATRegion0_trg_addr</name>
         <value>0x0</value>
      </symbol>
      <symbol id="sm-151">
         <name>__TI_ATRegion0_region_sz</name>
         <value>0x0</value>
      </symbol>
      <symbol id="sm-152">
         <name>__TI_ATRegion1_src_addr</name>
         <value>0x0</value>
      </symbol>
      <symbol id="sm-153">
         <name>__TI_ATRegion1_trg_addr</name>
         <value>0x0</value>
      </symbol>
      <symbol id="sm-154">
         <name>__TI_ATRegion1_region_sz</name>
         <value>0x0</value>
      </symbol>
      <symbol id="sm-155">
         <name>__TI_ATRegion2_src_addr</name>
         <value>0x0</value>
      </symbol>
      <symbol id="sm-156">
         <name>__TI_ATRegion2_trg_addr</name>
         <value>0x0</value>
      </symbol>
      <symbol id="sm-157">
         <name>__TI_ATRegion2_region_sz</name>
         <value>0x0</value>
      </symbol>
      <symbol id="sm-162">
         <name>_c_int00_noargs</name>
         <value>0x1131</value>
         <object_component_ref idref="oc-6b"/>
      </symbol>
      <symbol id="sm-163">
         <name>__stack</name>
         <value>0x20207e00</value>
         <object_component_ref idref="oc-1a"/>
      </symbol>
      <symbol id="sm-16f">
         <name>__TI_auto_init_nobinit_nopinit</name>
         <value>0x1031</value>
         <object_component_ref idref="oc-b8"/>
      </symbol>
      <symbol id="sm-177">
         <name>_system_pre_init</name>
         <value>0x1377</value>
         <object_component_ref idref="oc-7f"/>
      </symbol>
      <symbol id="sm-182">
         <name>__TI_zero_init_nomemset</name>
         <value>0x11df</value>
         <object_component_ref idref="oc-62"/>
      </symbol>
      <symbol id="sm-18b">
         <name>__TI_decompress_none</name>
         <value>0x1243</value>
         <object_component_ref idref="oc-20"/>
      </symbol>
      <symbol id="sm-196">
         <name>__TI_decompress_lzss</name>
         <value>0xe7d</value>
         <object_component_ref idref="oc-1c"/>
      </symbol>
      <symbol id="sm-1a0">
         <name>abort</name>
         <value>0x1365</value>
         <object_component_ref idref="oc-b1"/>
      </symbol>
      <symbol id="sm-1aa">
         <name>HOSTexit</name>
         <value>0x136f</value>
         <object_component_ref idref="oc-e8"/>
      </symbol>
      <symbol id="sm-1ab">
         <name>C$$EXIT</name>
         <value>0x136e</value>
         <object_component_ref idref="oc-e8"/>
      </symbol>
      <symbol id="sm-1b1">
         <name>__aeabi_memcpy</name>
         <value>0x135d</value>
         <object_component_ref idref="oc-5b"/>
      </symbol>
      <symbol id="sm-1b2">
         <name>__aeabi_memcpy4</name>
         <value>0x135d</value>
         <object_component_ref idref="oc-5b"/>
      </symbol>
      <symbol id="sm-1b3">
         <name>__aeabi_memcpy8</name>
         <value>0x135d</value>
         <object_component_ref idref="oc-5b"/>
      </symbol>
      <symbol id="sm-1b9">
         <name>__aeabi_uidiv</name>
         <value>0xfb1</value>
         <object_component_ref idref="oc-122"/>
      </symbol>
      <symbol id="sm-1ba">
         <name>__aeabi_uidivmod</name>
         <value>0xfb1</value>
         <object_component_ref idref="oc-122"/>
      </symbol>
      <symbol id="sm-1c4">
         <name>__aeabi_idiv0</name>
         <value>0xcdf</value>
         <object_component_ref idref="oc-12a"/>
      </symbol>
      <symbol id="sm-1cd">
         <name>TI_memcpy_small</name>
         <value>0x1231</value>
         <object_component_ref idref="oc-92"/>
      </symbol>
      <symbol id="sm-1ce">
         <name>__TI_static_base__</name>
         <value>0x0</value>
      </symbol>
      <symbol id="sm-1d1">
         <name>__mpu_init</name>
         <value>0x0</value>
      </symbol>
      <symbol id="sm-1d2">
         <name>_system_post_cinit</name>
         <value>0x0</value>
      </symbol>
   </symbol_table>
   <title>Link successful</title>
</link_info>
