******************************************************************************
            TI ARM Clang Linker PC v4.0.3                      
******************************************************************************
>> Linked Mon Nov 10 15:19:07 2025

OUTPUT FILE NAME:   <SPI_LCD_HelloWorld.out>
ENTRY POINT SYMBOL: "_c_int00_noargs"  address: 00001131


MEMORY CONFIGURATION

         name            origin    length      used     unused   attr    fill
----------------------  --------  ---------  --------  --------  ----  --------
  FLASH                 00000000   00020000  000019c0  0001e640  R  X
  SRAM                  20200000   00008000  00000224  00007ddc  RW X
  BCR_CONFIG            41c00000   000000ff  00000000  000000ff  R   
  BSL_CONFIG            41c00100   00000080  00000000  00000080  R   


SEGMENT ALLOCATION MAP

run origin  load origin   length   init length attrs members
----------  ----------- ---------- ----------- ----- -------
00000000    00000000    000019c0   000019c0    r-x
  00000000    00000000    000000c0   000000c0    r-- .intvecs
  000000c0    000000c0    000012c0   000012c0    r-x .text
  00001380    00001380    00000600   00000600    r-- .rodata
  00001980    00001980    00000040   00000040    r-- .cinit
20200000    20200000    00000026   00000000    rw-
  20200000    20200000    0000001e   00000000    rw- .data
  20200020    20200020    00000006   00000000    rw- .bss
20207e00    20207e00    00000200   00000000    rw-
  20207e00    20207e00    00000200   00000000    rw- .stack


SECTION ALLOCATION MAP

 output                                  attributes/
section   page    origin      length       input sections
--------  ----  ----------  ----------   ----------------
.intvecs   0    00000000    000000c0     
                  00000000    000000c0     startup_mspm0g350x_ticlang.o (.intvecs)

.text      0    000000c0    000012c0     
                  000000c0    000001ec     clock.o (.text.ClockInitialization_80MHz)
                  000002ac    000001a8     LCD.o (.text.LCD_DrawChar)
                  00000454    000001a8     LCD.o (.text.LCD_DrawCharS)
                  000005fc    00000140     clock.o (.text.ClockInitialization_40MHz)
                  0000073c    00000118     LCD.o (.text.LCD_FillRect)
                  00000854    000000f4     SPI.o (.text.InitializeSPI)
                  00000948    000000d4     LCD.o (.text.LCD_OutChar)
                  00000a1c    000000c4     LCD.o (.text.commonInit)
                  00000ae0    000000b8     clock.o (.text.ClockInitialization_4MHz_32MHz)
                  00000b98    000000a4     MKII.o (.text.InitializeBoosterpack)
                  00000c3c    000000a2     LCD.o (.text.commandList)
                  00000cde    00000002     libclang_rt.builtins.a : aeabi_div0.c.obj (.text.__aeabi_idiv0)
                  00000ce0    00000090     LCD.o (.text.ST7735_InitR)
                  00000d70    00000088     LCD.o (.text.setAddrWindow)
                  00000df8    00000084     LCD.o (.text.LCD_DrawString)
                  00000e7c    0000007c     libc.a : copy_decompress_lzss.c.obj (.text:decompress:lzss)
                  00000ef8    00000070     LCD.o (.text.LCD_DrawPixel)
                  00000f68    00000048     SPI.o (.text.SPISendByte)
                  00000fb0    00000040     libclang_rt.builtins.a : aeabi_uidivmod.S.obj (.text.__aeabi_uidivmod)
                  00000ff0    00000040     main.o (.text.main)
                  00001030    0000003c     libc.a : autoinit.c.obj (.text:__TI_auto_init_nobinit_nopinit)
                  0000106c    00000038     bsp.o (.text.ActivatePortAandB)
                  000010a4    00000034     LCD.o (.text.LCD_SetCursor)
                  000010d8    0000002c     clock.o (.text.ClockDelay_1ms)
                  00001104    0000002c     LCD.o (.text.LCD_FillScreen)
                  00001130    00000028     libc.a : boot_cortex_m.c.obj (.text:_c_int00_noargs)
                  00001158    00000026     LCD.o (.text.LCD_OutString)
                  0000117e    00000002     --HOLE-- [fill = 0]
                  00001180    00000020     LCD.o (.text.SPI_OutCommand)
                  000011a0    00000020     LCD.o (.text.SPI_OutData)
                  000011c0    0000001e     LCD.o (.text.pushColor)
                  000011de    00000016     libc.a : copy_zero_init.c.obj (.text:decompress:ZI:__TI_zero_init_nomemset)
                  000011f4    00000014     MKII.o (.text.BP_TurnOffBlueLED)
                  00001208    00000014     MKII.o (.text.BP_TurnOffGreenLED)
                  0000121c    00000014     LCD.o (.text.LCD_SetTextColor)
                  00001230    00000012     libc.a : memcpy16.S.obj (.text:TI_memcpy_small)
                  00001242    00000012            : copy_decompress_none.c.obj (.text:decompress:none)
                  00001254    00000010     MKII.o (.text.BP_TurnOffRedLED)
                  00001264    00000010     clock.o (.text.ClockDelay)
                  00001274    00000010     mspm0g350x_int.o (.text.GROUP1_IRQHandler)
                  00001284    00000010     mspm0g350x_int.o (.text.TIMG8_IRQHandler)
                  00001294    0000000e     mspm0g350x_int.o (.text.Default_Callback)
                  000012a2    0000000a     LCD.o (.text.LCD_Init)
                  000012ac    00000008     mspm0g350x_int.o (.text.ADC0_IRQHandler)
                  000012b4    00000008     mspm0g350x_int.o (.text.ADC1_IRQHandler)
                  000012bc    00000008     mspm0g350x_int.o (.text.AES_IRQHandler)
                  000012c4    00000008     mspm0g350x_int.o (.text.CANFD0_IRQHandler)
                  000012cc    00000008     mspm0g350x_int.o (.text.DAC0_IRQHandler)
                  000012d4    00000008     mspm0g350x_int.o (.text.DMA_IRQHandler)
                  000012dc    00000008     mspm0g350x_int.o (.text.GROUP0_IRQHandler)
                  000012e4    00000008     mspm0g350x_int.o (.text.I2C0_IRQHandler)
                  000012ec    00000008     mspm0g350x_int.o (.text.I2C1_IRQHandler)
                  000012f4    00000008     mspm0g350x_int.o (.text.RTC_IRQHandler)
                  000012fc    00000008     mspm0g350x_int.o (.text.SPI0_IRQHandler)
                  00001304    00000008     mspm0g350x_int.o (.text.SPI1_IRQHandler)
                  0000130c    00000008     mspm0g350x_int.o (.text.TIMA0_IRQHandler)
                  00001314    00000008     mspm0g350x_int.o (.text.TIMA1_IRQHandler)
                  0000131c    00000008     mspm0g350x_int.o (.text.TIMG0_IRQHandler)
                  00001324    00000008     mspm0g350x_int.o (.text.TIMG12_IRQHandler)
                  0000132c    00000008     mspm0g350x_int.o (.text.TIMG6_IRQHandler)
                  00001334    00000008     mspm0g350x_int.o (.text.TIMG7_IRQHandler)
                  0000133c    00000008     mspm0g350x_int.o (.text.UART0_IRQHandler)
                  00001344    00000008     mspm0g350x_int.o (.text.UART1_IRQHandler)
                  0000134c    00000008     mspm0g350x_int.o (.text.UART2_IRQHandler)
                  00001354    00000008     mspm0g350x_int.o (.text.UART3_IRQHandler)
                  0000135c    00000008     libclang_rt.builtins.a : aeabi_memcpy.S.obj (.text.__aeabi_memcpy)
                  00001364    00000006     libc.a : exit.c.obj (.text:abort)
                  0000136a    00000004     startup_mspm0g350x_ticlang.o (.text.Default_Handler)
                  0000136e    00000004     libsysbm.a : hostexit.c.obj (.text.HOSTexit)
                  00001372    00000004     startup_mspm0g350x_ticlang.o (.text.Reset_Handler)
                  00001376    00000004     libc.a : pre_init.c.obj (.text._system_pre_init)
                  0000137a    00000006     --HOLE-- [fill = 0]

.cinit     0    00001980    00000040     
                  00001980    00000016     (.cinit..data.load) [load image, compression = lzss]
                  00001996    00000002     --HOLE-- [fill = 0]
                  00001998    0000000c     (__TI_handler_table)
                  000019a4    00000008     (.cinit..bss.load) [load image, compression = zero_init]
                  000019ac    00000010     (__TI_cinit_table)
                  000019bc    00000004     --HOLE-- [fill = 0]

.rodata    0    00001380    00000600     
                  00001380    00000500     LCD.o (.rodata.Font)
                  00001880    0000003b     LCD.o (.rodata.Rcmd1)
                  000018bb    00000037     main.o (.rodata.str1.15159059442110792349.1)
                  000018f2    00000002     --HOLE-- [fill = 0]
                  000018f4    00000030     LCD.o (.rodata..L__const.commonInit.SPI1Config)
                  00001924    0000002b     LCD.o (.rodata.Rcmd3)
                  0000194f    00000016     LCD.o (.rodata.str1.9522760866108295983.1)
                  00001965    0000000d     LCD.o (.rodata.Rcmd2green)
                  00001972    0000000d     LCD.o (.rodata.Rcmd2red)
                  0000197f    00000001     --HOLE-- [fill = 0]

.init_array 
*          0    00000000    00000000     UNINITIALIZED

.binit     0    00000000    00000000     

.data      0    20200000    0000001e     UNINITIALIZED
                  20200000    00000008     mspm0g350x_int.o (.data.Group1)
                  20200008    00000008     mspm0g350x_int.o (.data.TimerG8)
                  20200010    00000004     LCD.o (.data.StX)
                  20200014    00000004     LCD.o (.data.StY)
                  20200018    00000002     LCD.o (.data.StTextColor)
                  2020001a    00000002     LCD.o (.data._height)
                  2020001c    00000002     LCD.o (.data._width)

.bss       0    20200020    00000006     UNINITIALIZED
                  20200020    00000004     SPI.o (.bss.spi_sr)
                  20200024    00000001     LCD.o (.bss.ColStart)
                  20200025    00000001     LCD.o (.bss.RowStart)

.stack     0    20207e00    00000200     UNINITIALIZED
                  20207e00    00000004     libc.a : boot_cortex_m.c.obj (.stack)
                  20207e04    000001fc     --HOLE--

__llvm_prf_cnts 
*          0    20200000    00000000     UNINITIALIZED

__llvm_prf_bits 
*          0    20200000    00000000     UNINITIALIZED

MODULE SUMMARY

       Module                         code   ro data   rw data
       ------                         ----   -------   -------
    .\
       startup_mspm0g350x_ticlang.o   8      192       0      
       main.o                         64     55        0      
    +--+------------------------------+------+---------+---------+
       Total:                         72     247       0      
                                                              
    .\LP_MSPM0G3507\
       LCD.o                          2480   1478      16     
       clock.o                        1056   0         0      
       SPI.o                          316    0         4      
       mspm0g350x_int.o               222    0         16     
       MKII.o                         220    0         0      
       bsp.o                          56     0         0      
    +--+------------------------------+------+---------+---------+
       Total:                         4350   1478      36     
                                                              
    C:\ti\ccs2020\ccs\tools\compiler\ti-cgt-armllvm_4.0.3.LTS\lib\armv6m-ti-none-eabi/c/libc.a
       copy_decompress_lzss.c.obj     124    0         0      
       autoinit.c.obj                 60     0         0      
       boot_cortex_m.c.obj            40     0         0      
       copy_zero_init.c.obj           22     0         0      
       copy_decompress_none.c.obj     18     0         0      
       memcpy16.S.obj                 18     0         0      
       exit.c.obj                     6      0         0      
       pre_init.c.obj                 4      0         0      
    +--+------------------------------+------+---------+---------+
       Total:                         292    0         0      
                                                              
    C:\ti\ccs2020\ccs\tools\compiler\ti-cgt-armllvm_4.0.3.LTS\lib\armv6m-ti-none-eabi/c/libsysbm.a
       hostexit.c.obj                 4      0         0      
    +--+------------------------------+------+---------+---------+
       Total:                         4      0         0      
                                                              
    C:\ti\ccs2020\ccs\tools\compiler\ti-cgt-armllvm_4.0.3.LTS\lib\armv6m-ti-none-eabi/libclang_rt.builtins.a
       aeabi_uidivmod.S.obj           64     0         0      
       aeabi_memcpy.S.obj             8      0         0      
       aeabi_div0.c.obj               2      0         0      
    +--+------------------------------+------+---------+---------+
       Total:                         74     0         0      
                                                              
       Stack:                         0      0         512    
       Linker Generated:              0      58        0      
    +--+------------------------------+------+---------+---------+
       Grand Total:                   4792   1783      548    


LINKER GENERATED COPY TABLES

__TI_cinit_table @ 000019ac records: 2, size/record: 8, table size: 16
	.data: load addr=00001980, load size=00000016 bytes, run addr=20200000, run size=0000001e bytes, compression=lzss
	.bss: load addr=000019a4, load size=00000008 bytes, run addr=20200020, run size=00000006 bytes, compression=zero_init


LINKER GENERATED HANDLER TABLE

__TI_handler_table @ 00001998 records: 3, size/record: 4, table size: 12
	index: 0, handler: __TI_decompress_lzss
	index: 1, handler: __TI_decompress_none
	index: 2, handler: __TI_zero_init


GLOBAL SYMBOLS: SORTED ALPHABETICALLY BY Name 

address   name                          
-------   ----                          
000012ad  ADC0_IRQHandler               
000012b5  ADC1_IRQHandler               
000012bd  AES_IRQHandler                
0000106d  ActivatePortAandB             
000011f5  BP_TurnOffBlueLED             
00001209  BP_TurnOffGreenLED            
00001255  BP_TurnOffRedLED              
0000136e  C$$EXIT                       
000012c5  CANFD0_IRQHandler             
00001265  ClockDelay                    
000010d9  ClockDelay_1ms                
000005fd  ClockInitialization_40MHz     
00000ae1  ClockInitialization_4MHz_32MHz
000000c1  ClockInitialization_80MHz     
000012cd  DAC0_IRQHandler               
000012d5  DMA_IRQHandler                
00001295  Default_Callback              
0000136b  Default_Handler               
000012dd  GROUP0_IRQHandler             
00001275  GROUP1_IRQHandler             
20200000  Group1                        
0000136f  HOSTexit                      
0000136b  HardFault_Handler             
000012e5  I2C0_IRQHandler               
000012ed  I2C1_IRQHandler               
00000b99  InitializeBoosterpack         
00000855  InitializeSPI                 
000002ad  LCD_DrawChar                  
00000455  LCD_DrawCharS                 
00000ef9  LCD_DrawPixel                 
00000df9  LCD_DrawString                
0000073d  LCD_FillRect                  
00001105  LCD_FillScreen                
000012a3  LCD_Init                      
00000949  LCD_OutChar                   
00001159  LCD_OutString                 
000010a5  LCD_SetCursor                 
0000121d  LCD_SetTextColor              
0000136b  NMI_Handler                   
0000136b  PendSV_Handler                
000012f5  RTC_IRQHandler                
00001373  Reset_Handler                 
000012fd  SPI0_IRQHandler               
00001305  SPI1_IRQHandler               
00000f69  SPISendByte                   
0000136b  SVC_Handler                   
20200018  StTextColor                   
20200010  StX                           
20200014  StY                           
0000136b  SysTick_Handler               
0000130d  TIMA0_IRQHandler              
00001315  TIMA1_IRQHandler              
0000131d  TIMG0_IRQHandler              
00001325  TIMG12_IRQHandler             
0000132d  TIMG6_IRQHandler              
00001335  TIMG7_IRQHandler              
00001285  TIMG8_IRQHandler              
00001231  TI_memcpy_small               
20200008  TimerG8                       
0000133d  UART0_IRQHandler              
00001345  UART1_IRQHandler              
0000134d  UART2_IRQHandler              
00001355  UART3_IRQHandler              
20208000  __STACK_END                   
00000200  __STACK_SIZE                  
00000000  __TI_ATRegion0_region_sz      
00000000  __TI_ATRegion0_src_addr       
00000000  __TI_ATRegion0_trg_addr       
00000000  __TI_ATRegion1_region_sz      
00000000  __TI_ATRegion1_src_addr       
00000000  __TI_ATRegion1_trg_addr       
00000000  __TI_ATRegion2_region_sz      
00000000  __TI_ATRegion2_src_addr       
00000000  __TI_ATRegion2_trg_addr       
000019ac  __TI_CINIT_Base               
000019bc  __TI_CINIT_Limit              
000019bc  __TI_CINIT_Warm               
00001998  __TI_Handler_Table_Base       
000019a4  __TI_Handler_Table_Limit      
00001031  __TI_auto_init_nobinit_nopinit
00000e7d  __TI_decompress_lzss          
00001243  __TI_decompress_none          
ffffffff  __TI_pprof_out_hndl           
ffffffff  __TI_prof_data_size           
ffffffff  __TI_prof_data_start          
00000000  __TI_static_base__            
000011df  __TI_zero_init_nomemset       
00000cdf  __aeabi_idiv0                 
0000135d  __aeabi_memcpy                
0000135d  __aeabi_memcpy4               
0000135d  __aeabi_memcpy8               
00000fb1  __aeabi_uidiv                 
00000fb1  __aeabi_uidivmod              
ffffffff  __binit__                     
UNDEFED   __mpu_init                    
20207e00  __stack                       
20200000  __start___llvm_prf_bits       
20200000  __start___llvm_prf_cnts       
20200000  __stop___llvm_prf_bits        
20200000  __stop___llvm_prf_cnts        
00001131  _c_int00_noargs               
UNDEFED   _system_post_cinit            
00001377  _system_pre_init              
00001365  abort                         
ffffffff  binit                         
00000000  interruptVectors              
00000ff1  main                          


GLOBAL SYMBOLS: SORTED BY Symbol Address 

address   name                          
-------   ----                          
00000000  __TI_ATRegion0_region_sz      
00000000  __TI_ATRegion0_src_addr       
00000000  __TI_ATRegion0_trg_addr       
00000000  __TI_ATRegion1_region_sz      
00000000  __TI_ATRegion1_src_addr       
00000000  __TI_ATRegion1_trg_addr       
00000000  __TI_ATRegion2_region_sz      
00000000  __TI_ATRegion2_src_addr       
00000000  __TI_ATRegion2_trg_addr       
00000000  __TI_static_base__            
00000000  interruptVectors              
000000c1  ClockInitialization_80MHz     
00000200  __STACK_SIZE                  
000002ad  LCD_DrawChar                  
00000455  LCD_DrawCharS                 
000005fd  ClockInitialization_40MHz     
0000073d  LCD_FillRect                  
00000855  InitializeSPI                 
00000949  LCD_OutChar                   
00000ae1  ClockInitialization_4MHz_32MHz
00000b99  InitializeBoosterpack         
00000cdf  __aeabi_idiv0                 
00000df9  LCD_DrawString                
00000e7d  __TI_decompress_lzss          
00000ef9  LCD_DrawPixel                 
00000f69  SPISendByte                   
00000fb1  __aeabi_uidiv                 
00000fb1  __aeabi_uidivmod              
00000ff1  main                          
00001031  __TI_auto_init_nobinit_nopinit
0000106d  ActivatePortAandB             
000010a5  LCD_SetCursor                 
000010d9  ClockDelay_1ms                
00001105  LCD_FillScreen                
00001131  _c_int00_noargs               
00001159  LCD_OutString                 
000011df  __TI_zero_init_nomemset       
000011f5  BP_TurnOffBlueLED             
00001209  BP_TurnOffGreenLED            
0000121d  LCD_SetTextColor              
00001231  TI_memcpy_small               
00001243  __TI_decompress_none          
00001255  BP_TurnOffRedLED              
00001265  ClockDelay                    
00001275  GROUP1_IRQHandler             
00001285  TIMG8_IRQHandler              
00001295  Default_Callback              
000012a3  LCD_Init                      
000012ad  ADC0_IRQHandler               
000012b5  ADC1_IRQHandler               
000012bd  AES_IRQHandler                
000012c5  CANFD0_IRQHandler             
000012cd  DAC0_IRQHandler               
000012d5  DMA_IRQHandler                
000012dd  GROUP0_IRQHandler             
000012e5  I2C0_IRQHandler               
000012ed  I2C1_IRQHandler               
000012f5  RTC_IRQHandler                
000012fd  SPI0_IRQHandler               
00001305  SPI1_IRQHandler               
0000130d  TIMA0_IRQHandler              
00001315  TIMA1_IRQHandler              
0000131d  TIMG0_IRQHandler              
00001325  TIMG12_IRQHandler             
0000132d  TIMG6_IRQHandler              
00001335  TIMG7_IRQHandler              
0000133d  UART0_IRQHandler              
00001345  UART1_IRQHandler              
0000134d  UART2_IRQHandler              
00001355  UART3_IRQHandler              
0000135d  __aeabi_memcpy                
0000135d  __aeabi_memcpy4               
0000135d  __aeabi_memcpy8               
00001365  abort                         
0000136b  Default_Handler               
0000136b  HardFault_Handler             
0000136b  NMI_Handler                   
0000136b  PendSV_Handler                
0000136b  SVC_Handler                   
0000136b  SysTick_Handler               
0000136e  C$$EXIT                       
0000136f  HOSTexit                      
00001373  Reset_Handler                 
00001377  _system_pre_init              
00001998  __TI_Handler_Table_Base       
000019a4  __TI_Handler_Table_Limit      
000019ac  __TI_CINIT_Base               
000019bc  __TI_CINIT_Limit              
000019bc  __TI_CINIT_Warm               
20200000  Group1                        
20200000  __start___llvm_prf_bits       
20200000  __start___llvm_prf_cnts       
20200000  __stop___llvm_prf_bits        
20200000  __stop___llvm_prf_cnts        
20200008  TimerG8                       
20200010  StX                           
20200014  StY                           
20200018  StTextColor                   
20207e00  __stack                       
20208000  __STACK_END                   
ffffffff  __TI_pprof_out_hndl           
ffffffff  __TI_prof_data_size           
ffffffff  __TI_prof_data_start          
ffffffff  __binit__                     
ffffffff  binit                         
UNDEFED   __mpu_init                    
UNDEFED   _system_post_cinit            

[107 symbols]
