******************************************************************************
            TI ARM Clang Linker PC v4.0.3                      
******************************************************************************
>> Linked Wed Nov  5 13:33:16 2025

OUTPUT FILE NAME:   <MKII_ToggleMuticolorLED.out>
ENTRY POINT SYMBOL: "_c_int00_noargs"  address: 000006d5


MEMORY CONFIGURATION

         name            origin    length      used     unused   attr    fill
----------------------  --------  ---------  --------  --------  ----  --------
  FLASH                 00000000   00020000  000008a8  0001f758  R  X
  SRAM                  20200000   00008000  00000210  00007df0  RW X
  BCR_CONFIG            41c00000   000000ff  00000000  000000ff  R   
  BSL_CONFIG            41c00100   00000080  00000000  00000080  R   


SEGMENT ALLOCATION MAP

run origin  load origin   length   init length attrs members
----------  ----------- ---------- ----------- ----- -------
00000000    00000000    000008a8   000008a8    r-x
  00000000    00000000    000000c0   000000c0    r-- .intvecs
  000000c0    000000c0    000007c8   000007c8    r-x .text
  00000888    00000888    00000020   00000020    r-- .cinit
20200000    20200000    00000010   00000000    rw-
  20200000    20200000    00000010   00000000    rw- .data
20207e00    20207e00    00000200   00000000    rw-
  20207e00    20207e00    00000200   00000000    rw- .stack


SECTION ALLOCATION MAP

 output                                  attributes/
section   page    origin      length       input sections
--------  ----  ----------  ----------   ----------------
.intvecs   0    00000000    000000c0     
                  00000000    000000c0     startup_mspm0g350x_ticlang.o (.intvecs)

.text      0    000000c0    000007c8     
                  000000c0    000001ec     clock.o (.text.ClockInitialization_80MHz)
                  000002ac    00000140     clock.o (.text.ClockInitialization_40MHz)
                  000003ec    000000b8     clock.o (.text.ClockInitialization_4MHz_32MHz)
                  000004a4    000000a4     MKII.o (.text.InitializeBoosterpack)
                  00000548    0000007c     libc.a : copy_decompress_lzss.c.obj (.text:decompress:lzss)
                  000005c4    0000004c     main.o (.text.main)
                  00000610    0000003c     libc.a : autoinit.c.obj (.text:__TI_auto_init_nobinit_nopinit)
                  0000064c    00000038     bsp.o (.text.ActivatePortAandB)
                  00000684    00000028     MKII.o (.text.BP_ReadS1)
                  000006ac    00000028     MKII.o (.text.BP_ReadS2)
                  000006d4    00000028     libc.a : boot_cortex_m.c.obj (.text:_c_int00_noargs)
                  000006fc    00000014     MKII.o (.text.BP_TurnOffGreenLED)
                  00000710    00000012     libc.a : memcpy16.S.obj (.text:TI_memcpy_small)
                  00000722    00000012            : copy_decompress_none.c.obj (.text:decompress:none)
                  00000734    00000010     MKII.o (.text.BP_ToggleBlueLED)
                  00000744    00000010     MKII.o (.text.BP_ToggleRedLED)
                  00000754    00000010     MKII.o (.text.BP_TurnOffBlueLED)
                  00000764    00000010     MKII.o (.text.BP_TurnOffRedLED)
                  00000774    00000010     clock.o (.text.ClockDelay)
                  00000784    00000010     mspm0g350x_int.o (.text.GROUP1_IRQHandler)
                  00000794    00000010     mspm0g350x_int.o (.text.TIMG8_IRQHandler)
                  000007a4    0000000e     mspm0g350x_int.o (.text.Default_Callback)
                  000007b2    00000008     mspm0g350x_int.o (.text.ADC0_IRQHandler)
                  000007ba    00000008     mspm0g350x_int.o (.text.ADC1_IRQHandler)
                  000007c2    00000008     mspm0g350x_int.o (.text.AES_IRQHandler)
                  000007ca    00000008     mspm0g350x_int.o (.text.CANFD0_IRQHandler)
                  000007d2    00000008     mspm0g350x_int.o (.text.DAC0_IRQHandler)
                  000007da    00000008     mspm0g350x_int.o (.text.DMA_IRQHandler)
                  000007e2    00000008     mspm0g350x_int.o (.text.GROUP0_IRQHandler)
                  000007ea    00000008     mspm0g350x_int.o (.text.I2C0_IRQHandler)
                  000007f2    00000008     mspm0g350x_int.o (.text.I2C1_IRQHandler)
                  000007fa    00000008     mspm0g350x_int.o (.text.RTC_IRQHandler)
                  00000802    00000008     mspm0g350x_int.o (.text.SPI0_IRQHandler)
                  0000080a    00000008     mspm0g350x_int.o (.text.SPI1_IRQHandler)
                  00000812    00000008     mspm0g350x_int.o (.text.TIMA0_IRQHandler)
                  0000081a    00000008     mspm0g350x_int.o (.text.TIMA1_IRQHandler)
                  00000822    00000008     mspm0g350x_int.o (.text.TIMG0_IRQHandler)
                  0000082a    00000008     mspm0g350x_int.o (.text.TIMG12_IRQHandler)
                  00000832    00000008     mspm0g350x_int.o (.text.TIMG6_IRQHandler)
                  0000083a    00000008     mspm0g350x_int.o (.text.TIMG7_IRQHandler)
                  00000842    00000008     mspm0g350x_int.o (.text.UART0_IRQHandler)
                  0000084a    00000008     mspm0g350x_int.o (.text.UART1_IRQHandler)
                  00000852    00000008     mspm0g350x_int.o (.text.UART2_IRQHandler)
                  0000085a    00000008     mspm0g350x_int.o (.text.UART3_IRQHandler)
                  00000862    00000002     --HOLE-- [fill = 0]
                  00000864    00000008     libclang_rt.builtins.a : aeabi_memcpy.S.obj (.text.__aeabi_memcpy)
                  0000086c    00000006     libc.a : exit.c.obj (.text:abort)
                  00000872    00000004     startup_mspm0g350x_ticlang.o (.text.Default_Handler)
                  00000876    00000004     libsysbm.a : hostexit.c.obj (.text.HOSTexit)
                  0000087a    00000004     startup_mspm0g350x_ticlang.o (.text.Reset_Handler)
                  0000087e    00000004     libc.a : pre_init.c.obj (.text._system_pre_init)
                  00000882    00000006     --HOLE-- [fill = 0]

.cinit     0    00000888    00000020     
                  00000888    0000000d     (.cinit..data.load) [load image, compression = lzss]
                  00000895    00000003     --HOLE-- [fill = 0]
                  00000898    00000008     (__TI_handler_table)
                  000008a0    00000008     (__TI_cinit_table)

.init_array 
*          0    00000000    00000000     UNINITIALIZED

.binit     0    00000000    00000000     

.data      0    20200000    00000010     UNINITIALIZED
                  20200000    00000008     mspm0g350x_int.o (.data.Group1)
                  20200008    00000008     mspm0g350x_int.o (.data.TimerG8)

.stack     0    20207e00    00000200     UNINITIALIZED
                  20207e00    00000004     libc.a : boot_cortex_m.c.obj (.stack)
                  20207e04    000001fc     --HOLE--

__llvm_prf_cnts 
*          0    20200000    00000000     UNINITIALIZED

__llvm_prf_bits 
*          0    20200000    00000000     UNINITIALIZED

MODULE SUMMARY

       Module                         code   ro data   rw data
       ------                         ----   -------   -------
    .\
       startup_mspm0g350x_ticlang.o   8      192       0      
       main.o                         76     0         0      
    +--+------------------------------+------+---------+---------+
       Total:                         84     192       0      
                                                              
    .\LP_MSPM0G3507\
       clock.o                        1012   0         0      
       MKII.o                         328    0         0      
       mspm0g350x_int.o               222    0         16     
       bsp.o                          56     0         0      
    +--+------------------------------+------+---------+---------+
       Total:                         1618   0         16     
                                                              
    C:\ti\ccs2020\ccs\tools\compiler\ti-cgt-armllvm_4.0.3.LTS\lib\armv6m-ti-none-eabi/c/libc.a
       copy_decompress_lzss.c.obj     124    0         0      
       autoinit.c.obj                 60     0         0      
       boot_cortex_m.c.obj            40     0         0      
       copy_decompress_none.c.obj     18     0         0      
       memcpy16.S.obj                 18     0         0      
       exit.c.obj                     6      0         0      
       pre_init.c.obj                 4      0         0      
    +--+------------------------------+------+---------+---------+
       Total:                         270    0         0      
                                                              
    C:\ti\ccs2020\ccs\tools\compiler\ti-cgt-armllvm_4.0.3.LTS\lib\armv6m-ti-none-eabi/c/libsysbm.a
       hostexit.c.obj                 4      0         0      
    +--+------------------------------+------+---------+---------+
       Total:                         4      0         0      
                                                              
    C:\ti\ccs2020\ccs\tools\compiler\ti-cgt-armllvm_4.0.3.LTS\lib\armv6m-ti-none-eabi/libclang_rt.builtins.a
       aeabi_memcpy.S.obj             8      0         0      
    +--+------------------------------+------+---------+---------+
       Total:                         8      0         0      
                                                              
       Stack:                         0      0         512    
       Linker Generated:              0      29        0      
    +--+------------------------------+------+---------+---------+
       Grand Total:                   1984   221       528    


LINKER GENERATED COPY TABLES

__TI_cinit_table @ 000008a0 records: 1, size/record: 8, table size: 8
	.data: load addr=00000888, load size=0000000d bytes, run addr=20200000, run size=00000010 bytes, compression=lzss


LINKER GENERATED HANDLER TABLE

__TI_handler_table @ 00000898 records: 2, size/record: 4, table size: 8
	index: 0, handler: __TI_decompress_lzss
	index: 1, handler: __TI_decompress_none


GLOBAL SYMBOLS: SORTED ALPHABETICALLY BY Name 

address   name                          
-------   ----                          
000007b3  ADC0_IRQHandler               
000007bb  ADC1_IRQHandler               
000007c3  AES_IRQHandler                
0000064d  ActivatePortAandB             
00000685  BP_ReadS1                     
000006ad  BP_ReadS2                     
00000735  BP_ToggleBlueLED              
00000745  BP_ToggleRedLED               
00000755  BP_TurnOffBlueLED             
000006fd  BP_TurnOffGreenLED            
00000765  BP_TurnOffRedLED              
00000876  C$$EXIT                       
000007cb  CANFD0_IRQHandler             
00000775  ClockDelay                    
000002ad  ClockInitialization_40MHz     
000003ed  ClockInitialization_4MHz_32MHz
000000c1  ClockInitialization_80MHz     
000007d3  DAC0_IRQHandler               
000007db  DMA_IRQHandler                
000007a5  Default_Callback              
00000873  Default_Handler               
000007e3  GROUP0_IRQHandler             
00000785  GROUP1_IRQHandler             
20200000  Group1                        
00000877  HOSTexit                      
00000873  HardFault_Handler             
000007eb  I2C0_IRQHandler               
000007f3  I2C1_IRQHandler               
000004a5  InitializeBoosterpack         
00000873  NMI_Handler                   
00000873  PendSV_Handler                
000007fb  RTC_IRQHandler                
0000087b  Reset_Handler                 
00000803  SPI0_IRQHandler               
0000080b  SPI1_IRQHandler               
00000873  SVC_Handler                   
00000873  SysTick_Handler               
00000813  TIMA0_IRQHandler              
0000081b  TIMA1_IRQHandler              
00000823  TIMG0_IRQHandler              
0000082b  TIMG12_IRQHandler             
00000833  TIMG6_IRQHandler              
0000083b  TIMG7_IRQHandler              
00000795  TIMG8_IRQHandler              
00000711  TI_memcpy_small               
20200008  TimerG8                       
00000843  UART0_IRQHandler              
0000084b  UART1_IRQHandler              
00000853  UART2_IRQHandler              
0000085b  UART3_IRQHandler              
20208000  __STACK_END                   
00000200  __STACK_SIZE                  
00000000  __TI_ATRegion0_region_sz      
00000000  __TI_ATRegion0_src_addr       
00000000  __TI_ATRegion0_trg_addr       
00000000  __TI_ATRegion1_region_sz      
00000000  __TI_ATRegion1_src_addr       
00000000  __TI_ATRegion1_trg_addr       
00000000  __TI_ATRegion2_region_sz      
00000000  __TI_ATRegion2_src_addr       
00000000  __TI_ATRegion2_trg_addr       
000008a0  __TI_CINIT_Base               
000008a8  __TI_CINIT_Limit              
000008a8  __TI_CINIT_Warm               
00000898  __TI_Handler_Table_Base       
000008a0  __TI_Handler_Table_Limit      
00000611  __TI_auto_init_nobinit_nopinit
00000549  __TI_decompress_lzss          
00000723  __TI_decompress_none          
ffffffff  __TI_pprof_out_hndl           
ffffffff  __TI_prof_data_size           
ffffffff  __TI_prof_data_start          
00000000  __TI_static_base__            
00000865  __aeabi_memcpy                
00000865  __aeabi_memcpy4               
00000865  __aeabi_memcpy8               
ffffffff  __binit__                     
UNDEFED   __mpu_init                    
20207e00  __stack                       
20200000  __start___llvm_prf_bits       
20200000  __start___llvm_prf_cnts       
20200000  __stop___llvm_prf_bits        
20200000  __stop___llvm_prf_cnts        
000006d5  _c_int00_noargs               
UNDEFED   _system_post_cinit            
0000087f  _system_pre_init              
0000086d  abort                         
ffffffff  binit                         
00000000  interruptVectors              
000005c5  main                          


GLOBAL SYMBOLS: SORTED BY Symbol Address 

address   name                          
-------   ----                          
00000000  __TI_ATRegion0_region_sz      
00000000  __TI_ATRegion0_src_addr       
00000000  __TI_ATRegion0_trg_addr       
00000000  __TI_ATRegion1_region_sz      
00000000  __TI_ATRegion1_src_addr       
00000000  __TI_ATRegion1_trg_addr       
00000000  __TI_ATRegion2_region_sz      
00000000  __TI_ATRegion2_src_addr       
00000000  __TI_ATRegion2_trg_addr       
00000000  __TI_static_base__            
00000000  interruptVectors              
000000c1  ClockInitialization_80MHz     
00000200  __STACK_SIZE                  
000002ad  ClockInitialization_40MHz     
000003ed  ClockInitialization_4MHz_32MHz
000004a5  InitializeBoosterpack         
00000549  __TI_decompress_lzss          
000005c5  main                          
00000611  __TI_auto_init_nobinit_nopinit
0000064d  ActivatePortAandB             
00000685  BP_ReadS1                     
000006ad  BP_ReadS2                     
000006d5  _c_int00_noargs               
000006fd  BP_TurnOffGreenLED            
00000711  TI_memcpy_small               
00000723  __TI_decompress_none          
00000735  BP_ToggleBlueLED              
00000745  BP_ToggleRedLED               
00000755  BP_TurnOffBlueLED             
00000765  BP_TurnOffRedLED              
00000775  ClockDelay                    
00000785  GROUP1_IRQHandler             
00000795  TIMG8_IRQHandler              
000007a5  Default_Callback              
000007b3  ADC0_IRQHandler               
000007bb  ADC1_IRQHandler               
000007c3  AES_IRQHandler                
000007cb  CANFD0_IRQHandler             
000007d3  DAC0_IRQHandler               
000007db  DMA_IRQHandler                
000007e3  GROUP0_IRQHandler             
000007eb  I2C0_IRQHandler               
000007f3  I2C1_IRQHandler               
000007fb  RTC_IRQHandler                
00000803  SPI0_IRQHandler               
0000080b  SPI1_IRQHandler               
00000813  TIMA0_IRQHandler              
0000081b  TIMA1_IRQHandler              
00000823  TIMG0_IRQHandler              
0000082b  TIMG12_IRQHandler             
00000833  TIMG6_IRQHandler              
0000083b  TIMG7_IRQHandler              
00000843  UART0_IRQHandler              
0000084b  UART1_IRQHandler              
00000853  UART2_IRQHandler              
0000085b  UART3_IRQHandler              
00000865  __aeabi_memcpy                
00000865  __aeabi_memcpy4               
00000865  __aeabi_memcpy8               
0000086d  abort                         
00000873  Default_Handler               
00000873  HardFault_Handler             
00000873  NMI_Handler                   
00000873  PendSV_Handler                
00000873  SVC_Handler                   
00000873  SysTick_Handler               
00000876  C$$EXIT                       
00000877  HOSTexit                      
0000087b  Reset_Handler                 
0000087f  _system_pre_init              
00000898  __TI_Handler_Table_Base       
000008a0  __TI_CINIT_Base               
000008a0  __TI_Handler_Table_Limit      
000008a8  __TI_CINIT_Limit              
000008a8  __TI_CINIT_Warm               
20200000  Group1                        
20200000  __start___llvm_prf_bits       
20200000  __start___llvm_prf_cnts       
20200000  __stop___llvm_prf_bits        
20200000  __stop___llvm_prf_cnts        
20200008  TimerG8                       
20207e00  __stack                       
20208000  __STACK_END                   
ffffffff  __TI_pprof_out_hndl           
ffffffff  __TI_prof_data_size           
ffffffff  __TI_prof_data_start          
ffffffff  __binit__                     
ffffffff  binit                         
UNDEFED   __mpu_init                    
UNDEFED   _system_post_cinit            

[90 symbols]
