******************************************************************************
            TI ARM Clang Linker PC v4.0.3                      
******************************************************************************
>> Linked Wed Nov  5 15:06:57 2025

OUTPUT FILE NAME:   <MKII_ToggleMuticolorLED.out>
ENTRY POINT SYMBOL: "_c_int00_noargs"  address: 00000705


MEMORY CONFIGURATION

         name            origin    length      used     unused   attr    fill
----------------------  --------  ---------  --------  --------  ----  --------
  FLASH                 00000000   00020000  000008e0  0001f720  R  X
  SRAM                  20200000   00008000  00000210  00007df0  RW X
  BCR_CONFIG            41c00000   000000ff  00000000  000000ff  R   
  BSL_CONFIG            41c00100   00000080  00000000  00000080  R   


SEGMENT ALLOCATION MAP

run origin  load origin   length   init length attrs members
----------  ----------- ---------- ----------- ----- -------
00000000    00000000    000008e0   000008e0    r-x
  00000000    00000000    000000c0   000000c0    r-- .intvecs
  000000c0    000000c0    00000800   00000800    r-x .text
  000008c0    000008c0    00000020   00000020    r-- .cinit
20200000    20200000    00000010   00000000    rw-
  20200000    20200000    00000010   00000000    rw- .data
20207e00    20207e00    00000200   00000000    rw-
  20207e00    20207e00    00000200   00000000    rw- .stack


SECTION ALLOCATION MAP

 output                                  attributes/
section   page    origin      length       input sections
--------  ----  ----------  ----------   ----------------
.intvecs   0    00000000    000000c0     
                  00000000    000000c0     startup_mspm0g350x_ticlang.o (.intvecs)

.text      0    000000c0    00000800     
                  000000c0    000001ec     clock.o (.text.ClockInitialization_80MHz)
                  000002ac    00000140     clock.o (.text.ClockInitialization_40MHz)
                  000003ec    000000b8     clock.o (.text.ClockInitialization_4MHz_32MHz)
                  000004a4    000000a4     MKII.o (.text.InitializeBoosterpack)
                  00000548    0000007c     main.o (.text.main)
                  000005c4    0000007c     libc.a : copy_decompress_lzss.c.obj (.text:decompress:lzss)
                  00000640    0000003c            : autoinit.c.obj (.text:__TI_auto_init_nobinit_nopinit)
                  0000067c    00000038     bsp.o (.text.ActivatePortAandB)
                  000006b4    00000028     MKII.o (.text.BP_ReadS1)
                  000006dc    00000028     MKII.o (.text.BP_ReadS2)
                  00000704    00000028     libc.a : boot_cortex_m.c.obj (.text:_c_int00_noargs)
                  0000072c    00000014     MKII.o (.text.BP_ToggleBlueLED)
                  00000740    00000014     MKII.o (.text.BP_TurnOffBlueLED)
                  00000754    00000014     MKII.o (.text.BP_TurnOffGreenLED)
                  00000768    00000012     libc.a : memcpy16.S.obj (.text:TI_memcpy_small)
                  0000077a    00000012            : copy_decompress_none.c.obj (.text:decompress:none)
                  0000078c    00000010     MKII.o (.text.BP_ToggleRedLED)
                  0000079c    00000010     MKII.o (.text.BP_TurnOffRedLED)
                  000007ac    00000010     clock.o (.text.ClockDelay)
                  000007bc    00000010     mspm0g350x_int.o (.text.GROUP1_IRQHandler)
                  000007cc    00000010     mspm0g350x_int.o (.text.TIMG8_IRQHandler)
                  000007dc    0000000e     mspm0g350x_int.o (.text.Default_Callback)
                  000007ea    00000008     mspm0g350x_int.o (.text.ADC0_IRQHandler)
                  000007f2    00000008     mspm0g350x_int.o (.text.ADC1_IRQHandler)
                  000007fa    00000008     mspm0g350x_int.o (.text.AES_IRQHandler)
                  00000802    00000008     mspm0g350x_int.o (.text.CANFD0_IRQHandler)
                  0000080a    00000008     mspm0g350x_int.o (.text.DAC0_IRQHandler)
                  00000812    00000008     mspm0g350x_int.o (.text.DMA_IRQHandler)
                  0000081a    00000008     mspm0g350x_int.o (.text.GROUP0_IRQHandler)
                  00000822    00000008     mspm0g350x_int.o (.text.I2C0_IRQHandler)
                  0000082a    00000008     mspm0g350x_int.o (.text.I2C1_IRQHandler)
                  00000832    00000008     mspm0g350x_int.o (.text.RTC_IRQHandler)
                  0000083a    00000008     mspm0g350x_int.o (.text.SPI0_IRQHandler)
                  00000842    00000008     mspm0g350x_int.o (.text.SPI1_IRQHandler)
                  0000084a    00000008     mspm0g350x_int.o (.text.TIMA0_IRQHandler)
                  00000852    00000008     mspm0g350x_int.o (.text.TIMA1_IRQHandler)
                  0000085a    00000008     mspm0g350x_int.o (.text.TIMG0_IRQHandler)
                  00000862    00000008     mspm0g350x_int.o (.text.TIMG12_IRQHandler)
                  0000086a    00000008     mspm0g350x_int.o (.text.TIMG6_IRQHandler)
                  00000872    00000008     mspm0g350x_int.o (.text.TIMG7_IRQHandler)
                  0000087a    00000008     mspm0g350x_int.o (.text.UART0_IRQHandler)
                  00000882    00000008     mspm0g350x_int.o (.text.UART1_IRQHandler)
                  0000088a    00000008     mspm0g350x_int.o (.text.UART2_IRQHandler)
                  00000892    00000008     mspm0g350x_int.o (.text.UART3_IRQHandler)
                  0000089a    00000002     --HOLE-- [fill = 0]
                  0000089c    00000008     libclang_rt.builtins.a : aeabi_memcpy.S.obj (.text.__aeabi_memcpy)
                  000008a4    00000006     libc.a : exit.c.obj (.text:abort)
                  000008aa    00000004     startup_mspm0g350x_ticlang.o (.text.Default_Handler)
                  000008ae    00000004     libsysbm.a : hostexit.c.obj (.text.HOSTexit)
                  000008b2    00000004     startup_mspm0g350x_ticlang.o (.text.Reset_Handler)
                  000008b6    00000004     libc.a : pre_init.c.obj (.text._system_pre_init)
                  000008ba    00000006     --HOLE-- [fill = 0]

.cinit     0    000008c0    00000020     
                  000008c0    0000000d     (.cinit..data.load) [load image, compression = lzss]
                  000008cd    00000003     --HOLE-- [fill = 0]
                  000008d0    00000008     (__TI_handler_table)
                  000008d8    00000008     (__TI_cinit_table)

.init_array 
*          0    00000000    00000000     UNINITIALIZED

.binit     0    00000000    00000000     

.data      0    20200000    00000010     UNINITIALIZED
                  20200000    00000008     mspm0g350x_int.o (.data.Group1)
                  20200008    00000008     mspm0g350x_int.o (.data.TimerG8)

.stack     0    20207e00    00000200     UNINITIALIZED
                  20207e00    00000004     libc.a : boot_cortex_m.c.obj (.stack)
                  20207e04    000001fc     --HOLE--

__llvm_prf_cnts 
*          0    20200000    00000000     UNINITIALIZED

__llvm_prf_bits 
*          0    20200000    00000000     UNINITIALIZED

MODULE SUMMARY

       Module                         code   ro data   rw data
       ------                         ----   -------   -------
    .\
       startup_mspm0g350x_ticlang.o   8      192       0      
       main.o                         124    0         0      
    +--+------------------------------+------+---------+---------+
       Total:                         132    192       0      
                                                              
    .\LP_MSPM0G3507\
       clock.o                        1012   0         0      
       MKII.o                         336    0         0      
       mspm0g350x_int.o               222    0         16     
       bsp.o                          56     0         0      
    +--+------------------------------+------+---------+---------+
       Total:                         1626   0         16     
                                                              
    C:\Users\amosa\ti\ccs2020\ccs\tools\compiler\ti-cgt-armllvm_4.0.3.LTS\lib\armv6m-ti-none-eabi/c/libc.a
       copy_decompress_lzss.c.obj     124    0         0      
       autoinit.c.obj                 60     0         0      
       boot_cortex_m.c.obj            40     0         0      
       copy_decompress_none.c.obj     18     0         0      
       memcpy16.S.obj                 18     0         0      
       exit.c.obj                     6      0         0      
       pre_init.c.obj                 4      0         0      
    +--+------------------------------+------+---------+---------+
       Total:                         270    0         0      
                                                              
    C:\Users\amosa\ti\ccs2020\ccs\tools\compiler\ti-cgt-armllvm_4.0.3.LTS\lib\armv6m-ti-none-eabi/c/libsysbm.a
       hostexit.c.obj                 4      0         0      
    +--+------------------------------+------+---------+---------+
       Total:                         4      0         0      
                                                              
    C:\Users\amosa\ti\ccs2020\ccs\tools\compiler\ti-cgt-armllvm_4.0.3.LTS\lib\armv6m-ti-none-eabi/libclang_rt.builtins.a
       aeabi_memcpy.S.obj             8      0         0      
    +--+------------------------------+------+---------+---------+
       Total:                         8      0         0      
                                                              
       Stack:                         0      0         512    
       Linker Generated:              0      29        0      
    +--+------------------------------+------+---------+---------+
       Grand Total:                   2040   221       528    


LINKER GENERATED COPY TABLES

__TI_cinit_table @ 000008d8 records: 1, size/record: 8, table size: 8
	.data: load addr=000008c0, load size=0000000d bytes, run addr=20200000, run size=00000010 bytes, compression=lzss


LINKER GENERATED HANDLER TABLE

__TI_handler_table @ 000008d0 records: 2, size/record: 4, table size: 8
	index: 0, handler: __TI_decompress_lzss
	index: 1, handler: __TI_decompress_none


GLOBAL SYMBOLS: SORTED ALPHABETICALLY BY Name 

address   name                          
-------   ----                          
000007eb  ADC0_IRQHandler               
000007f3  ADC1_IRQHandler               
000007fb  AES_IRQHandler                
0000067d  ActivatePortAandB             
000006b5  BP_ReadS1                     
000006dd  BP_ReadS2                     
0000072d  BP_ToggleBlueLED              
0000078d  BP_ToggleRedLED               
00000741  BP_TurnOffBlueLED             
00000755  BP_TurnOffGreenLED            
0000079d  BP_TurnOffRedLED              
000008ae  C$$EXIT                       
00000803  CANFD0_IRQHandler             
000007ad  ClockDelay                    
000002ad  ClockInitialization_40MHz     
000003ed  ClockInitialization_4MHz_32MHz
000000c1  ClockInitialization_80MHz     
0000080b  DAC0_IRQHandler               
00000813  DMA_IRQHandler                
000007dd  Default_Callback              
000008ab  Default_Handler               
0000081b  GROUP0_IRQHandler             
000007bd  GROUP1_IRQHandler             
20200000  Group1                        
000008af  HOSTexit                      
000008ab  HardFault_Handler             
00000823  I2C0_IRQHandler               
0000082b  I2C1_IRQHandler               
000004a5  InitializeBoosterpack         
000008ab  NMI_Handler                   
000008ab  PendSV_Handler                
00000833  RTC_IRQHandler                
000008b3  Reset_Handler                 
0000083b  SPI0_IRQHandler               
00000843  SPI1_IRQHandler               
000008ab  SVC_Handler                   
000008ab  SysTick_Handler               
0000084b  TIMA0_IRQHandler              
00000853  TIMA1_IRQHandler              
0000085b  TIMG0_IRQHandler              
00000863  TIMG12_IRQHandler             
0000086b  TIMG6_IRQHandler              
00000873  TIMG7_IRQHandler              
000007cd  TIMG8_IRQHandler              
00000769  TI_memcpy_small               
20200008  TimerG8                       
0000087b  UART0_IRQHandler              
00000883  UART1_IRQHandler              
0000088b  UART2_IRQHandler              
00000893  UART3_IRQHandler              
20208000  __STACK_END                   
00000200  __STACK_SIZE                  
00000000  __TI_ATRegion0_region_sz      
00000000  __TI_ATRegion0_src_addr       
00000000  __TI_ATRegion0_trg_addr       
00000000  __TI_ATRegion1_region_sz      
00000000  __TI_ATRegion1_src_addr       
00000000  __TI_ATRegion1_trg_addr       
00000000  __TI_ATRegion2_region_sz      
00000000  __TI_ATRegion2_src_addr       
00000000  __TI_ATRegion2_trg_addr       
000008d8  __TI_CINIT_Base               
000008e0  __TI_CINIT_Limit              
000008e0  __TI_CINIT_Warm               
000008d0  __TI_Handler_Table_Base       
000008d8  __TI_Handler_Table_Limit      
00000641  __TI_auto_init_nobinit_nopinit
000005c5  __TI_decompress_lzss          
0000077b  __TI_decompress_none          
ffffffff  __TI_pprof_out_hndl           
ffffffff  __TI_prof_data_size           
ffffffff  __TI_prof_data_start          
00000000  __TI_static_base__            
0000089d  __aeabi_memcpy                
0000089d  __aeabi_memcpy4               
0000089d  __aeabi_memcpy8               
ffffffff  __binit__                     
UNDEFED   __mpu_init                    
20207e00  __stack                       
20200000  __start___llvm_prf_bits       
20200000  __start___llvm_prf_cnts       
20200000  __stop___llvm_prf_bits        
20200000  __stop___llvm_prf_cnts        
00000705  _c_int00_noargs               
UNDEFED   _system_post_cinit            
000008b7  _system_pre_init              
000008a5  abort                         
ffffffff  binit                         
00000000  interruptVectors              
00000549  main                          


GLOBAL SYMBOLS: SORTED BY Symbol Address 

address   name                          
-------   ----                          
00000000  __TI_ATRegion0_region_sz      
00000000  __TI_ATRegion0_src_addr       
00000000  __TI_ATRegion0_trg_addr       
00000000  __TI_ATRegion1_region_sz      
00000000  __TI_ATRegion1_src_addr       
00000000  __TI_ATRegion1_trg_addr       
00000000  __TI_ATRegion2_region_sz      
00000000  __TI_ATRegion2_src_addr       
00000000  __TI_ATRegion2_trg_addr       
00000000  __TI_static_base__            
00000000  interruptVectors              
000000c1  ClockInitialization_80MHz     
00000200  __STACK_SIZE                  
000002ad  ClockInitialization_40MHz     
000003ed  ClockInitialization_4MHz_32MHz
000004a5  InitializeBoosterpack         
00000549  main                          
000005c5  __TI_decompress_lzss          
00000641  __TI_auto_init_nobinit_nopinit
0000067d  ActivatePortAandB             
000006b5  BP_ReadS1                     
000006dd  BP_ReadS2                     
00000705  _c_int00_noargs               
0000072d  BP_ToggleBlueLED              
00000741  BP_TurnOffBlueLED             
00000755  BP_TurnOffGreenLED            
00000769  TI_memcpy_small               
0000077b  __TI_decompress_none          
0000078d  BP_ToggleRedLED               
0000079d  BP_TurnOffRedLED              
000007ad  ClockDelay                    
000007bd  GROUP1_IRQHandler             
000007cd  TIMG8_IRQHandler              
000007dd  Default_Callback              
000007eb  ADC0_IRQHandler               
000007f3  ADC1_IRQHandler               
000007fb  AES_IRQHandler                
00000803  CANFD0_IRQHandler             
0000080b  DAC0_IRQHandler               
00000813  DMA_IRQHandler                
0000081b  GROUP0_IRQHandler             
00000823  I2C0_IRQHandler               
0000082b  I2C1_IRQHandler               
00000833  RTC_IRQHandler                
0000083b  SPI0_IRQHandler               
00000843  SPI1_IRQHandler               
0000084b  TIMA0_IRQHandler              
00000853  TIMA1_IRQHandler              
0000085b  TIMG0_IRQHandler              
00000863  TIMG12_IRQHandler             
0000086b  TIMG6_IRQHandler              
00000873  TIMG7_IRQHandler              
0000087b  UART0_IRQHandler              
00000883  UART1_IRQHandler              
0000088b  UART2_IRQHandler              
00000893  UART3_IRQHandler              
0000089d  __aeabi_memcpy                
0000089d  __aeabi_memcpy4               
0000089d  __aeabi_memcpy8               
000008a5  abort                         
000008ab  Default_Handler               
000008ab  HardFault_Handler             
000008ab  NMI_Handler                   
000008ab  PendSV_Handler                
000008ab  SVC_Handler                   
000008ab  SysTick_Handler               
000008ae  C$$EXIT                       
000008af  HOSTexit                      
000008b3  Reset_Handler                 
000008b7  _system_pre_init              
000008d0  __TI_Handler_Table_Base       
000008d8  __TI_CINIT_Base               
000008d8  __TI_Handler_Table_Limit      
000008e0  __TI_CINIT_Limit              
000008e0  __TI_CINIT_Warm               
20200000  Group1                        
20200000  __start___llvm_prf_bits       
20200000  __start___llvm_prf_cnts       
20200000  __stop___llvm_prf_bits        
20200000  __stop___llvm_prf_cnts        
20200008  TimerG8                       
20207e00  __stack                       
20208000  __STACK_END                   
ffffffff  __TI_pprof_out_hndl           
ffffffff  __TI_prof_data_size           
ffffffff  __TI_prof_data_start          
ffffffff  __binit__                     
ffffffff  binit                         
UNDEFED   __mpu_init                    
UNDEFED   _system_post_cinit            

[90 symbols]
